Archive member included to satisfy reference by file (symbol)

c:/stm32/gcc-arm-none-eabi/bin/../lib/gcc/arm-none-eabi/7.3.1/../../../../arm-none-eabi/lib/thumb/v7e-m/fpv5/hard\libc.a(lib_a-exit.o)
                              c:/stm32/gcc-arm-none-eabi/bin/../lib/gcc/arm-none-eabi/7.3.1/../../../../arm-none-eabi/lib/thumb/v7e-m/fpv5/hard/crt0.o (exit)
c:/stm32/gcc-arm-none-eabi/bin/../lib/gcc/arm-none-eabi/7.3.1/../../../../arm-none-eabi/lib/thumb/v7e-m/fpv5/hard\libc.a(lib_a-impure.o)
                              c:/stm32/gcc-arm-none-eabi/bin/../lib/gcc/arm-none-eabi/7.3.1/../../../../arm-none-eabi/lib/thumb/v7e-m/fpv5/hard\libc.a(lib_a-exit.o) (_global_impure_ptr)
c:/stm32/gcc-arm-none-eabi/bin/../lib/gcc/arm-none-eabi/7.3.1/../../../../arm-none-eabi/lib/thumb/v7e-m/fpv5/hard\libc.a(lib_a-init.o)
                              c:/stm32/gcc-arm-none-eabi/bin/../lib/gcc/arm-none-eabi/7.3.1/../../../../arm-none-eabi/lib/thumb/v7e-m/fpv5/hard/crt0.o (__libc_init_array)
c:/stm32/gcc-arm-none-eabi/bin/../lib/gcc/arm-none-eabi/7.3.1/../../../../arm-none-eabi/lib/thumb/v7e-m/fpv5/hard\libc.a(lib_a-malloc.o)
                              build/usbd_cdc.o (malloc)
c:/stm32/gcc-arm-none-eabi/bin/../lib/gcc/arm-none-eabi/7.3.1/../../../../arm-none-eabi/lib/thumb/v7e-m/fpv5/hard\libc.a(lib_a-mallocr.o)
                              c:/stm32/gcc-arm-none-eabi/bin/../lib/gcc/arm-none-eabi/7.3.1/../../../../arm-none-eabi/lib/thumb/v7e-m/fpv5/hard\libc.a(lib_a-malloc.o) (_malloc_r)
c:/stm32/gcc-arm-none-eabi/bin/../lib/gcc/arm-none-eabi/7.3.1/../../../../arm-none-eabi/lib/thumb/v7e-m/fpv5/hard\libc.a(lib_a-memcpy.o)
                              build/queue.o (memcpy)
c:/stm32/gcc-arm-none-eabi/bin/../lib/gcc/arm-none-eabi/7.3.1/../../../../arm-none-eabi/lib/thumb/v7e-m/fpv5/hard\libc.a(lib_a-memset.o)
                              c:/stm32/gcc-arm-none-eabi/bin/../lib/gcc/arm-none-eabi/7.3.1/../../../../arm-none-eabi/lib/thumb/v7e-m/fpv5/hard/crt0.o (memset)
c:/stm32/gcc-arm-none-eabi/bin/../lib/gcc/arm-none-eabi/7.3.1/../../../../arm-none-eabi/lib/thumb/v7e-m/fpv5/hard\libc.a(lib_a-mlock.o)
                              c:/stm32/gcc-arm-none-eabi/bin/../lib/gcc/arm-none-eabi/7.3.1/../../../../arm-none-eabi/lib/thumb/v7e-m/fpv5/hard\libc.a(lib_a-mallocr.o) (__malloc_lock)
c:/stm32/gcc-arm-none-eabi/bin/../lib/gcc/arm-none-eabi/7.3.1/../../../../arm-none-eabi/lib/thumb/v7e-m/fpv5/hard\libc.a(lib_a-puts.o)
                              build/fakeLib.o (puts)
c:/stm32/gcc-arm-none-eabi/bin/../lib/gcc/arm-none-eabi/7.3.1/../../../../arm-none-eabi/lib/thumb/v7e-m/fpv5/hard\libc.a(lib_a-sbrkr.o)
                              c:/stm32/gcc-arm-none-eabi/bin/../lib/gcc/arm-none-eabi/7.3.1/../../../../arm-none-eabi/lib/thumb/v7e-m/fpv5/hard\libc.a(lib_a-mallocr.o) (_sbrk_r)
c:/stm32/gcc-arm-none-eabi/bin/../lib/gcc/arm-none-eabi/7.3.1/../../../../arm-none-eabi/lib/thumb/v7e-m/fpv5/hard\libc.a(lib_a-strlen.o)
                              c:/stm32/gcc-arm-none-eabi/bin/../lib/gcc/arm-none-eabi/7.3.1/../../../../arm-none-eabi/lib/thumb/v7e-m/fpv5/hard\libc.a(lib_a-puts.o) (strlen)
c:/stm32/gcc-arm-none-eabi/bin/../lib/gcc/arm-none-eabi/7.3.1/../../../../arm-none-eabi/lib/thumb/v7e-m/fpv5/hard\libc.a(lib_a-__call_atexit.o)
                              c:/stm32/gcc-arm-none-eabi/bin/../lib/gcc/arm-none-eabi/7.3.1/../../../../arm-none-eabi/lib/thumb/v7e-m/fpv5/hard\libc.a(lib_a-exit.o) (__call_exitprocs)
c:/stm32/gcc-arm-none-eabi/bin/../lib/gcc/arm-none-eabi/7.3.1/../../../../arm-none-eabi/lib/thumb/v7e-m/fpv5/hard\libc.a(lib_a-atexit.o)
                              c:/stm32/gcc-arm-none-eabi/bin/../lib/gcc/arm-none-eabi/7.3.1/../../../../arm-none-eabi/lib/thumb/v7e-m/fpv5/hard\libc.a(lib_a-__call_atexit.o) (atexit)
c:/stm32/gcc-arm-none-eabi/bin/../lib/gcc/arm-none-eabi/7.3.1/../../../../arm-none-eabi/lib/thumb/v7e-m/fpv5/hard\libc.a(lib_a-findfp.o)
                              c:/stm32/gcc-arm-none-eabi/bin/../lib/gcc/arm-none-eabi/7.3.1/../../../../arm-none-eabi/lib/thumb/v7e-m/fpv5/hard\libc.a(lib_a-puts.o) (__sinit)
c:/stm32/gcc-arm-none-eabi/bin/../lib/gcc/arm-none-eabi/7.3.1/../../../../arm-none-eabi/lib/thumb/v7e-m/fpv5/hard\libc.a(lib_a-fini.o)
                              c:/stm32/gcc-arm-none-eabi/bin/../lib/gcc/arm-none-eabi/7.3.1/../../../../arm-none-eabi/lib/thumb/v7e-m/fpv5/hard\libc.a(lib_a-__call_atexit.o) (__libc_fini_array)
c:/stm32/gcc-arm-none-eabi/bin/../lib/gcc/arm-none-eabi/7.3.1/../../../../arm-none-eabi/lib/thumb/v7e-m/fpv5/hard\libc.a(lib_a-freer.o)
                              c:/stm32/gcc-arm-none-eabi/bin/../lib/gcc/arm-none-eabi/7.3.1/../../../../arm-none-eabi/lib/thumb/v7e-m/fpv5/hard\libc.a(lib_a-malloc.o) (_free_r)
c:/stm32/gcc-arm-none-eabi/bin/../lib/gcc/arm-none-eabi/7.3.1/../../../../arm-none-eabi/lib/thumb/v7e-m/fpv5/hard\libc.a(lib_a-fvwrite.o)
[...]
Memory Configuration

Name             Origin             Length             Attributes
RAM              0x20000000         0x00080000         xrw
FLASH            0x08000000         0x00200000         xr
*default*        0x00000000         0xffffffff

Linker script and memory map

LOAD c:/stm32/gcc-arm-none-eabi/bin/../lib/gcc/arm-none-eabi/7.3.1/thumb/v7e-m/fpv5/hard/crti.o
LOAD c:/stm32/gcc-arm-none-eabi/bin/../lib/gcc/arm-none-eabi/7.3.1/thumb/v7e-m/fpv5/hard/crtbegin.o
LOAD c:/stm32/gcc-arm-none-eabi/bin/../lib/gcc/arm-none-eabi/7.3.1/../../../../arm-none-eabi/lib/thumb/v7e-m/fpv5/hard/crt0.o
LOAD c:/stm32/gcc-arm-none-eabi/bin/../lib/gcc/arm-none-eabi/7.3.1/../../../../arm-none-eabi/lib/thumb/v7e-m/fpv5/hard\libnosys.a
LOAD build/fakeLib.o
LOAD build/main.o
LOAD build/system_stm32f7xx.o
LOAD build/freertos.o
LOAD build/stm32f7xx_it.o
LOAD build/stm32f7xx_hal_msp.o
LOAD build/stm32f7xx_hal_timebase_TIM.o
LOAD build/stm32f7xx_hal_pcd.o
LOAD build/stm32f7xx_hal_pcd_ex.o
LOAD build/stm32f7xx_ll_usb.o
LOAD build/stm32f7xx_hal_cortex.o
LOAD build/stm32f7xx_hal_dfsdm.o
LOAD build/stm32f7xx_hal_i2c.o
LOAD build/stm32f7xx_hal_i2c_ex.o
LOAD build/stm32f7xx_hal_sai.o
LOAD build/stm32f7xx_hal_sai_ex.o
LOAD build/stm32f7xx_ll_sdmmc.o
LOAD build/stm32f7xx_hal_mmc.o
LOAD build/stm32f7xx_hal_tim.o
LOAD build/stm32f7xx_hal_tim_ex.o
LOAD build/stm32f7xx_hal_rcc.o
LOAD build/stm32f7xx_hal_rcc_ex.o
LOAD build/stm32f7xx_hal_flash.o
LOAD build/stm32f7xx_hal_flash_ex.o
LOAD build/stm32f7xx_hal_gpio.o
LOAD build/stm32f7xx_hal_dma.o
LOAD build/stm32f7xx_hal_dma_ex.o
LOAD build/stm32f7xx_hal_pwr.o
LOAD build/stm32f7xx_hal_pwr_ex.o
LOAD build/stm32f7xx_hal.o
LOAD build/fatfs.o
LOAD build/user_diskio.o
LOAD build/usb_device.o
LOAD build/usbd_desc.o
LOAD build/usbd_cdc_if.o
LOAD build/usbd_conf.o
LOAD build/syscall.o
LOAD build/diskio.o
LOAD build/ff.o
LOAD build/ff_gen_drv.o
LOAD build/heap_4.o
LOAD build/port.o
LOAD build/croutine.o
LOAD build/event_groups.o
LOAD build/list.o
LOAD build/queue.o
LOAD build/tasks.o
LOAD build/timers.o
LOAD build/cmsis_os.o
LOAD build/usbd_core.o
LOAD build/usbd_ctlreq.o
LOAD build/usbd_ioreq.o
LOAD build/usbd_cdc.o
LOAD build/startup_stm32f769xx.o
LOAD c:/stm32/gcc-arm-none-eabi/bin/../lib/gcc/arm-none-eabi/7.3.1/../../../../arm-none-eabi/lib/thumb/v7e-m/fpv5/hard\libstdc++.a
LOAD c:/stm32/gcc-arm-none-eabi/bin/../lib/gcc/arm-none-eabi/7.3.1/../../../../arm-none-eabi/lib/thumb/v7e-m/fpv5/hard\libm.a
LOAD c:/stm32/gcc-arm-none-eabi/bin/../lib/gcc/arm-none-eabi/7.3.1/../../../../arm-none-eabi/lib/thumb/v7e-m/fpv5/hard\libc.a
START GROUP
LOAD c:/stm32/gcc-arm-none-eabi/bin/../lib/gcc/arm-none-eabi/7.3.1/thumb/v7e-m/fpv5/hard\libgcc.a
LOAD c:/stm32/gcc-arm-none-eabi/bin/../lib/gcc/arm-none-eabi/7.3.1/../../../../arm-none-eabi/lib/thumb/v7e-m/fpv5/hard\libg.a
LOAD c:/stm32/gcc-arm-none-eabi/bin/../lib/gcc/arm-none-eabi/7.3.1/../../../../arm-none-eabi/lib/thumb/v7e-m/fpv5/hard\libc.a
END GROUP
START GROUP
LOAD c:/stm32/gcc-arm-none-eabi/bin/../lib/gcc/arm-none-eabi/7.3.1/thumb/v7e-m/fpv5/hard\libgcc.a
LOAD c:/stm32/gcc-arm-none-eabi/bin/../lib/gcc/arm-none-eabi/7.3.1/../../../../arm-none-eabi/lib/thumb/v7e-m/fpv5/hard\libc.a
LOAD c:/stm32/gcc-arm-none-eabi/bin/../lib/gcc/arm-none-eabi/7.3.1/../../../../arm-none-eabi/lib/thumb/v7e-m/fpv5/hard\libnosys.a
END GROUP
LOAD c:/stm32/gcc-arm-none-eabi/bin/../lib/gcc/arm-none-eabi/7.3.1/thumb/v7e-m/fpv5/hard/crtend.o
LOAD c:/stm32/gcc-arm-none-eabi/bin/../lib/gcc/arm-none-eabi/7.3.1/thumb/v7e-m/fpv5/hard/crtn.o
                0x20080000                _estack = 0x20080000
                0x00000200                _Min_Heap_Size = 0x200
                0x00000400                _Min_Stack_Size = 0x400

.isr_vector     0x08000000      0x1f8
                0x08000000                . = ALIGN (0x4)
 *(.isr_vector)
 .isr_vector    0x08000000      0x1f8 build/startup_stm32f769xx.o
                0x08000000                g_pfnVectors
                0x080001f8                . = ALIGN (0x4)

.text           0x08000200    0x1528c
                0x08000200                . = ALIGN (0x4)
 *(.text)
 .text          0x08000200       0x40 c:/stm32/gcc-arm-none-eabi/bin/../lib/gcc/arm-none-eabi/7.3.1/thumb/v7e-m/fpv5/hard/crtbegin.o
 .text          0x08000240       0x10 build/fakeLib.o
                0x08000240                MyClass::printInfo()
 .text          0x08000250      0x470 build/main.o
                0x08000250                StartDefaultTask(void const*)
                0x08000264                SystemClock_Config()
                0x08000360                main
                0x080006a4                HAL_TIM_PeriodElapsedCallback
                0x080006bc                _Error_Handler
 .text          0x080006c0       0xec build/system_stm32f7xx.o
                0x080006c0                SystemInit
                0x08000710                SystemCoreClockUpdate
 .text          0x080007ac       0x34 build/stm32f7xx_it.o
                0x080007ac                NMI_Handler
                0x080007ae                HardFault_Handler
                0x080007b0                MemManage_Handler
                0x080007b2                BusFault_Handler
                0x080007b4                UsageFault_Handler
                0x080007b6                DebugMon_Handler
                0x080007b8                SysTick_Handler
                0x080007c0                TIM1_UP_TIM10_IRQHandler
                0x080007d0                OTG_HS_IRQHandler
 .text          0x080007e0      0x3ac build/stm32f7xx_hal_msp.o
                0x080007e0                HAL_MspInit
                0x08000870                HAL_DFSDM_ChannelMspInit
                0x080008d4                HAL_DFSDM_ChannelMspDeInit
                0x08000910                HAL_I2C_MspInit
                0x08000964                HAL_I2C_MspDeInit
                0x08000990                HAL_MMC_MspInit
                0x08000a10                HAL_MMC_MspDeInit
                0x08000a58                HAL_SAI_MspInit
                0x08000b18                HAL_SAI_MspDeInit
 .text          0x08000b8c       0xa4 build/stm32f7xx_hal_timebase_TIM.o
                0x08000b8c                HAL_InitTick
                0x08000c08                HAL_SuspendTick
                0x08000c1c                HAL_ResumeTick
 .text          0x08000c30      0xc10 build/stm32f7xx_hal_pcd.o
                0x08000c32                HAL_PCD_Init
                0x08000d1e                HAL_PCD_Start
                0x08000d48                HAL_PCD_Stop
                0x08000d78                HAL_PCD_DeInit
                0x08000db0                HAL_PCD_IRQHandler
                0x080014ec                HAL_PCD_DevConnect
                0x08001510                HAL_PCD_DevDisconnect
                0x08001534                HAL_PCD_SetAddress
                0x0800155c                HAL_PCD_EP_Open
                0x080015da                HAL_PCD_EP_Close
                0x08001644                HAL_PCD_EP_Receive
                0x0800169e                HAL_PCD_EP_GetRxCount
                0x080016b0                HAL_PCD_EP_Transmit
                0x08001702                HAL_PCD_EP_SetStall
                0x08001782                HAL_PCD_EP_ClrStall
                0x080017f0                HAL_PCD_EP_Flush
                0x08001826                HAL_PCD_ActivateRemoteWakeup
                0x08001830                HAL_PCD_DeActivateRemoteWakeup
                0x0800183a                HAL_PCD_GetState
 .text          0x08001840       0x98 build/stm32f7xx_hal_pcd_ex.o
                0x08001840                HAL_PCDEx_SetTxFiFo
                0x08001886                HAL_PCDEx_SetRxFiFo
                0x0800188e                HAL_PCDEx_ActivateLPM
                0x080018b4                HAL_PCDEx_DeActivateLPM
                0x080018d6                HAL_PCDEx_BCD_Callback
 .text          0x080018d8     0x1078 build/stm32f7xx_ll_usb.o
                0x0800190c                USB_CoreInit
                0x08001988                USB_EnableGlobalInt
                0x08001994                USB_DisableGlobalInt
                0x080019a0                USB_SetCurrentMode
                0x080019d0                USB_FlushTxFifo
                0x080019f4                USB_FlushRxFifo
                0x08001a14                USB_SetDevSpeed
                0x08001a22                USB_DevInit
                0x08001be8                USB_GetDevSpeed
                0x08001c0e                USB_ActivateEndpoint
                0x08001ca0                USB_ActivateDedicatedEndpoint
                0x08001d3c                USB_DeactivateEndpoint
                0x08001dcc                USB_DeactivateDedicatedEndpoint
                0x08001e2a                USB_EP0StartXfer
                0x08001f2c                USB_WritePacket
                0x08001f58                USB_EPStartXfer
                0x08002120                USB_ReadPacket
                0x08002148                USB_EPSetStall
                0x080021a4                USB_EPClearStall
                0x08002200                USB_StopDevice
                0x0800223c                USB_SetDevAddress
                0x0800225c                USB_DevConnect
                0x08002274                USB_DevDisconnect
                0x0800228c                USB_ReadInterrupts
                0x08002294                USB_ReadDevAllOutEpInterrupt
                0x080022a4                USB_ReadDevAllInEpInterrupt
                0x080022b4                USB_ReadDevOutEPInterrupt
                0x080022c6                USB_ReadDevInEPInterrupt
                0x080022ee                USB_ClearInterrupts
                0x080022f6                USB_GetMode
                0x080022fe                USB_ActivateSetup
                0x08002338                USB_EP0_OutStart
                0x0800237e                USB_InitFSLSPClkSel
                0x080023be                USB_ResetPort
                0x080023fc                USB_DriveVbus
                0x08002444                USB_HostInit
                0x08002520                USB_GetHostSpeed
                0x08002536                USB_GetCurrentFrame
                0x08002540                USB_HC_Init
                0x08002672                USB_HC_ReadInterrupt
                0x0800267c                USB_HC_Halt
                0x0800273e                USB_DoPing
                0x08002760                USB_HC_StartXfer
                0x080028b4                USB_StopHost
                0x08002926                USB_ActivateRemoteWakeup
                0x08002940                USB_DeActivateRemoteWakeup
 .text          0x08002950      0x29c build/stm32f7xx_hal_cortex.o
                0x08002950                HAL_NVIC_SetPriorityGrouping
                0x08002974                HAL_NVIC_SetPriority
                0x080029d4                HAL_NVIC_EnableIRQ
                0x080029ec                HAL_NVIC_DisableIRQ
                0x08002a08                HAL_NVIC_SystemReset
                0x08002a2c                HAL_SYSTICK_Config
                0x08002a58                HAL_MPU_Disable
                0x08002a78                HAL_MPU_Enable
                0x08002a9c                HAL_MPU_ConfigRegion
                0x08002af0                HAL_NVIC_GetPriorityGrouping
                0x08002b00                HAL_NVIC_GetPriority
                0x08002b58                HAL_NVIC_SetPendingIRQ
                0x08002b74                HAL_NVIC_GetPendingIRQ
                0x08002b90                HAL_NVIC_ClearPendingIRQ
                0x08002bac                HAL_NVIC_GetActive
                0x08002bc8                HAL_SYSTICK_CLKSourceConfig
                0x08002be0                HAL_SYSTICK_Callback
                0x08002be2                HAL_SYSTICK_IRQHandler
 .text          0x08002bec     0x10b4 build/stm32f7xx_hal_dfsdm.o
                0x08002de4                HAL_DFSDM_ChannelInit
                0x08002eea                HAL_DFSDM_ChannelDeInit
                0x08002f4c                HAL_DFSDM_ChannelCkabStart
                0x08002fb0                HAL_DFSDM_ChannelPollForCkab
                0x08003014                HAL_DFSDM_ChannelCkabStop
                0x08003048                HAL_DFSDM_ChannelCkabStart_IT
                0x080030b4                HAL_DFSDM_ChannelCkabCallback
                0x080030b6                HAL_DFSDM_ChannelCkabStop_IT
                0x080030f0                HAL_DFSDM_ChannelScdStart
                0x08003128                HAL_DFSDM_ChannelPollForScd
                0x08003180                HAL_DFSDM_ChannelScdStop
                0x080031b4                HAL_DFSDM_ChannelScdStart_IT
                0x080031fc                HAL_DFSDM_ChannelScdCallback
                0x080031fe                HAL_DFSDM_ChannelScdStop_IT
                0x08003238                HAL_DFSDM_ChannelGetAwdValue
                0x08003240                HAL_DFSDM_ChannelModifyOffset
                0x08003262                HAL_DFSDM_ChannelGetState
                0x08003268                HAL_DFSDM_FilterMspInit
                0x0800326a                HAL_DFSDM_FilterInit
                0x08003370                HAL_DFSDM_FilterMspDeInit
                0x08003372                HAL_DFSDM_FilterDeInit
                0x08003392                HAL_DFSDM_FilterConfigRegChannel
                0x080033e0                HAL_DFSDM_FilterConfigInjChannel
                0x0800341c                HAL_DFSDM_FilterRegularStart
                0x08003436                HAL_DFSDM_FilterRegularStop
                0x08003450                HAL_DFSDM_FilterRegularStart_IT
                0x08003474                HAL_DFSDM_FilterRegularStop_IT
                0x08003498                HAL_DFSDM_FilterRegularStart_DMA
                0x0800353c                HAL_DFSDM_FilterRegularMsbStart_DMA
                0x080035e0                HAL_DFSDM_FilterRegularStop_DMA
                0x08003610                HAL_DFSDM_FilterGetRegularValue
                0x0800361e                HAL_DFSDM_FilterInjectedStart
                0x08003638                HAL_DFSDM_FilterInjectedStop
                0x08003652                HAL_DFSDM_FilterInjectedStart_IT
                0x08003676                HAL_DFSDM_FilterInjectedStop_IT
                0x0800369a                HAL_DFSDM_FilterInjectedStart_DMA
                0x08003738                HAL_DFSDM_FilterInjectedMsbStart_DMA
                0x080037d8                HAL_DFSDM_FilterInjectedStop_DMA
                0x08003808                HAL_DFSDM_FilterGetInjectedValue
                0x08003816                HAL_DFSDM_FilterAwdStart_IT
                0x08003892                HAL_DFSDM_FilterAwdStop_IT
                0x080038dc                HAL_DFSDM_FilterExdStart
                0x0800390c                HAL_DFSDM_FilterExdStop
                0x0800393c                HAL_DFSDM_FilterGetExdMaxValue
                0x0800394a                HAL_DFSDM_FilterGetExdMinValue
                0x08003958                HAL_DFSDM_FilterGetConvTimeValue
                0x08003960                HAL_DFSDM_FilterRegConvCpltCallback
                0x0800396c                HAL_DFSDM_FilterRegConvHalfCpltCallback
                0x08003978                HAL_DFSDM_FilterInjConvCpltCallback
                0x08003984                HAL_DFSDM_FilterInjConvHalfCpltCallback
                0x08003990                HAL_DFSDM_FilterAwdCallback
                0x08003992                HAL_DFSDM_FilterErrorCallback
                0x08003994                HAL_DFSDM_FilterPollForRegConversion
                0x08003a20                HAL_DFSDM_FilterPollForInjConversion
                0x08003aaa                HAL_DFSDM_IRQHandler
                0x08003c94                HAL_DFSDM_FilterGetState
                0x08003c9a                HAL_DFSDM_FilterGetError
 .text          0x08003ca0     0x2714 build/stm32f7xx_hal_i2c.o
                0x08004174                HAL_I2C_Init
                0x0800422a                HAL_I2C_DeInit
                0x0800425c                HAL_I2C_Master_Transmit
                0x080043e8                HAL_I2C_Master_Receive
                0x08004574                HAL_I2C_Slave_Transmit
                0x08004702                HAL_I2C_Slave_Receive
                0x0800487e                HAL_I2C_Master_Transmit_IT
                0x08004918                HAL_I2C_Master_Receive_IT
                0x080049b0                HAL_I2C_Slave_Transmit_IT
                0x08004a14                HAL_I2C_Slave_Receive_IT
                0x08004a78                HAL_I2C_Master_Transmit_DMA
                0x08004b88                HAL_I2C_Master_Receive_DMA
                0x08004c90                HAL_I2C_Slave_Transmit_DMA
                0x08004d34                HAL_I2C_Slave_Receive_DMA
                0x08004ddc                HAL_I2C_Mem_Write
                0x08004fa0                HAL_I2C_Mem_Read
                0x08005168                HAL_I2C_Mem_Write_IT
                0x08005248                HAL_I2C_Mem_Read_IT
                0x08005330                HAL_I2C_Mem_Write_DMA
                0x08005450                HAL_I2C_Mem_Read_DMA
                0x08005574                HAL_I2C_IsDeviceReady
                0x080056c4                HAL_I2C_Master_Sequential_Transmit_IT
                0x08005750                HAL_I2C_Master_Sequential_Receive_IT
                0x080057dc                HAL_I2C_Slave_Sequential_Transmit_IT
                0x0800587c                HAL_I2C_Slave_Sequential_Receive_IT
                0x0800591c                HAL_I2C_EnableListen_IT
                0x08005944                HAL_I2C_DisableListen_IT
                0x0800597c                HAL_I2C_Master_Abort_IT
                0x080059e4                HAL_I2C_EV_IRQHandler
                0x080059f4                HAL_I2C_MasterTxCpltCallback
                0x080059f6                HAL_I2C_MasterRxCpltCallback
                0x08005a4c                HAL_I2C_SlaveTxCpltCallback
                0x08005a4e                HAL_I2C_SlaveRxCpltCallback
                0x08005aac                HAL_I2C_AddrCallback
                0x08005aae                HAL_I2C_ListenCpltCallback
                0x08005b14                HAL_I2C_MemTxCpltCallback
                0x08005b16                HAL_I2C_MemRxCpltCallback
                0x08005b18                HAL_I2C_ErrorCallback
                0x08005b1a                HAL_I2C_AbortCpltCallback
                0x080062e8                HAL_I2C_ER_IRQHandler
                0x080063a4                HAL_I2C_GetState
                0x080063aa                HAL_I2C_GetMode
                0x080063b0                HAL_I2C_GetError
 .text          0x080063b4      0x10c build/stm32f7xx_hal_i2c_ex.o
                0x080063b4                HAL_I2CEx_ConfigAnalogFilter
                0x08006410                HAL_I2CEx_ConfigDigitalFilter
                0x08006468                HAL_I2CEx_EnableFastModePlus
                0x08006494                HAL_I2CEx_DisableFastModePlus
 .text          0x080064c0      0xfec build/stm32f7xx_hal_sai.o
                0x0800659e                HAL_SAI_Init
                0x08006784                HAL_SAI_InitProtocol
                0x080068ec                HAL_SAI_DeInit
                0x0800692e                HAL_SAI_Transmit
                0x08006a48                HAL_SAI_Receive
                0x08006b56                HAL_SAI_Transmit_IT
                0x08006bf8                HAL_SAI_Receive_IT
                0x08006c94                HAL_SAI_DMAPause
                0x08006cba                HAL_SAI_DMAResume
                0x08006cf2                HAL_SAI_DMAStop
                0x08006d9a                HAL_SAI_Abort
                0x08006e56                HAL_SAI_Transmit_DMA
                0x08006f14                HAL_SAI_Receive_DMA
                0x08006fd4                HAL_SAI_EnableTxMuteMode
                0x08006ff8                HAL_SAI_DisableTxMuteMode
                0x08007010                HAL_SAI_EnableRxMuteMode
                0x08007044                HAL_SAI_DisableRxMuteMode
                0x08007060                HAL_SAI_TxCpltCallback
                0x08007162                HAL_SAI_TxHalfCpltCallback
                0x0800716e                HAL_SAI_RxCpltCallback
                0x08007276                HAL_SAI_RxHalfCpltCallback
                0x08007282                HAL_SAI_ErrorCallback
                0x080072c8                HAL_SAI_IRQHandler
                0x080074a0                HAL_SAI_GetState
                0x080074a6                HAL_SAI_GetError
 .text          0x080074ac      0x86c build/stm32f7xx_ll_sdmmc.o
                0x0800754c                SDMMC_Init
                0x08007584                SDMMC_ReadFIFO
                0x0800758a                SDMMC_WriteFIFO
                0x08007594                SDMMC_PowerState_ON
                0x0800759c                SDMMC_PowerState_OFF
                0x080075a4                SDMMC_GetPowerState
                0x080075ac                SDMMC_SendCommand
                0x080075d8                SDMMC_GetCommandResponse
                0x080075de                SDMMC_GetResponse
                0x0800773c                SDMMC_ConfigData
                0x08007766                SDMMC_GetDataCounter
                0x0800776a                SDMMC_GetFIFOCount
                0x08007770                SDMMC_SetSDMMCReadWaitMode
                0x0800777e                SDMMC_CmdBlockLength
                0x080077ae                SDMMC_CmdReadSingleBlock
                0x080077de                SDMMC_CmdReadMultiBlock
                0x0800780e                SDMMC_CmdWriteSingleBlock
                0x0800783e                SDMMC_CmdWriteMultiBlock
                0x0800786e                SDMMC_CmdSDEraseStartAdd
                0x0800789e                SDMMC_CmdSDEraseEndAdd
                0x080078ce                SDMMC_CmdEraseStartAdd
                0x080078fe                SDMMC_CmdEraseEndAdd
                0x0800792e                SDMMC_CmdErase
                0x0800795e                SDMMC_CmdStopTransfer
                0x08007990                SDMMC_CmdSelDesel
                0x080079c0                SDMMC_CmdGoIdleState
                0x08007a18                SDMMC_CmdOperCond
                0x08007a90                SDMMC_CmdAppCommand
                0x08007ac0                SDMMC_CmdAppOperCommand
                0x08007af4                SDMMC_CmdBusWidth
                0x08007b24                SDMMC_CmdSendSCR
                0x08007b54                SDMMC_CmdSendCID
                0x08007b7e                SDMMC_CmdSendCSD
                0x08007ba8                SDMMC_CmdSetRelAdd
                0x08007c5c                SDMMC_CmdSendStatus
                0x08007c8c                SDMMC_CmdStatusRegister
                0x08007cbc                SDMMC_CmdOpCondition
                0x08007ce6                SDMMC_CmdSwitch
 .text          0x08007d18     0x1318 build/stm32f7xx_hal_mmc.o
                0x08007d2a                HAL_MMC_DeInit
                0x08007d50                HAL_MMC_ReadBlocks
                0x08007f5c                HAL_MMC_WriteBlocks
                0x08008128                HAL_MMC_ReadBlocks_IT
                0x08008210                HAL_MMC_WriteBlocks_IT
                0x080082f6                HAL_MMC_ReadBlocks_DMA
                0x08008404                HAL_MMC_WriteBlocks_DMA
                0x08008514                HAL_MMC_Erase
                0x08008610                HAL_MMC_GetState
                0x08008616                HAL_MMC_GetError
                0x0800861a                HAL_MMC_TxCpltCallback
                0x0800861c                HAL_MMC_RxCpltCallback
                0x0800861e                HAL_MMC_ErrorCallback
                0x08008664                HAL_MMC_AbortCallback
                0x08008666                HAL_MMC_GetCardCID
                0x08008714                HAL_MMC_GetCardCSD
                0x08008888                HAL_MMC_InitCard
                0x08008a34                HAL_MMC_Init
                0x08008a66                HAL_MMC_GetCardInfo
                0x08008a86                HAL_MMC_ConfigWideBusOperation
                0x08008c10                HAL_MMC_GetCardState
                0x08008d30                HAL_MMC_IRQHandler
                0x08008f1c                HAL_MMC_Abort
                0x08008f80                HAL_MMC_Abort_IT
 .text          0x08009030     0x2368 build/stm32f7xx_hal_tim.o
                0x0800907e                HAL_TIM_Base_MspInit
                0x08009080                HAL_TIM_Base_MspDeInit
                0x08009082                HAL_TIM_Base_DeInit
                0x080090bc                HAL_TIM_Base_Start
                0x080090d6                HAL_TIM_Base_Stop
                0x08009104                HAL_TIM_Base_Start_IT
                0x0800911c                HAL_TIM_Base_Stop_IT
                0x08009148                HAL_TIM_Base_Start_DMA
                0x080091ac                HAL_TIM_Base_Stop_DMA
                0x080091de                HAL_TIM_OC_MspInit
                0x080091e0                HAL_TIM_OC_MspDeInit
                0x080091e2                HAL_TIM_OC_DeInit
                0x0800921c                HAL_TIM_PWM_MspInit
                0x0800921e                HAL_TIM_PWM_MspDeInit
                0x08009220                HAL_TIM_PWM_DeInit
                0x0800925a                HAL_TIM_IC_MspInit
                0x0800925c                HAL_TIM_IC_MspDeInit
                0x0800925e                HAL_TIM_IC_DeInit
                0x08009298                HAL_TIM_OnePulse_MspInit
                0x0800929a                HAL_TIM_OnePulse_MspDeInit
                0x0800929c                HAL_TIM_OnePulse_DeInit
                0x080092d6                HAL_TIM_Encoder_MspInit
                0x080092d8                HAL_TIM_Encoder_MspDeInit
                0x080092da                HAL_TIM_Encoder_DeInit
                0x08009314                HAL_TIM_DMABurst_WriteStart
                0x08009478                HAL_TIM_DMABurst_WriteStop
                0x080094ee                HAL_TIM_DMABurst_ReadStart
                0x08009654                HAL_TIM_DMABurst_ReadStop
                0x080096ca                HAL_TIM_GenerateEvent
                0x080096f0                HAL_TIM_ConfigTI1Input
                0x08009700                HAL_TIM_ReadCapturedValue
                0x0800975e                HAL_TIM_OC_DelayElapsedCallback
                0x08009760                HAL_TIM_IC_CaptureCallback
                0x08009762                TIM_DMACaptureCplt
                0x080097a6                HAL_TIM_PWM_PulseFinishedCallback
                0x080097a8                TIM_DMADelayPulseCplt
                0x080097ec                HAL_TIM_TriggerCallback
                0x080097ee                HAL_TIM_IRQHandler
                0x08009998                HAL_TIM_ErrorCallback
                0x0800999a                TIM_DMAError
                0x080099aa                HAL_TIM_Base_GetState
                0x080099b0                HAL_TIM_OC_GetState
                0x080099b6                HAL_TIM_PWM_GetState
                0x080099bc                HAL_TIM_IC_GetState
                0x080099c2                HAL_TIM_OnePulse_GetState
                0x080099c8                HAL_TIM_Encoder_GetState
                0x080099ce                TIM_Base_SetConfig
                0x08009aa0                HAL_TIM_Base_Init
                0x08009ad2                HAL_TIM_OC_Init
                0x08009b04                HAL_TIM_PWM_Init
                0x08009b36                HAL_TIM_IC_Init
                0x08009b68                HAL_TIM_OnePulse_Init
                0x08009bae                HAL_TIM_Encoder_Init
                0x08009c4c                TIM_OC1_SetConfig
                0x08009ca8                TIM_OC2_SetConfig
                0x08009d0c                TIM_OC3_SetConfig
                0x08009d70                TIM_OC4_SetConfig
                0x08009efe                TIM_TI1_SetConfig
                0x08009f74                HAL_TIM_IC_ConfigChannel
                0x0800a0b4                HAL_TIM_OnePulse_ConfigChannel
                0x0800a1d8                TIM_ETR_SetConfig
                0x0800a2b6                HAL_TIM_ConfigClockSource
                0x0800a3f8                HAL_TIM_SlaveConfigSynchronization
                0x0800a498                HAL_TIM_SlaveConfigSynchronization_IT
                0x0800a54c                TIM_CCxChannelCmd
                0x0800a568                HAL_TIM_OC_Start
                0x0800a5a0                HAL_TIM_OC_Stop
                0x0800a600                HAL_TIM_OC_Start_IT
                0x0800a67c                HAL_TIM_OC_Stop_IT
                0x0800a720                HAL_TIM_OC_Start_DMA
                0x0800a834                HAL_TIM_OC_Stop_DMA
                0x0800a8e0                HAL_TIM_PWM_Start
                0x0800a918                HAL_TIM_PWM_Stop
                0x0800a980                HAL_TIM_PWM_Start_IT
                0x0800a9fc                HAL_TIM_PWM_Stop_IT
                0x0800aaa0                HAL_TIM_PWM_Start_DMA
                0x0800abb4                HAL_TIM_PWM_Stop_DMA
                0x0800ac60                HAL_TIM_IC_Start
                0x0800ac7a                HAL_TIM_IC_Stop
                0x0800aca8                HAL_TIM_IC_Start_IT
                0x0800ad06                HAL_TIM_IC_Stop_IT
                0x0800ad78                HAL_TIM_IC_Start_DMA
                0x0800ae64                HAL_TIM_IC_Stop_DMA
                0x0800aedc                HAL_TIM_OnePulse_Start
                0x0800af14                HAL_TIM_OnePulse_Stop
                0x0800af80                HAL_TIM_OnePulse_Start_IT
                0x0800afcc                HAL_TIM_OnePulse_Stop_IT
                0x0800b04c                HAL_TIM_Encoder_Start
                0x0800b090                HAL_TIM_Encoder_Stop
                0x0800b0e8                HAL_TIM_Encoder_Start_IT
                0x0800b154                HAL_TIM_Encoder_Stop_IT
                0x0800b1da                HAL_TIM_Encoder_Start_DMA
                0x0800b310                HAL_TIM_Encoder_Stop_DMA
 .text          0x0800b398     0x105c build/stm32f7xx_hal_tim_ex.o
                0x0800b458                HAL_TIMEx_HallSensor_MspInit
                0x0800b45a                HAL_TIMEx_HallSensor_Init
                0x0800b51c                HAL_TIMEx_HallSensor_MspDeInit
                0x0800b51e                HAL_TIMEx_HallSensor_DeInit
                0x0800b558                HAL_TIMEx_HallSensor_Start
                0x0800b574                HAL_TIMEx_HallSensor_Stop
                0x0800b5a4                HAL_TIMEx_HallSensor_Start_IT
                0x0800b5ca                HAL_TIMEx_HallSensor_Stop_IT
                0x0800b604                HAL_TIMEx_HallSensor_Start_DMA
                0x0800b678                HAL_TIMEx_HallSensor_Stop_DMA
                0x0800b6b2                HAL_TIMEx_OCN_Start
                0x0800b6d6                HAL_TIMEx_OCN_Stop
                0x0800b722                HAL_TIMEx_OCN_Start_IT
                0x0800b794                HAL_TIMEx_OCN_Stop_IT
                0x0800b838                HAL_TIMEx_OCN_Start_DMA
                0x0800b938                HAL_TIMEx_OCN_Stop_DMA
                0x0800b9ce                HAL_TIMEx_PWMN_Start
                0x0800b9f2                HAL_TIMEx_PWMN_Stop
                0x0800ba3e                HAL_TIMEx_PWMN_Start_IT
                0x0800bab0                HAL_TIMEx_PWMN_Stop_IT
                0x0800bb54                HAL_TIMEx_PWMN_Start_DMA
                0x0800bc54                HAL_TIMEx_PWMN_Stop_DMA
                0x0800bcea                HAL_TIMEx_OnePulseN_Start
                0x0800bd04                HAL_TIMEx_OnePulseN_Stop
                0x0800bd50                HAL_TIMEx_OnePulseN_Start_IT
                0x0800bd7e                HAL_TIMEx_OnePulseN_Stop_IT
                0x0800bdde                HAL_TIMEx_ConfigCommutationEvent
                0x0800be38                HAL_TIMEx_ConfigCommutationEvent_IT
                0x0800be9c                HAL_TIMEx_ConfigCommutationEvent_DMA
                0x0800bf14                HAL_TIMEx_MasterConfigSynchronization
                0x0800bf6c                HAL_TIMEx_ConfigBreakDeadTime
                0x0800bffc                HAL_TIMEx_ConfigBreakInput
                0x0800c0ca                HAL_TIMEx_RemapConfig
                0x0800c0ea                HAL_TIMEx_GroupChannel5
                0x0800c128                HAL_TIMEx_CommutationCallback
                0x0800c12a                TIMEx_DMACommutationCplt
                0x0800c13a                HAL_TIMEx_BreakCallback
                0x0800c13c                HAL_TIMEx_HallSensor_GetState
                0x0800c142                HAL_TIM_ConfigOCrefClear
                0x0800c24a                HAL_TIM_OC_ConfigChannel
                0x0800c2c0                HAL_TIM_PWM_ConfigChannel
 .text          0x0800c3f4      0x968 build/stm32f7xx_hal_rcc.o
                0x0800c3f4                HAL_RCC_DeInit
                0x0800c540                HAL_RCC_OscConfig
                0x0800c91c                HAL_RCC_MCOConfig
                0x0800c9b4                HAL_RCC_EnableCSS
                0x0800c9c4                HAL_RCC_DisableCSS
                0x0800c9d4                HAL_RCC_GetSysClockFreq
                0x0800ca7c                HAL_RCC_ClockConfig
                0x0800cbe4                HAL_RCC_GetHCLKFreq
                0x0800cbf0                HAL_RCC_GetPCLK1Freq
                0x0800cc10                HAL_RCC_GetPCLK2Freq
                0x0800cc30                HAL_RCC_GetOscConfig
                0x0800ccfc                HAL_RCC_GetClockConfig
                0x0800cd38                HAL_RCC_CSSCallback
                0x0800cd3a                HAL_RCC_NMI_IRQHandler
 .text          0x0800cd5c      0xa94 build/stm32f7xx_hal_rcc_ex.o
                0x0800cd5c                HAL_RCCEx_PeriphCLKConfig
                0x0800d360                HAL_RCCEx_GetPeriphCLKConfig
                0x0800d4e4                HAL_RCCEx_GetPeriphCLKFreq
                0x0800d698                HAL_RCCEx_EnablePLLI2S
                0x0800d710                HAL_RCCEx_DisablePLLI2S
                0x0800d744                HAL_RCCEx_EnablePLLSAI
                0x0800d7bc                HAL_RCCEx_DisablePLLSAI
 .text          0x0800d7f0      0x388 build/stm32f7xx_hal_gpio.o
                0x0800d7f0                HAL_GPIO_Init
                0x0800d9cc                HAL_GPIO_DeInit
                0x0800db10                HAL_GPIO_ReadPin
                0x0800db1c                HAL_GPIO_WritePin
                0x0800db28                HAL_GPIO_TogglePin
                0x0800db30                HAL_GPIO_LockPin
                0x0800db5a                HAL_GPIO_EXTI_Callback
                0x0800db5c                HAL_GPIO_EXTI_IRQHandler
 .text          0x0800db78      0x758 build/stm32f7xx_hal_dma.o
                0x0800dbac                HAL_DMA_Init
                0x0800dcd4                HAL_DMA_DeInit
                0x0800dd3a                HAL_DMA_Start
                0x0800dda2                HAL_DMA_Start_IT
                0x0800de36                HAL_DMA_Abort
                0x0800deca                HAL_DMA_Abort_IT
                0x0800def0                HAL_DMA_PollForTransfer
                0x0800e01a                HAL_DMA_IRQHandler
                0x0800e1f8                HAL_DMA_RegisterCallback
                0x0800e256                HAL_DMA_UnRegisterCallback
                0x0800e2c6                HAL_DMA_GetState
                0x0800e2cc                HAL_DMA_GetError
 .text          0x0800e2d0      0x330 build/stm32f7xx_hal_pwr_ex.o
                0x0800e2d0                HAL_PWREx_EnableBkUpReg
                0x0800e30c                HAL_PWREx_DisableBkUpReg
                0x0800e348                HAL_PWREx_EnableFlashPowerDown
                0x0800e358                HAL_PWREx_DisableFlashPowerDown
                0x0800e368                HAL_PWREx_EnableMainRegulatorLowVoltage
                0x0800e378                HAL_PWREx_DisableMainRegulatorLowVoltage
                0x0800e388                HAL_PWREx_EnableLowRegulatorLowVoltage
                0x0800e398                HAL_PWREx_DisableLowRegulatorLowVoltage
                0x0800e3a8                HAL_PWREx_EnableOverDrive
                0x0800e424                HAL_PWREx_DisableOverDrive
                0x0800e4a0                HAL_PWREx_EnterUnderDriveSTOPMode
                0x0800e534                HAL_PWREx_GetVoltageRange
                0x0800e544                HAL_PWREx_ControlVoltageScaling
 .text          0x0800e600      0x234 build/stm32f7xx_hal.o
                0x0800e602                HAL_MspDeInit
                0x0800e604                HAL_DeInit
                0x0800e674                HAL_Init
                0x0800e68a                HAL_IncTick
                0x0800e6a0                HAL_GetTick
                0x0800e6ac                HAL_GetTickPrio
                0x0800e6b8                HAL_SetTickFreq
                0x0800e6d8                HAL_GetTickFreq
                0x0800e6e4                HAL_Delay
                0x0800e72c                HAL_GetHalVersion
                0x0800e734                HAL_GetREVID
                0x0800e740                HAL_GetDEVID
                0x0800e750                HAL_GetUIDw0
                0x0800e75c                HAL_GetUIDw1
                0x0800e768                HAL_GetUIDw2
                0x0800e774                HAL_DBGMCU_EnableDBGSleepMode
                0x0800e784                HAL_DBGMCU_DisableDBGSleepMode
                0x0800e794                HAL_DBGMCU_EnableDBGStopMode
                0x0800e7a4                HAL_DBGMCU_DisableDBGStopMode
                0x0800e7b4                HAL_DBGMCU_EnableDBGStandbyMode
                0x0800e7c4                HAL_DBGMCU_DisableDBGStandbyMode
                0x0800e7d4                HAL_EnableCompensationCell
                0x0800e7e4                HAL_DisableCompensationCell
                0x0800e7f4                HAL_EnableFMCMemorySwapping
                0x0800e804                HAL_DisableFMCMemorySwapping
                0x0800e814                HAL_EnableMemorySwappingBank
                0x0800e824                HAL_DisableMemorySwappingBank
 .text          0x0800e834       0x1c build/fatfs.o
                0x0800e834                MX_FATFS_Init
                0x0800e84c                get_fattime
 .text          0x0800e850       0x2c build/user_diskio.o
                0x0800e850                USER_initialize(unsigned char)
                0x0800e860                USER_status(unsigned char)
                0x0800e870                USER_read(unsigned char, unsigned char*, unsigned long, unsigned int)
                0x0800e874                USER_write(unsigned char, unsigned char const*, unsigned long, unsigned int)
                0x0800e878                USER_ioctl(unsigned char, unsigned char, void*)
 .text          0x0800e87c       0x38 build/usb_device.o
                0x0800e87c                MX_USB_DEVICE_Init
 .text          0x0800e8b4       0xa0 build/usbd_desc.o
                0x0800e8b4                USBD_HS_DeviceDescriptor(USBD_SpeedTypeDef, unsigned short*)
                0x0800e8c0                USBD_HS_LangIDStrDescriptor(USBD_SpeedTypeDef, unsigned short*)
                0x0800e8cc                USBD_HS_USR_BOSDescriptor(USBD_SpeedTypeDef, unsigned short*)
                0x0800e8d8                USBD_HS_ProductStrDescriptor(USBD_SpeedTypeDef, unsigned short*)
                0x0800e8f0                USBD_HS_ManufacturerStrDescriptor(USBD_SpeedTypeDef, unsigned short*)
                0x0800e90c                USBD_HS_SerialStrDescriptor(USBD_SpeedTypeDef, unsigned short*)
                0x0800e924                USBD_HS_ConfigStrDescriptor(USBD_SpeedTypeDef, unsigned short*)
                0x0800e93c                USBD_HS_InterfaceStrDescriptor(USBD_SpeedTypeDef, unsigned short*)
 .text          0x0800e954       0x78 build/usbd_cdc_if.o
                0x0800e9a0                CDC_Transmit_HS
 .text          0x0800e9cc      0x45c build/usbd_conf.o
                0x0800e9cc                HAL_PCD_MspInit
                0x0800eaa0                HAL_PCD_MspDeInit
                0x0800eb0c                HAL_PCD_SetupStageCallback
                0x0800eb1c                HAL_PCD_DataOutStageCallback
                0x0800eb34                HAL_PCD_DataInStageCallback
                0x0800eb4a                HAL_PCD_SOFCallback
                0x0800eb56                HAL_PCD_ResetCallback
                0x0800eb74                HAL_PCD_SuspendCallback
                0x0800eba4                HAL_PCD_ResumeCallback
                0x0800ebb0                HAL_PCD_ISOOUTIncompleteCallback
                0x0800ebbc                HAL_PCD_ISOINIncompleteCallback
                0x0800ebc8                HAL_PCD_ConnectCallback
                0x0800ebd4                HAL_PCD_DisconnectCallback
                0x0800ebe0                USBD_LL_Init
                0x0800ec5c                USBD_LL_DeInit
                0x0800ec76                USBD_LL_Start
                0x0800ec90                USBD_LL_Stop
                0x0800ecaa                USBD_LL_OpenEP
                0x0800ecca                USBD_LL_CloseEP
                0x0800ece4                USBD_LL_FlushEP
                0x0800ecfe                USBD_LL_StallEP
                0x0800ed18                USBD_LL_ClearStallEP
                0x0800ed32                USBD_LL_IsStallEP
                0x0800ed60                USBD_LL_SetUSBAddress
                0x0800ed7a                USBD_LL_Transmit
                0x0800ed94                USBD_LL_PrepareReceive
                0x0800edae                USBD_LL_GetRxDataSize
                0x0800edba                HAL_PCDEx_LPM_Callback
                0x0800ee20                USBD_LL_Delay
 .text          0x0800ee28       0xa0 build/ff_gen_drv.o
                0x0800ee28                FATFS_LinkDriverEx
                0x0800ee70                FATFS_LinkDriver
                0x0800ee7a                FATFS_UnLinkDriverEx
                0x0800eeb4                FATFS_UnLinkDriver
                0x0800eebe                FATFS_GetAttachedDriversNbr
 .text          0x0800eec8      0x204 build/heap_4.o
                0x0800ef1c                pvPortMalloc
                0x0800f03c                vPortFree
                0x0800f0b0                xPortGetFreeHeapSize
                0x0800f0bc                xPortGetMinimumEverFreeHeapSize
                0x0800f0c8                vPortInitialiseBlocks
 *fill*         0x0800f0cc        0x4 
 .text          0x0800f0d0      0x338 build/port.o
                0x0800f134                pxPortInitialiseStack
                0x0800f160                SVC_Handler()
                0x0800f184                vPortEndScheduler
                0x0800f1ac                vPortEnterCritical
                0x0800f1f8                vPortExitCritical
                0x0800f228                PendSV_Handler()
                0x0800f294                xPortSysTickHandler()
                0x0800f2c4                vPortSetupTimerInterrupt()
                0x0800f2f0                xPortStartScheduler
                0x0800f3a0                vPortValidateInterruptPriority
 .text          0x0800f408       0x8e build/list.o
                0x0800f408                vListInitialise
                0x0800f41e                vListInitialiseItem
                0x0800f424                vListInsertEnd
                0x0800f43c                vListInsert
                0x0800f470                uxListRemove
 *fill*         0x0800f496        0x2 
 .text          0x0800f498      0x9ac build/queue.o
                0x0800f5ac                xQueueGenericReset
                0x0800f634                xQueueGenericCreate
                0x0800f67c                xQueueGenericSend
                0x0800f818                xQueueCreateMutex
                0x0800f83c                xQueueGenericSendFromISR
                0x0800f914                xQueueGiveFromISR
                0x0800f9d2                xQueueGenericReceive
                0x0800fb90                xQueueReceiveFromISR
                0x0800fc42                xQueuePeekFromISR
                0x0800fcce                uxQueueMessagesWaiting
                0x0800fcf8                uxQueueSpacesAvailable
                0x0800fd26                uxQueueMessagesWaitingFromISR
                0x0800fd42                xQueueIsQueueEmptyFromISR
                0x0800fd64                xQueueIsQueueFullFromISR
                0x0800fd8a                vQueueAddToRegistry
                0x0800fdbc                pcQueueGetName
                0x0800fde8                vQueueUnregisterQueue
                0x0800fe1c                vQueueDelete
 .text          0x0800fe44     0x12b0 build/tasks.o
                0x0800ff14                xTaskCreate
                0x080100b0                vTaskDelete
                0x08010188                uxTaskPriorityGet
                0x080101a8                uxTaskPriorityGetFromISR
                0x080101dc                vTaskPrioritySet
                0x080102b4                vTaskResume
                0x08010334                xTaskResumeFromISR
                0x080103d4                vTaskStartScheduler
                0x0801044c                vTaskEndScheduler
                0x08010474                vTaskSuspendAll
                0x08010488                xTaskGetTickCount
                0x08010494                xTaskGetTickCountFromISR
                0x080104a4                uxTaskGetNumberOfTasks
                0x080104b0                pcTaskGetName
                0x080104dc                xTaskIncrementTick
                0x080105e0                xTaskResumeAll
                0x080106cc                vTaskDelay
                0x0801078c                vTaskSwitchContext
                0x08010818                vTaskSuspend
                0x080108e0                vTaskPlaceOnEventList
                0x08010914                vTaskPlaceOnUnorderedEventList
                0x08010974                xTaskRemoveFromEventList
                0x080109f8                xTaskRemoveFromUnorderedEventList
                0x08010a80                vTaskSetTimeOutState
                0x08010aac                xTaskCheckForTimeOut
                0x08010b34                vTaskMissedYield
                0x08010b44                xTaskGetCurrentTaskHandle
                0x08010b50                xTaskGetSchedulerState
                0x08010b70                vTaskPriorityInherit
                0x08010c0c                xTaskPriorityDisinherit
                0x08010cb8                uxTaskResetEventItemValue
                0x08010cd0                pvTaskIncrementMutexHeldCount
                0x08010cec                ulTaskNotifyTake
                0x08010d64                xTaskNotifyWait
                0x08010dfc                xTaskGenericNotify
                0x08010ed8                xTaskGenericNotifyFromISR
                0x08010ff0                vTaskNotifyGiveFromISR
                0x080110c0                xTaskNotifyStateClear
 .text          0x080110f4      0x7ac build/cmsis_os.o
                0x080110f4                osKernelStart
                0x080110fe                osKernelRunning
                0x0801110e                osKernelSysTick
                0x08011122                osThreadCreate
                0x08011152                osThreadGetId
                0x0801115a                osThreadTerminate
                0x08011164                osThreadYield
                0x0801117c                osThreadSetPriority
                0x0801118e                osThreadGetPriority
                0x080111ba                osDelay
                0x080111ca                osTimerCreate
                0x080111ce                osTimerStart
                0x080111d2                osTimerStop
                0x080111d6                osTimerDelete
                0x080111da                osSignalSet
                0x08011234                osSignalWait
                0x08011276                osMutexCreate
                0x08011280                osMutexWait
                0x080112dc                osMutexRelease
                0x08011330                osMutexDelete
                0x08011344                osSemaphoreCreate
                0x0801136a                osSemaphoreWait
                0x080113c8                osSemaphoreRelease
                0x0801141c                osSemaphoreDelete
                0x08011430                osPoolCreate
                0x0801149a                osPoolAlloc
                0x0801150e                osPoolCAlloc
                0x08011520                osPoolFree
                0x0801155a                osMessageCreate
                0x08011568                osMessagePut
                0x080115c8                osMessageGet
                0x08011638                osMailCreate
                0x0801169e                osMailAlloc
                0x080116ae                osMailCAlloc
                0x080116d8                osMailPut
                0x0801173c                osMailGet
                0x080117ac                osMailFree
                0x080117bc                osSystickHandler
                0x080117cc                osThreadSuspend
                0x080117d6                osThreadResume
                0x08011804                osThreadSuspendAll
                0x0801180e                osThreadResumeAll
                0x0801181e                osDelayUntil
                0x08011822                osAbortDelay
                0x08011826                osThreadList
                0x0801182a                osMessagePeek
                0x0801185c                osMessageWaiting
                0x08011870                osMessageAvailableSpace
                0x08011878                osMessageDelete
                0x0801188c                osRecursiveMutexCreate
                0x08011890                osRecursiveMutexRelease
                0x08011894                osRecursiveMutexWait
                0x08011898                osSemaphoreGetCount
 .text          0x080118a0      0x316 build/usbd_core.o
                0x080118a0                USBD_Init
                0x080118ce                USBD_DeInit
                0x080118f2                USBD_RegisterClass
                0x08011900                USBD_Start
                0x0801190a                USBD_Stop
                0x08011922                USBD_RunTestMode
                0x08011926                USBD_SetClassConfig
                0x08011940                USBD_ClrClassConfig
                0x0801194e                USBD_LL_SetupStage
                0x080119a8                USBD_LL_DataOutStage
                0x08011a32                USBD_LL_DataInStage
                0x08011b04                USBD_LL_Reset
                0x08011b54                USBD_LL_SetSpeed
                0x08011b5a                USBD_LL_Suspend
                0x08011b6c                USBD_LL_Resume
                0x08011b78                USBD_LL_SOF
                0x08011b94                USBD_LL_IsoINIncomplete
                0x08011b98                USBD_LL_IsoOUTIncomplete
                0x08011b9c                USBD_LL_DevConnected
                0x08011ba0                USBD_LL_DevDisconnected
 *fill*         0x08011bb6        0x2 
 .text          0x08011bb8      0x5d0 build/usbd_ctlreq.o
                0x08011bb8                USBD_ParseSetupRequest
                0x08011be0                USBD_CtlError
                0x08011bf4                USBD_StdDevReq
                0x08011f34                USBD_StdItfReq
                0x08011f94                USBD_StdEPReq
                0x08012140                USBD_GetString
 .text          0x08012188       0x8c build/usbd_ioreq.o
                0x08012188                USBD_CtlSendData
                0x080121a2                USBD_CtlContinueSendData
                0x080121b2                USBD_CtlPrepareRx
                0x080121d0                USBD_CtlContinueRx
                0x080121e0                USBD_CtlSendStatus
                0x080121f6                USBD_CtlReceiveStatus
                0x0801220c                USBD_GetRxCount
 .text          0x08012214      0x330 build/usbd_cdc.o
                0x08012264                USBD_CDC_GetDeviceQualifierDescriptor(unsigned short*)
                0x080124b4                USBD_CDC_RegisterInterface
                0x080124c2                USBD_CDC_SetTxBuffer
                0x080124d2                USBD_CDC_SetRxBuffer
                0x080124de                USBD_CDC_TransmitPacket
                0x08012512                USBD_CDC_ReceivePacket
 .text          0x08012544      0x134 c:/stm32/gcc-arm-none-eabi/bin/../lib/gcc/arm-none-eabi/7.3.1/../../../../arm-none-eabi/lib/thumb/v7e-m/fpv5/hard\libc.a(lib_a-memcpy.o)
                0x08012544                memcpy
 *fill*         0x08012678        0x8 
 .text          0x08012680       0xdc c:/stm32/gcc-arm-none-eabi/bin/../lib/gcc/arm-none-eabi/7.3.1/../../../../arm-none-eabi/lib/thumb/v7e-m/fpv5/hard\libc.a(lib_a-strlen.o)
                0x08012680                strlen
 *fill*         0x0801275c        0x4 
 .text          0x08012760       0xa0 c:/stm32/gcc-arm-none-eabi/bin/../lib/gcc/arm-none-eabi/7.3.1/../../../../arm-none-eabi/lib/thumb/v7e-m/fpv5/hard\libc.a(lib_a-memchr.o)
                0x08012760                memchr
 .text          0x08012800       0x30 c:/stm32/gcc-arm-none-eabi/bin/../lib/gcc/arm-none-eabi/7.3.1/thumb/v7e-m/fpv5/hard\libgcc.a(_aeabi_uldivmod.o)
                0x08012800                __aeabi_uldivmod
 .text          0x08012830      0x2cc c:/stm32/gcc-arm-none-eabi/bin/../lib/gcc/arm-none-eabi/7.3.1/thumb/v7e-m/fpv5/hard\libgcc.a(_udivmoddi4.o)
                0x08012830                __udivmoddi4
 .text          0x08012afc      0x9ec c:/stm32/gcc-arm-none-eabi/bin/../lib/gcc/arm-none-eabi/7.3.1/thumb/v7e-m/fpv5/hard\libgcc.a(unwind-arm.o)
                0x08012db0                _Unwind_GetCFA
                0x08012db4                __gnu_Unwind_RaiseException
                0x08012e14                __gnu_Unwind_ForcedUnwind
                0x08012e28                __gnu_Unwind_Resume
                0x08012e6c                __gnu_Unwind_Resume_or_Rethrow
                0x08012e7c                _Unwind_Complete
                0x08012e80                _Unwind_DeleteException
                0x08012e8c                _Unwind_VRS_Get
                0x08012ed0                _Unwind_VRS_Set
                0x08012f18                __gnu_Unwind_Backtrace
                0x0801325c                __aeabi_unwind_cpp_pr0
                0x08013260                __aeabi_unwind_cpp_pr1
                0x08013264                __aeabi_unwind_cpp_pr2
                0x08013268                _Unwind_VRS_Pop
 .text          0x080134e8      0x1ac c:/stm32/gcc-arm-none-eabi/bin/../lib/gcc/arm-none-eabi/7.3.1/thumb/v7e-m/fpv5/hard\libgcc.a(libunwind.o)
                0x080134e8                __restore_core_regs
                0x080134e8                restore_core_regs
                0x08013500                __gnu_Unwind_Restore_VFP
                0x08013508                __gnu_Unwind_Save_VFP
                0x08013510                __gnu_Unwind_Restore_VFP_D
                0x08013518                __gnu_Unwind_Save_VFP_D
                0x08013520                __gnu_Unwind_Restore_VFP_D_16_to_31
                0x08013528                __gnu_Unwind_Save_VFP_D_16_to_31
                0x08013530                __gnu_Unwind_Restore_WMMXD
                0x08013574                __gnu_Unwind_Save_WMMXD
                0x080135b8                __gnu_Unwind_Restore_WMMXC
                0x080135cc                __gnu_Unwind_Save_WMMXC
                0x080135e0                ___Unwind_RaiseException
                0x080135e0                _Unwind_RaiseException
                0x08013604                _Unwind_Resume
                0x08013604                ___Unwind_Resume
                0x08013628                _Unwind_Resume_or_Rethrow
                0x08013628                ___Unwind_Resume_or_Rethrow
                0x0801364c                _Unwind_ForcedUnwind
                0x0801364c                ___Unwind_ForcedUnwind
                0x08013670                ___Unwind_Backtrace
                0x08013670                _Unwind_Backtrace
 .text          0x08013694      0x374 c:/stm32/gcc-arm-none-eabi/bin/../lib/gcc/arm-none-eabi/7.3.1/thumb/v7e-m/fpv5/hard\libgcc.a(pr-support.o)
                0x080136ec                __gnu_unwind_execute
                0x080139b0                __gnu_unwind_frame
                0x080139d8                _Unwind_GetRegionStart
                0x080139e4                _Unwind_GetLanguageSpecificData
                0x080139f8                _Unwind_GetDataRelBase
                0x08013a00                _Unwind_GetTextRelBase
 .text          0x08013a08        0x4 c:/stm32/gcc-arm-none-eabi/bin/../lib/gcc/arm-none-eabi/7.3.1/thumb/v7e-m/fpv5/hard\libgcc.a(_dvmd_tls.o)
                0x08013a08                __aeabi_idiv0
                0x08013a08                __aeabi_ldiv0
 *(.text*)
 .text.Reset_Handler
                0x08013a0c       0x50 build/startup_stm32f769xx.o
                0x08013a0c                Reset_Handler
 .text.Default_Handler
                0x08013a5c        0x2 build/startup_stm32f769xx.o
                0x08013a5c                RTC_Alarm_IRQHandler
                0x08013a5c                EXTI2_IRQHandler
                0x08013a5c                TIM8_CC_IRQHandler
                0x08013a5c                UART8_IRQHandler
                0x08013a5c                SPI4_IRQHandler
                0x08013a5c                TIM1_CC_IRQHandler
                0x08013a5c                DMA2_Stream5_IRQHandler
                0x08013a5c                JPEG_IRQHandler
                0x08013a5c                DMA1_Stream5_IRQHandler
                0x08013a5c                CAN3_RX1_IRQHandler
                0x08013a5c                PVD_IRQHandler
                0x08013a5c                TAMP_STAMP_IRQHandler
                0x08013a5c                PendSV_Handler
                0x08013a5c                CAN2_RX1_IRQHandler
                0x08013a5c                EXTI3_IRQHandler
                0x08013a5c                TIM8_TRG_COM_TIM14_IRQHandler
                0x08013a5c                DFSDM1_FLT1_IRQHandler
                0x08013a5c                TIM8_UP_TIM13_IRQHandler
                0x08013a5c                I2C3_ER_IRQHandler
                0x08013a5c                DFSDM1_FLT2_IRQHandler
                0x08013a5c                EXTI0_IRQHandler
                0x08013a5c                I2C2_EV_IRQHandler
                0x08013a5c                DMA1_Stream2_IRQHandler
                0x08013a5c                CAN1_RX0_IRQHandler
                0x08013a5c                FPU_IRQHandler
                0x08013a5c                OTG_HS_WKUP_IRQHandler
                0x08013a5c                CAN3_SCE_IRQHandler
                0x08013a5c                LTDC_ER_IRQHandler
                0x08013a5c                CAN2_SCE_IRQHandler
                0x08013a5c                DMA2_Stream2_IRQHandler
                0x08013a5c                SPI1_IRQHandler
                0x08013a5c                TIM6_DAC_IRQHandler
                0x08013a5c                TIM1_BRK_TIM9_IRQHandler
                0x08013a5c                DCMI_IRQHandler
                0x08013a5c                CAN2_RX0_IRQHandler
                0x08013a5c                DMA2_Stream3_IRQHandler
                0x08013a5c                SAI2_IRQHandler
                0x08013a5c                DFSDM1_FLT3_IRQHandler
                0x08013a5c                USART6_IRQHandler
                0x08013a5c                CAN3_RX0_IRQHandler
                0x08013a5c                USART3_IRQHandler
                0x08013a5c                CAN1_RX1_IRQHandler
                0x08013a5c                UART5_IRQHandler
                0x08013a5c                DMA2_Stream0_IRQHandler
                0x08013a5c                TIM4_IRQHandler
                0x08013a5c                QUADSPI_IRQHandler
                0x08013a5c                I2C1_EV_IRQHandler
                0x08013a5c                DMA1_Stream6_IRQHandler
                0x08013a5c                DMA1_Stream1_IRQHandler
                0x08013a5c                UART4_IRQHandler
                0x08013a5c                TIM3_IRQHandler
                0x08013a5c                RCC_IRQHandler
                0x08013a5c                TIM8_BRK_TIM12_IRQHandler
                0x08013a5c                Default_Handler
                0x08013a5c                CEC_IRQHandler
                0x08013a5c                EXTI15_10_IRQHandler
                0x08013a5c                ADC_IRQHandler
                0x08013a5c                DMA1_Stream7_IRQHandler
                0x08013a5c                SPI5_IRQHandler
                0x08013a5c                TIM7_IRQHandler
                0x08013a5c                SDMMC1_IRQHandler
                0x08013a5c                CAN2_TX_IRQHandler
                0x08013a5c                TIM5_IRQHandler
                0x08013a5c                DMA2_Stream7_IRQHandler
                0x08013a5c                I2C3_EV_IRQHandler
                0x08013a5c                EXTI9_5_IRQHandler
                0x08013a5c                RTC_WKUP_IRQHandler
                0x08013a5c                LTDC_IRQHandler
                0x08013a5c                ETH_WKUP_IRQHandler
                0x08013a5c                SPDIF_RX_IRQHandler
                0x08013a5c                SPI2_IRQHandler
                0x08013a5c                OTG_HS_EP1_IN_IRQHandler
                0x08013a5c                DMA1_Stream0_IRQHandler
                0x08013a5c                CAN1_TX_IRQHandler
                0x08013a5c                SVC_Handler
                0x08013a5c                EXTI4_IRQHandler
                0x08013a5c                RNG_IRQHandler
                0x08013a5c                DSI_IRQHandler
                0x08013a5c                ETH_IRQHandler
                0x08013a5c                OTG_HS_EP1_OUT_IRQHandler
                0x08013a5c                WWDG_IRQHandler
                0x08013a5c                SPI6_IRQHandler
                0x08013a5c                MDIOS_IRQHandler
                0x08013a5c                I2C4_EV_IRQHandler
                0x08013a5c                CAN3_TX_IRQHandler
                0x08013a5c                TIM2_IRQHandler
                0x08013a5c                OTG_FS_WKUP_IRQHandler
                0x08013a5c                TIM1_TRG_COM_TIM11_IRQHandler
                0x08013a5c                DMA2D_IRQHandler
                0x08013a5c                EXTI1_IRQHandler
                0x08013a5c                SDMMC2_IRQHandler
                0x08013a5c                UART7_IRQHandler
                0x08013a5c                USART2_IRQHandler
                0x08013a5c                DFSDM1_FLT0_IRQHandler
                0x08013a5c                I2C2_ER_IRQHandler
                0x08013a5c                DMA2_Stream1_IRQHandler
                0x08013a5c                CAN1_SCE_IRQHandler
                0x08013a5c                FLASH_IRQHandler
                0x08013a5c                DMA2_Stream4_IRQHandler
                0x08013a5c                USART1_IRQHandler
                0x08013a5c                OTG_FS_IRQHandler
                0x08013a5c                SPI3_IRQHandler
                0x08013a5c                DMA1_Stream4_IRQHandler
                0x08013a5c                I2C1_ER_IRQHandler
                0x08013a5c                FMC_IRQHandler
                0x08013a5c                LPTIM1_IRQHandler
                0x08013a5c                I2C4_ER_IRQHandler
                0x08013a5c                DMA2_Stream6_IRQHandler
                0x08013a5c                SAI1_IRQHandler
                0x08013a5c                DMA1_Stream3_IRQHandler
 *fill*         0x08013a5e        0x2 
 .text.__libc_init_array
                0x08013a60       0x48 c:/stm32/gcc-arm-none-eabi/bin/../lib/gcc/arm-none-eabi/7.3.1/../../../../arm-none-eabi/lib/thumb/v7e-m/fpv5/hard\libc.a(lib_a-init.o)
                0x08013a60                __libc_init_array
 .text.malloc   0x08013aa8       0x10 c:/stm32/gcc-arm-none-eabi/bin/../lib/gcc/arm-none-eabi/7.3.1/../../../../arm-none-eabi/lib/thumb/v7e-m/fpv5/hard\libc.a(lib_a-malloc.o)
                0x08013aa8                malloc
 .text.free     0x08013ab8       0x10 c:/stm32/gcc-arm-none-eabi/bin/../lib/gcc/arm-none-eabi/7.3.1/../../../../arm-none-eabi/lib/thumb/v7e-m/fpv5/hard\libc.a(lib_a-malloc.o)
                0x08013ab8                free
 .text._malloc_r
                0x08013ac8      0x548 c:/stm32/gcc-arm-none-eabi/bin/../lib/gcc/arm-none-eabi/7.3.1/../../../../arm-none-eabi/lib/thumb/v7e-m/fpv5/hard\libc.a(lib_a-mallocr.o)
                0x08013ac8                _malloc_r
 .text.memset   0x08014010       0x94 c:/stm32/gcc-arm-none-eabi/bin/../lib/gcc/arm-none-eabi/7.3.1/../../../../arm-none-eabi/lib/thumb/v7e-m/fpv5/hard\libc.a(lib_a-memset.o)
                0x08014010                memset
 .text.__malloc_lock
                0x080140a4        0xc c:/stm32/gcc-arm-none-eabi/bin/../lib/gcc/arm-none-eabi/7.3.1/../../../../arm-none-eabi/lib/thumb/v7e-m/fpv5/hard\libc.a(lib_a-mlock.o)
                0x080140a4                __malloc_lock
 .text.__malloc_unlock
                0x080140b0        0xc c:/stm32/gcc-arm-none-eabi/bin/../lib/gcc/arm-none-eabi/7.3.1/../../../../arm-none-eabi/lib/thumb/v7e-m/fpv5/hard\libc.a(lib_a-mlock.o)
                0x080140b0                __malloc_unlock
 .text._puts_r  0x080140bc       0x9c c:/stm32/gcc-arm-none-eabi/bin/../lib/gcc/arm-none-eabi/7.3.1/../../../../arm-none-eabi/lib/thumb/v7e-m/fpv5/hard\libc.a(lib_a-puts.o)
                0x080140bc                _puts_r
 .text.puts     0x08014158       0x10 c:/stm32/gcc-arm-none-eabi/bin/../lib/gcc/arm-none-eabi/7.3.1/../../../../arm-none-eabi/lib/thumb/v7e-m/fpv5/hard\libc.a(lib_a-puts.o)
                0x08014158                puts
 .text._sbrk_r  0x08014168       0x24 c:/stm32/gcc-arm-none-eabi/bin/../lib/gcc/arm-none-eabi/7.3.1/../../../../arm-none-eabi/lib/thumb/v7e-m/fpv5/hard\libc.a(lib_a-sbrkr.o)
                0x08014168                _sbrk_r
 .text.startup.register_fini
                0x0801418c       0x14 c:/stm32/gcc-arm-none-eabi/bin/../lib/gcc/arm-none-eabi/7.3.1/../../../../arm-none-eabi/lib/thumb/v7e-m/fpv5/hard\libc.a(lib_a-__call_atexit.o)
 .text.atexit   0x080141a0        0xc c:/stm32/gcc-arm-none-eabi/bin/../lib/gcc/arm-none-eabi/7.3.1/../../../../arm-none-eabi/lib/thumb/v7e-m/fpv5/hard\libc.a(lib_a-atexit.o)
                0x080141a0                atexit
 .text.std      0x080141ac       0x50 c:/stm32/gcc-arm-none-eabi/bin/../lib/gcc/arm-none-eabi/7.3.1/../../../../arm-none-eabi/lib/thumb/v7e-m/fpv5/hard\libc.a(lib_a-findfp.o)
 .text._cleanup_r
                0x080141fc        0xc c:/stm32/gcc-arm-none-eabi/bin/../lib/gcc/arm-none-eabi/7.3.1/../../../../arm-none-eabi/lib/thumb/v7e-m/fpv5/hard\libc.a(lib_a-findfp.o)
                0x080141fc                _cleanup_r
 .text.__sinit  0x08014208       0x58 c:/stm32/gcc-arm-none-eabi/bin/../lib/gcc/arm-none-eabi/7.3.1/../../../../arm-none-eabi/lib/thumb/v7e-m/fpv5/hard\libc.a(lib_a-findfp.o)
                0x08014208                __sinit
 .text.__sfp_lock_acquire
                0x08014260        0xc c:/stm32/gcc-arm-none-eabi/bin/../lib/gcc/arm-none-eabi/7.3.1/../../../../arm-none-eabi/lib/thumb/v7e-m/fpv5/hard\libc.a(lib_a-findfp.o)
                0x08014260                __sfp_lock_acquire
 .text.__sfp_lock_release
                0x0801426c        0xc c:/stm32/gcc-arm-none-eabi/bin/../lib/gcc/arm-none-eabi/7.3.1/../../../../arm-none-eabi/lib/thumb/v7e-m/fpv5/hard\libc.a(lib_a-findfp.o)
                0x0801426c                __sfp_lock_release
 .text.__libc_fini_array
                0x08014278       0x34 c:/stm32/gcc-arm-none-eabi/bin/../lib/gcc/arm-none-eabi/7.3.1/../../../../arm-none-eabi/lib/thumb/v7e-m/fpv5/hard\libc.a(lib_a-fini.o)
                0x08014278                __libc_fini_array
 .text._malloc_trim_r
                0x080142ac       0xa0 c:/stm32/gcc-arm-none-eabi/bin/../lib/gcc/arm-none-eabi/7.3.1/../../../../arm-none-eabi/lib/thumb/v7e-m/fpv5/hard\libc.a(lib_a-freer.o)
                0x080142ac                _malloc_trim_r
 .text._free_r  0x0801434c      0x1e8 c:/stm32/gcc-arm-none-eabi/bin/../lib/gcc/arm-none-eabi/7.3.1/../../../../arm-none-eabi/lib/thumb/v7e-m/fpv5/hard\libc.a(lib_a-freer.o)
                0x0801434c                _free_r
 .text.__sfvwrite_r
                0x08014534      0x2fc c:/stm32/gcc-arm-none-eabi/bin/../lib/gcc/arm-none-eabi/7.3.1/../../../../arm-none-eabi/lib/thumb/v7e-m/fpv5/hard\libc.a(lib_a-fvwrite.o)
                0x08014534                __sfvwrite_r
 .text._fwalk_reent
                0x08014830       0x54 c:/stm32/gcc-arm-none-eabi/bin/../lib/gcc/arm-none-eabi/7.3.1/../../../../arm-none-eabi/lib/thumb/v7e-m/fpv5/hard\libc.a(lib_a-fwalk.o)
                0x08014830                _fwalk_reent
 .text.__retarget_lock_init_recursive
                0x08014884        0x4 c:/stm32/gcc-arm-none-eabi/bin/../lib/gcc/arm-none-eabi/7.3.1/../../../../arm-none-eabi/lib/thumb/v7e-m/fpv5/hard\libc.a(lib_a-lock.o)
                0x08014884                __retarget_lock_init_recursive
 .text.__retarget_lock_close_recursive
                0x08014888        0x4 c:/stm32/gcc-arm-none-eabi/bin/../lib/gcc/arm-none-eabi/7.3.1/../../../../arm-none-eabi/lib/thumb/v7e-m/fpv5/hard\libc.a(lib_a-lock.o)
                0x08014888                __retarget_lock_close_recursive
 .text.__retarget_lock_acquire_recursive
                0x0801488c        0x4 c:/stm32/gcc-arm-none-eabi/bin/../lib/gcc/arm-none-eabi/7.3.1/../../../../arm-none-eabi/lib/thumb/v7e-m/fpv5/hard\libc.a(lib_a-lock.o)
                0x0801488c                __retarget_lock_acquire_recursive
 .text.__retarget_lock_release_recursive
                0x08014890        0x4 c:/stm32/gcc-arm-none-eabi/bin/../lib/gcc/arm-none-eabi/7.3.1/../../../../arm-none-eabi/lib/thumb/v7e-m/fpv5/hard\libc.a(lib_a-lock.o)
                0x08014890                __retarget_lock_release_recursive
 .text.memmove  0x08014894       0xc8 c:/stm32/gcc-arm-none-eabi/bin/../lib/gcc/arm-none-eabi/7.3.1/../../../../arm-none-eabi/lib/thumb/v7e-m/fpv5/hard\libc.a(lib_a-memmove.o)
                0x08014894                memmove
 .text._realloc_r
                0x0801495c      0x35c c:/stm32/gcc-arm-none-eabi/bin/../lib/gcc/arm-none-eabi/7.3.1/../../../../arm-none-eabi/lib/thumb/v7e-m/fpv5/hard\libc.a(lib_a-reallocr.o)
                0x0801495c                _realloc_r
 .text.__sread  0x08014cb8       0x24 c:/stm32/gcc-arm-none-eabi/bin/../lib/gcc/arm-none-eabi/7.3.1/../../../../arm-none-eabi/lib/thumb/v7e-m/fpv5/hard\libc.a(lib_a-stdio.o)
                0x08014cb8                __sread
 .text.__swrite
                0x08014cdc       0x3c c:/stm32/gcc-arm-none-eabi/bin/../lib/gcc/arm-none-eabi/7.3.1/../../../../arm-none-eabi/lib/thumb/v7e-m/fpv5/hard\libc.a(lib_a-stdio.o)
                0x08014cdc                __swrite
 .text.__sseek  0x08014d18       0x20 c:/stm32/gcc-arm-none-eabi/bin/../lib/gcc/arm-none-eabi/7.3.1/../../../../arm-none-eabi/lib/thumb/v7e-m/fpv5/hard\libc.a(lib_a-stdio.o)
                0x08014d18                __sseek
 .text.__sclose
                0x08014d38        0x8 c:/stm32/gcc-arm-none-eabi/bin/../lib/gcc/arm-none-eabi/7.3.1/../../../../arm-none-eabi/lib/thumb/v7e-m/fpv5/hard\libc.a(lib_a-stdio.o)
                0x08014d38                __sclose
 .text._write_r
                0x08014d40       0x2c c:/stm32/gcc-arm-none-eabi/bin/../lib/gcc/arm-none-eabi/7.3.1/../../../../arm-none-eabi/lib/thumb/v7e-m/fpv5/hard\libc.a(lib_a-writer.o)
                0x08014d40                _write_r
 .text.__swsetup_r
                0x08014d6c       0xcc c:/stm32/gcc-arm-none-eabi/bin/../lib/gcc/arm-none-eabi/7.3.1/../../../../arm-none-eabi/lib/thumb/v7e-m/fpv5/hard\libc.a(lib_a-wsetup.o)
                0x08014d6c                __swsetup_r
 .text.__register_exitproc
                0x08014e38       0xc0 c:/stm32/gcc-arm-none-eabi/bin/../lib/gcc/arm-none-eabi/7.3.1/../../../../arm-none-eabi/lib/thumb/v7e-m/fpv5/hard\libc.a(lib_a-__atexit.o)
                0x08014e38                __register_exitproc
 .text._close_r
                0x08014ef8       0x24 c:/stm32/gcc-arm-none-eabi/bin/../lib/gcc/arm-none-eabi/7.3.1/../../../../arm-none-eabi/lib/thumb/v7e-m/fpv5/hard\libc.a(lib_a-closer.o)
                0x08014ef8                _close_r
 .text._fclose_r
                0x08014f1c       0xd0 c:/stm32/gcc-arm-none-eabi/bin/../lib/gcc/arm-none-eabi/7.3.1/../../../../arm-none-eabi/lib/thumb/v7e-m/fpv5/hard\libc.a(lib_a-fclose.o)
                0x08014f1c                _fclose_r
 .text.__sflush_r
                0x08014fec      0x154 c:/stm32/gcc-arm-none-eabi/bin/../lib/gcc/arm-none-eabi/7.3.1/../../../../arm-none-eabi/lib/thumb/v7e-m/fpv5/hard\libc.a(lib_a-fflush.o)
                0x08014fec                __sflush_r
 .text._fflush_r
                0x08015140       0x5c c:/stm32/gcc-arm-none-eabi/bin/../lib/gcc/arm-none-eabi/7.3.1/../../../../arm-none-eabi/lib/thumb/v7e-m/fpv5/hard\libc.a(lib_a-fflush.o)
                0x08015140                _fflush_r
 .text._lseek_r
                0x0801519c       0x2c c:/stm32/gcc-arm-none-eabi/bin/../lib/gcc/arm-none-eabi/7.3.1/../../../../arm-none-eabi/lib/thumb/v7e-m/fpv5/hard\libc.a(lib_a-lseekr.o)
                0x0801519c                _lseek_r
 .text.__swhatbuf_r
                0x080151c8       0x5c c:/stm32/gcc-arm-none-eabi/bin/../lib/gcc/arm-none-eabi/7.3.1/../../../../arm-none-eabi/lib/thumb/v7e-m/fpv5/hard\libc.a(lib_a-makebuf.o)
                0x080151c8                __swhatbuf_r
 .text.__smakebuf_r
                0x08015224       0x94 c:/stm32/gcc-arm-none-eabi/bin/../lib/gcc/arm-none-eabi/7.3.1/../../../../arm-none-eabi/lib/thumb/v7e-m/fpv5/hard\libc.a(lib_a-makebuf.o)
                0x08015224                __smakebuf_r
 .text._read_r  0x080152b8       0x2c c:/stm32/gcc-arm-none-eabi/bin/../lib/gcc/arm-none-eabi/7.3.1/../../../../arm-none-eabi/lib/thumb/v7e-m/fpv5/hard\libc.a(lib_a-readr.o)
                0x080152b8                _read_r
 .text._fstat_r
                0x080152e4       0x28 c:/stm32/gcc-arm-none-eabi/bin/../lib/gcc/arm-none-eabi/7.3.1/../../../../arm-none-eabi/lib/thumb/v7e-m/fpv5/hard\libc.a(lib_a-fstatr.o)
                0x080152e4                _fstat_r
 .text._isatty_r
                0x0801530c       0x24 c:/stm32/gcc-arm-none-eabi/bin/../lib/gcc/arm-none-eabi/7.3.1/../../../../arm-none-eabi/lib/thumb/v7e-m/fpv5/hard\libc.a(lib_a-isattyr.o)
                0x0801530c                _isatty_r
 .text.abort    0x08015330       0x10 c:/stm32/gcc-arm-none-eabi/bin/../lib/gcc/arm-none-eabi/7.3.1/../../../../arm-none-eabi/lib/thumb/v7e-m/fpv5/hard\libg.a(lib_a-abort.o)
                0x08015330                abort
 .text._raise_r
                0x08015340       0x58 c:/stm32/gcc-arm-none-eabi/bin/../lib/gcc/arm-none-eabi/7.3.1/../../../../arm-none-eabi/lib/thumb/v7e-m/fpv5/hard\libg.a(lib_a-signal.o)
                0x08015340                _raise_r
 .text.raise    0x08015398       0x10 c:/stm32/gcc-arm-none-eabi/bin/../lib/gcc/arm-none-eabi/7.3.1/../../../../arm-none-eabi/lib/thumb/v7e-m/fpv5/hard\libg.a(lib_a-signal.o)
                0x08015398                raise
 .text._kill_r  0x080153a8       0x28 c:/stm32/gcc-arm-none-eabi/bin/../lib/gcc/arm-none-eabi/7.3.1/../../../../arm-none-eabi/lib/thumb/v7e-m/fpv5/hard\libg.a(lib_a-signalr.o)
                0x080153a8                _kill_r
 .text._getpid_r
                0x080153d0        0x4 c:/stm32/gcc-arm-none-eabi/bin/../lib/gcc/arm-none-eabi/7.3.1/../../../../arm-none-eabi/lib/thumb/v7e-m/fpv5/hard\libg.a(lib_a-signalr.o)
                0x080153d0                _getpid_r
 .text._close   0x080153d4       0x10 c:/stm32/gcc-arm-none-eabi/bin/../lib/gcc/arm-none-eabi/7.3.1/../../../../arm-none-eabi/lib/thumb/v7e-m/fpv5/hard\libnosys.a(close.o)
                0x080153d4                _close
 .text._fstat   0x080153e4       0x10 c:/stm32/gcc-arm-none-eabi/bin/../lib/gcc/arm-none-eabi/7.3.1/../../../../arm-none-eabi/lib/thumb/v7e-m/fpv5/hard\libnosys.a(fstat.o)
                0x080153e4                _fstat
 .text._getpid  0x080153f4       0x10 c:/stm32/gcc-arm-none-eabi/bin/../lib/gcc/arm-none-eabi/7.3.1/../../../../arm-none-eabi/lib/thumb/v7e-m/fpv5/hard\libnosys.a(getpid.o)
                0x080153f4                _getpid
 .text._isatty  0x08015404       0x10 c:/stm32/gcc-arm-none-eabi/bin/../lib/gcc/arm-none-eabi/7.3.1/../../../../arm-none-eabi/lib/thumb/v7e-m/fpv5/hard\libnosys.a(isatty.o)
                0x08015404                _isatty
 .text._kill    0x08015414       0x10 c:/stm32/gcc-arm-none-eabi/bin/../lib/gcc/arm-none-eabi/7.3.1/../../../../arm-none-eabi/lib/thumb/v7e-m/fpv5/hard\libnosys.a(kill.o)
                0x08015414                _kill
 .text._lseek   0x08015424       0x10 c:/stm32/gcc-arm-none-eabi/bin/../lib/gcc/arm-none-eabi/7.3.1/../../../../arm-none-eabi/lib/thumb/v7e-m/fpv5/hard\libnosys.a(lseek.o)
                0x08015424                _lseek
 .text._read    0x08015434       0x10 c:/stm32/gcc-arm-none-eabi/bin/../lib/gcc/arm-none-eabi/7.3.1/../../../../arm-none-eabi/lib/thumb/v7e-m/fpv5/hard\libnosys.a(read.o)
                0x08015434                _read
 .text._sbrk    0x08015444       0x1c c:/stm32/gcc-arm-none-eabi/bin/../lib/gcc/arm-none-eabi/7.3.1/../../../../arm-none-eabi/lib/thumb/v7e-m/fpv5/hard\libnosys.a(sbrk.o)
                0x08015444                _sbrk
 .text._write   0x08015460       0x10 c:/stm32/gcc-arm-none-eabi/bin/../lib/gcc/arm-none-eabi/7.3.1/../../../../arm-none-eabi/lib/thumb/v7e-m/fpv5/hard\libnosys.a(write.o)
                0x08015460                _write
 .text._exit    0x08015470        0x4 c:/stm32/gcc-arm-none-eabi/bin/../lib/gcc/arm-none-eabi/7.3.1/../../../../arm-none-eabi/lib/thumb/v7e-m/fpv5/hard\libnosys.a(_exit.o)
                0x08015470                _exit
 *(.glue_7)
 .glue_7        0x08015474        0x0 linker stubs
 *(.glue_7t)
 .glue_7t       0x08015474        0x0 linker stubs
 *(.eh_frame)
 .eh_frame      0x08015474        0x0 c:/stm32/gcc-arm-none-eabi/bin/../lib/gcc/arm-none-eabi/7.3.1/thumb/v7e-m/fpv5/hard/crtbegin.o
 *(.init)
 .init          0x08015474        0x4 c:/stm32/gcc-arm-none-eabi/bin/../lib/gcc/arm-none-eabi/7.3.1/thumb/v7e-m/fpv5/hard/crti.o
                0x08015474                _init
 .init          0x08015478        0x8 c:/stm32/gcc-arm-none-eabi/bin/../lib/gcc/arm-none-eabi/7.3.1/thumb/v7e-m/fpv5/hard/crtn.o
 *(.fini)
 .fini          0x08015480        0x4 c:/stm32/gcc-arm-none-eabi/bin/../lib/gcc/arm-none-eabi/7.3.1/thumb/v7e-m/fpv5/hard/crti.o
                0x08015480                _fini
 .fini          0x08015484        0x8 c:/stm32/gcc-arm-none-eabi/bin/../lib/gcc/arm-none-eabi/7.3.1/thumb/v7e-m/fpv5/hard/crtn.o
                0x0801548c                . = ALIGN (0x4)
                0x0801548c                _etext = .

.vfp11_veneer   0x0801548c        0x0
 .vfp11_veneer  0x0801548c        0x0 linker stubs

.v4_bx          0x0801548c        0x0
 .v4_bx         0x0801548c        0x0 linker stubs

.iplt           0x0801548c        0x0
 .iplt          0x0801548c        0x0 c:/stm32/gcc-arm-none-eabi/bin/../lib/gcc/arm-none-eabi/7.3.1/thumb/v7e-m/fpv5/hard/crtbegin.o

.rodata         0x0801548c       0xec
                0x0801548c                . = ALIGN (0x4)
 *(.rodata)
 .rodata        0x0801548c       0x14 build/main.o
 .rodata        0x080154a0       0x18 build/system_stm32f7xx.o
                0x080154a0                AHBPrescTable
                0x080154b0                APBPrescTable
 .rodata        0x080154b8        0x8 build/stm32f7xx_hal_dma.o
 *(.rodata*)
 .rodata.str1.4
                0x080154c0       0x12 build/fakeLib.o
 *fill*         0x080154d2        0x2 
 .rodata.str1.4
                0x080154d4       0x1c build/main.o
 .rodata.str1.4
                0x080154f0       0x56 build/usbd_desc.o
 *fill*         0x08015546        0x2 
 .rodata.str1.4
                0x08015548       0x1e build/usbd_conf.o
 *fill*         0x08015566        0x2 
 .rodata.str1.4
                0x08015568        0x5 build/tasks.o
 *fill*         0x0801556d        0x3 
 .rodata._global_impure_ptr
                0x08015570        0x4 c:/stm32/gcc-arm-none-eabi/bin/../lib/gcc/arm-none-eabi/7.3.1/../../../../arm-none-eabi/lib/thumb/v7e-m/fpv5/hard\libc.a(lib_a-impure.o)
                0x08015570                _global_impure_ptr
 .rodata._puts_r.str1.4
                0x08015574        0x4 c:/stm32/gcc-arm-none-eabi/bin/../lib/gcc/arm-none-eabi/7.3.1/../../../../arm-none-eabi/lib/thumb/v7e-m/fpv5/hard\libc.a(lib_a-puts.o)
                                  0x2 (size before relaxing)
                0x08015578                . = ALIGN (0x4)

.ARM.extab      0x08015578      0x4bc
 *(.ARM.extab* .gnu.linkonce.armextab.*)
 .ARM.extab     0x08015578        0xc build/fakeLib.o
 .ARM.extab     0x08015584        0xc build/main.o
 .ARM.extab     0x08015590       0x24 build/stm32f7xx_it.o
 .ARM.extab     0x080155b4       0x24 build/stm32f7xx_hal_msp.o
 .ARM.extab     0x080155d8       0x18 build/stm32f7xx_hal_pcd.o
 .ARM.extab     0x080155f0       0x30 build/stm32f7xx_ll_usb.o
 .ARM.extab     0x08015620        0xc build/stm32f7xx_hal_cortex.o
 .ARM.extab     0x0801562c       0x3c build/stm32f7xx_hal_dfsdm.o
 .ARM.extab     0x08015668       0x30 build/stm32f7xx_hal_i2c.o
 .ARM.extab     0x08015698       0x18 build/stm32f7xx_hal_sai.o
 .ARM.extab     0x080156b0       0x24 build/stm32f7xx_hal_tim.o
 .ARM.extab     0x080156d4        0xc build/stm32f7xx_hal_tim_ex.o
 .ARM.extab     0x080156e0        0xc build/stm32f7xx_hal_rcc.o
 .ARM.extab     0x080156ec        0xc build/stm32f7xx_hal_gpio.o
 .ARM.extab     0x080156f8       0x18 build/stm32f7xx_hal.o
 .ARM.extab     0x08015710       0x30 build/usbd_desc.o
 .ARM.extab     0x08015740      0x108 build/usbd_conf.o
 .ARM.extab     0x08015848        0xc build/port.o
 .ARM.extab     0x08015854       0x18 build/tasks.o
 .ARM.extab     0x0801586c      0x114 build/cmsis_os.o
 .ARM.extab     0x08015980       0x48 build/usbd_core.o
 .ARM.extab     0x080159c8       0x3c build/usbd_ioreq.o
 .ARM.extab     0x08015a04       0x18 build/usbd_cdc.o
 .ARM.extab     0x08015a1c       0x18 c:/stm32/gcc-arm-none-eabi/bin/../lib/gcc/arm-none-eabi/7.3.1/thumb/v7e-m/fpv5/hard\libgcc.a(pr-support.o)

.ARM            0x08015a34      0xde0
                0x08015a34                __exidx_start = .
 *(.ARM.exidx*)
 .ARM.exidx     0x08015a34        0x8 build/fakeLib.o
 .ARM.exidx     0x08015a3c       0x28 build/main.o
 .ARM.exidx     0x08015a64        0x0 build/system_stm32f7xx.o
                                 0x10 (size before relaxing)
 .ARM.exidx     0x08015a64       0x18 build/stm32f7xx_it.o
                                 0x48 (size before relaxing)
 .ARM.exidx     0x08015a7c       0x48 build/stm32f7xx_hal_msp.o
 .ARM.exidx     0x08015ac4       0x10 build/stm32f7xx_hal_timebase_TIM.o
                                 0x18 (size before relaxing)
 .ARM.exidx     0x08015ad4       0x78 build/stm32f7xx_hal_pcd.o
                                0x100 (size before relaxing)
 .ARM.exidx     0x08015b4c        0x0 build/stm32f7xx_hal_pcd_ex.o
                                 0x30 (size before relaxing)
 .ARM.exidx     0x08015b4c       0x48 build/stm32f7xx_ll_usb.o
                                0x178 (size before relaxing)
 .ARM.exidx     0x08015b94        0x8 build/stm32f7xx_hal_cortex.o
                                 0x90 (size before relaxing)
 .ARM.exidx     0x08015b9c      0x110 build/stm32f7xx_hal_dfsdm.o
                                0x228 (size before relaxing)
 .ARM.exidx     0x08015cac      0x130 build/stm32f7xx_hal_i2c.o
                                0x240 (size before relaxing)
 .ARM.exidx     0x08015ddc        0x0 build/stm32f7xx_hal_i2c_ex.o
                                 0x20 (size before relaxing)
 .ARM.exidx     0x08015ddc       0xa0 build/stm32f7xx_hal_sai.o
                                0x150 (size before relaxing)
 .ARM.exidx     0x08015e7c        0x0 build/stm32f7xx_ll_sdmmc.o
                                0x148 (size before relaxing)
 .ARM.exidx     0x08015e7c       0x78 build/stm32f7xx_hal_mmc.o
                                 0xf8 (size before relaxing)
 .ARM.exidx     0x08015ef4      0x150 build/stm32f7xx_hal_tim.o
                                0x328 (size before relaxing)
 .ARM.exidx     0x08016044       0x78 build/stm32f7xx_hal_tim_ex.o
                                0x160 (size before relaxing)
 .ARM.exidx     0x080160bc       0x38 build/stm32f7xx_hal_rcc.o
                                 0x70 (size before relaxing)
 .ARM.exidx     0x080160f4       0x30 build/stm32f7xx_hal_rcc_ex.o
                                 0x38 (size before relaxing)
 .ARM.exidx     0x08016124       0x10 build/stm32f7xx_hal_gpio.o
                                 0x40 (size before relaxing)
 .ARM.exidx     0x08016134       0x40 build/stm32f7xx_hal_dma.o
                                 0x68 (size before relaxing)
 .ARM.exidx     0x08016174       0x30 build/stm32f7xx_hal_pwr_ex.o
                                 0x68 (size before relaxing)
 .ARM.exidx     0x080161a4       0x40 build/stm32f7xx_hal.o
                                 0xf8 (size before relaxing)
 .ARM.exidx     0x080161e4       0x10 build/fatfs.o
 .ARM.exidx     0x080161f4        0x0 build/user_diskio.o
                                 0x28 (size before relaxing)
 .ARM.exidx     0x080161f4        0x8 build/usb_device.o
 .ARM.exidx     0x080161fc       0x30 build/usbd_desc.o
                                 0x40 (size before relaxing)
 .ARM.exidx     0x0801622c       0x20 build/usbd_cdc_if.o
                                 0x28 (size before relaxing)
 .ARM.exidx     0x0801624c       0xe0 build/usbd_conf.o
                                 0xe8 (size before relaxing)
 .ARM.exidx     0x0801632c        0x8 build/ff_gen_drv.o
                                 0x28 (size before relaxing)
 .ARM.exidx     0x08016334       0x18 build/heap_4.o
                                 0x30 (size before relaxing)
 .ARM.exidx     0x0801634c       0x20 build/port.o
                                 0x68 (size before relaxing)
 .ARM.exidx     0x0801636c        0x0 build/list.o
                                 0x28 (size before relaxing)
 .ARM.exidx     0x0801636c       0x78 build/queue.o
                                 0xa8 (size before relaxing)
 .ARM.exidx     0x080163e4      0x100 build/tasks.o
                                0x150 (size before relaxing)
 .ARM.exidx     0x080164e4      0x160 build/cmsis_os.o
                                0x1a8 (size before relaxing)
 .ARM.exidx     0x08016644       0x78 build/usbd_core.o
                                 0xa0 (size before relaxing)
 .ARM.exidx     0x080166bc       0x28 build/usbd_ctlreq.o
                                 0x30 (size before relaxing)
 .ARM.exidx     0x080166e4       0x38 build/usbd_ioreq.o
 .ARM.exidx     0x0801671c       0x48 build/usbd_cdc.o
                                 0x78 (size before relaxing)
 .ARM.exidx     0x08016764        0x0 c:/stm32/gcc-arm-none-eabi/bin/../lib/gcc/arm-none-eabi/7.3.1/thumb/v7e-m/fpv5/hard\libgcc.a(_udivmoddi4.o)
                                  0x8 (size before relaxing)
 .ARM.exidx     0x08016764       0x78 c:/stm32/gcc-arm-none-eabi/bin/../lib/gcc/arm-none-eabi/7.3.1/thumb/v7e-m/fpv5/hard\libgcc.a(unwind-arm.o)
                                 0xd8 (size before relaxing)
 .ARM.exidx     0x080167dc       0x38 c:/stm32/gcc-arm-none-eabi/bin/../lib/gcc/arm-none-eabi/7.3.1/thumb/v7e-m/fpv5/hard\libgcc.a(pr-support.o)
                                 0x48 (size before relaxing)
                0x08016814                __exidx_end = .

.rel.dyn        0x08016814        0x0
 .rel.iplt      0x08016814        0x0 c:/stm32/gcc-arm-none-eabi/bin/../lib/gcc/arm-none-eabi/7.3.1/thumb/v7e-m/fpv5/hard/crtbegin.o

.preinit_array  0x08016814        0x0
                0x08016814                PROVIDE (__preinit_array_start = .)
 *(.preinit_array*)
                0x08016814                PROVIDE (__preinit_array_end = .)

.init_array     0x08016814        0x8
                0x08016814                PROVIDE (__init_array_start = .)
 *(SORT_BY_NAME(.init_array.*))
 .init_array.00000
                0x08016814        0x4 c:/stm32/gcc-arm-none-eabi/bin/../lib/gcc/arm-none-eabi/7.3.1/../../../../arm-none-eabi/lib/thumb/v7e-m/fpv5/hard\libc.a(lib_a-__call_atexit.o)
 *(.init_array*)
 .init_array    0x08016818        0x4 c:/stm32/gcc-arm-none-eabi/bin/../lib/gcc/arm-none-eabi/7.3.1/thumb/v7e-m/fpv5/hard/crtbegin.o
                0x0801681c                PROVIDE (__init_array_end = .)

.fini_array     0x0801681c        0x4
                0x0801681c                PROVIDE (__fini_array_start = .)
 *(SORT_BY_NAME(.fini_array.*))
 *(.fini_array*)
 .fini_array    0x0801681c        0x4 c:/stm32/gcc-arm-none-eabi/bin/../lib/gcc/arm-none-eabi/7.3.1/thumb/v7e-m/fpv5/hard/crtbegin.o
                0x08016820                PROVIDE (__fini_array_end = .)
                0x08016820                _sidata = LOADADDR (.data)

.data           0x20000000      0x9cc load address 0x08016820
                0x20000000                . = ALIGN (0x4)
                0x20000000                _sdata = .
 *(.data)
 .data          0x20000000        0x4 build/system_stm32f7xx.o
                0x20000000                SystemCoreClock
 .data          0x20000004        0x8 build/stm32f7xx_hal.o
                0x20000004                uwTickFreq
                0x20000008                uwTickPrio
 .data          0x2000000c       0x18 build/user_diskio.o
                0x20000010                USER_Driver
 .data          0x20000024       0x44 build/usbd_desc.o
                0x20000024                USBD_HS_DeviceDesc
                0x20000038                USBD_LangIDDesc
                0x2000003c                USBD_HS_BOSDesc
                0x20000048                HS_Desc
 .data          0x20000068       0x10 build/usbd_cdc_if.o
                0x20000068                USBD_Interface_fops_HS
 .data          0x20000078        0x4 build/port.o
 .data          0x2000007c      0x110 build/usbd_cdc.o
                0x2000007c                USBD_CDC_CfgFSDesc
                0x200000c0                USBD_CDC_CfgHSDesc
                0x20000104                USBD_CDC_OtherSpeedCfgDesc
                0x20000154                USBD_CDC
 *(.data*)
 .data._impure_ptr
                0x2000018c        0x4 c:/stm32/gcc-arm-none-eabi/bin/../lib/gcc/arm-none-eabi/7.3.1/../../../../arm-none-eabi/lib/thumb/v7e-m/fpv5/hard\libc.a(lib_a-impure.o)
                0x2000018c                _impure_ptr
 .data.impure_data
                0x20000190      0x428 c:/stm32/gcc-arm-none-eabi/bin/../lib/gcc/arm-none-eabi/7.3.1/../../../../arm-none-eabi/lib/thumb/v7e-m/fpv5/hard\libc.a(lib_a-impure.o)
 .data.__malloc_av_
                0x200005b8      0x408 c:/stm32/gcc-arm-none-eabi/bin/../lib/gcc/arm-none-eabi/7.3.1/../../../../arm-none-eabi/lib/thumb/v7e-m/fpv5/hard\libc.a(lib_a-mallocr.o)
                0x200005b8                __malloc_av_
 .data.__malloc_sbrk_base
                0x200009c0        0x4 c:/stm32/gcc-arm-none-eabi/bin/../lib/gcc/arm-none-eabi/7.3.1/../../../../arm-none-eabi/lib/thumb/v7e-m/fpv5/hard\libc.a(lib_a-mallocr.o)
                0x200009c0                __malloc_sbrk_base
 .data.__malloc_trim_threshold
                0x200009c4        0x4 c:/stm32/gcc-arm-none-eabi/bin/../lib/gcc/arm-none-eabi/7.3.1/../../../../arm-none-eabi/lib/thumb/v7e-m/fpv5/hard\libc.a(lib_a-mallocr.o)
                0x200009c4                __malloc_trim_threshold
 .data.__atexit_recursive_mutex
                0x200009c8        0x4 c:/stm32/gcc-arm-none-eabi/bin/../lib/gcc/arm-none-eabi/7.3.1/../../../../arm-none-eabi/lib/thumb/v7e-m/fpv5/hard\libc.a(lib_a-__call_atexit.o)
                0x200009c8                __atexit_recursive_mutex
                0x200009cc                . = ALIGN (0x4)
                0x200009cc                _edata = .

.igot.plt       0x200009cc        0x0 load address 0x080171ec
 .igot.plt      0x200009cc        0x0 c:/stm32/gcc-arm-none-eabi/bin/../lib/gcc/arm-none-eabi/7.3.1/thumb/v7e-m/fpv5/hard/crtbegin.o
                0x200009cc                . = ALIGN (0x4)

.bss            0x200009cc     0x5de0 load address 0x080171ec
                0x200009cc                _sbss = .
                0x200009cc                __bss_start__ = _sbss
 *(.bss)