Archive member included to satisfy reference by file (symbol)

c:/stm32/gcc-arm-none-eabi/bin/../lib/gcc/arm-none-eabi/7.3.1/../../../../arm-none-eabi/lib/thumb/v7e-m/fpv5/hard\libc_nano.a(lib_a-exit.o)
                              c:/stm32/gcc-arm-none-eabi/bin/../lib/gcc/arm-none-eabi/7.3.1/../../../../arm-none-eabi/lib/thumb/v7e-m/fpv5/hard/crt0.o (exit)
c:/stm32/gcc-arm-none-eabi/bin/../lib/gcc/arm-none-eabi/7.3.1/../../../../arm-none-eabi/lib/thumb/v7e-m/fpv5/hard\libc_nano.a(lib_a-impure.o)
                              c:/stm32/gcc-arm-none-eabi/bin/../lib/gcc/arm-none-eabi/7.3.1/../../../../arm-none-eabi/lib/thumb/v7e-m/fpv5/hard\libc_nano.a(lib_a-exit.o) (_global_impure_ptr)
c:/stm32/gcc-arm-none-eabi/bin/../lib/gcc/arm-none-eabi/7.3.1/../../../../arm-none-eabi/lib/thumb/v7e-m/fpv5/hard\libc_nano.a(lib_a-init.o)
                              c:/stm32/gcc-arm-none-eabi/bin/../lib/gcc/arm-none-eabi/7.3.1/../../../../arm-none-eabi/lib/thumb/v7e-m/fpv5/hard/crt0.o (__libc_init_array)
c:/stm32/gcc-arm-none-eabi/bin/../lib/gcc/arm-none-eabi/7.3.1/../../../../arm-none-eabi/lib/thumb/v7e-m/fpv5/hard\libc_nano.a(lib_a-memset.o)
                              c:/stm32/gcc-arm-none-eabi/bin/../lib/gcc/arm-none-eabi/7.3.1/../../../../arm-none-eabi/lib/thumb/v7e-m/fpv5/hard/crt0.o (memset)
c:/stm32/gcc-arm-none-eabi/bin/../lib/gcc/arm-none-eabi/7.3.1/../../../../arm-none-eabi/lib/thumb/v7e-m/fpv5/hard\libnosys.a(_exit.o)
                              c:/stm32/gcc-arm-none-eabi/bin/../lib/gcc/arm-none-eabi/7.3.1/../../../../arm-none-eabi/lib/thumb/v7e-m/fpv5/hard\libc_nano.a(lib_a-exit.o) (_exit)
c:/stm32/gcc-arm-none-eabi/bin/../lib/gcc/arm-none-eabi/7.3.1/thumb/v7e-m/fpv5/hard\libgcc.a(unwind-arm.o)
                              main.o (__aeabi_unwind_cpp_pr0)
c:/stm32/gcc-arm-none-eabi/bin/../lib/gcc/arm-none-eabi/7.3.1/thumb/v7e-m/fpv5/hard\libgcc.a(libunwind.o)
                              c:/stm32/gcc-arm-none-eabi/bin/../lib/gcc/arm-none-eabi/7.3.1/thumb/v7e-m/fpv5/hard\libgcc.a(unwind-arm.o) (restore_core_regs)
c:/stm32/gcc-arm-none-eabi/bin/../lib/gcc/arm-none-eabi/7.3.1/thumb/v7e-m/fpv5/hard\libgcc.a(pr-support.o)
                              c:/stm32/gcc-arm-none-eabi/bin/../lib/gcc/arm-none-eabi/7.3.1/thumb/v7e-m/fpv5/hard\libgcc.a(unwind-arm.o) (__gnu_unwind_execute)
c:/stm32/gcc-arm-none-eabi/bin/../lib/gcc/arm-none-eabi/7.3.1/../../../../arm-none-eabi/lib/thumb/v7e-m/fpv5/hard\libg_nano.a(lib_a-abort.o)
                              c:/stm32/gcc-arm-none-eabi/bin/../lib/gcc/arm-none-eabi/7.3.1/thumb/v7e-m/fpv5/hard\libgcc.a(unwind-arm.o) (abort)
c:/stm32/gcc-arm-none-eabi/bin/../lib/gcc/arm-none-eabi/7.3.1/../../../../arm-none-eabi/lib/thumb/v7e-m/fpv5/hard\libg_nano.a(lib_a-memcpy-stub.o)
                              c:/stm32/gcc-arm-none-eabi/bin/../lib/gcc/arm-none-eabi/7.3.1/thumb/v7e-m/fpv5/hard\libgcc.a(unwind-arm.o) (memcpy)
c:/stm32/gcc-arm-none-eabi/bin/../lib/gcc/arm-none-eabi/7.3.1/../../../../arm-none-eabi/lib/thumb/v7e-m/fpv5/hard\libg_nano.a(lib_a-puts.o)
                              fakeLib.o (puts)
c:/stm32/gcc-arm-none-eabi/bin/../lib/gcc/arm-none-eabi/7.3.1/../../../../arm-none-eabi/lib/thumb/v7e-m/fpv5/hard\libg_nano.a(lib_a-signal.o)
                              c:/stm32/gcc-arm-none-eabi/bin/../lib/gcc/arm-none-eabi/7.3.1/../../../../arm-none-eabi/lib/thumb/v7e-m/fpv5/hard\libg_nano.a(lib_a-abort.o) (raise)
c:/stm32/gcc-arm-none-eabi/bin/../lib/gcc/arm-none-eabi/7.3.1/../../../../arm-none-eabi/lib/thumb/v7e-m/fpv5/hard\libg_nano.a(lib_a-signalr.o)
                              c:/stm32/gcc-arm-none-eabi/bin/../lib/gcc/arm-none-eabi/7.3.1/../../../../arm-none-eabi/lib/thumb/v7e-m/fpv5/hard\libg_nano.a(lib_a-signal.o) (_kill_r)
c:/stm32/gcc-arm-none-eabi/bin/../lib/gcc/arm-none-eabi/7.3.1/../../../../arm-none-eabi/lib/thumb/v7e-m/fpv5/hard\libg_nano.a(lib_a-wbuf.o)
                              c:/stm32/gcc-arm-none-eabi/bin/../lib/gcc/arm-none-eabi/7.3.1/../../../../arm-none-eabi/lib/thumb/v7e-m/fpv5/hard\libg_nano.a(lib_a-puts.o) (__swbuf_r)
c:/stm32/gcc-arm-none-eabi/bin/../lib/gcc/arm-none-eabi/7.3.1/../../../../arm-none-eabi/lib/thumb/v7e-m/fpv5/hard\libg_nano.a(lib_a-wsetup.o)
                              c:/stm32/gcc-arm-none-eabi/bin/../lib/gcc/arm-none-eabi/7.3.1/../../../../arm-none-eabi/lib/thumb/v7e-m/fpv5/hard\libg_nano.a(lib_a-puts.o) (__swsetup_r)
c:/stm32/gcc-arm-none-eabi/bin/../lib/gcc/arm-none-eabi/7.3.1/../../../../arm-none-eabi/lib/thumb/v7e-m/fpv5/hard\libg_nano.a(lib_a-fflush.o)
                              c:/stm32/gcc-arm-none-eabi/bin/../lib/gcc/arm-none-eabi/7.3.1/../../../../arm-none-eabi/lib/thumb/v7e-m/fpv5/hard\libg_nano.a(lib_a-wbuf.o) (_fflush_r)
c:/stm32/gcc-arm-none-eabi/bin/../lib/gcc/arm-none-eabi/7.3.1/../../../../arm-none-eabi/lib/thumb/v7e-m/fpv5/hard\libg_nano.a(lib_a-findfp.o)
[...]
Memory Configuration

Name             Origin             Length             Attributes
RAM              0x20000000         0x00080000         xrw
FLASH            0x08000000         0x00200000         xr
*default*        0x00000000         0xffffffff

Linker script and memory map

LOAD c:/stm32/gcc-arm-none-eabi/bin/../lib/gcc/arm-none-eabi/7.3.1/thumb/v7e-m/fpv5/hard/crti.o
LOAD c:/stm32/gcc-arm-none-eabi/bin/../lib/gcc/arm-none-eabi/7.3.1/thumb/v7e-m/fpv5/hard/crtbegin.o
LOAD c:/stm32/gcc-arm-none-eabi/bin/../lib/gcc/arm-none-eabi/7.3.1/../../../../arm-none-eabi/lib/thumb/v7e-m/fpv5/hard/crt0.o
LOAD c:/stm32/gcc-arm-none-eabi/bin/../lib/gcc/arm-none-eabi/7.3.1/../../../../arm-none-eabi/lib/thumb/v7e-m/fpv5/hard\libc_nano.a
LOAD c:/stm32/gcc-arm-none-eabi/bin/../lib/gcc/arm-none-eabi/7.3.1/../../../../arm-none-eabi/lib/thumb/v7e-m/fpv5/hard\libm.a
LOAD c:/stm32/gcc-arm-none-eabi/bin/../lib/gcc/arm-none-eabi/7.3.1/../../../../arm-none-eabi/lib/thumb/v7e-m/fpv5/hard\libnosys.a
LOAD fakeLib.o
LOAD main.o
LOAD system_stm32f7xx.o
LOAD build/startup_stm32f769xx.o
START GROUP
LOAD c:/stm32/gcc-arm-none-eabi/bin/../lib/gcc/arm-none-eabi/7.3.1/thumb/v7e-m/fpv5/hard\libgcc.a
LOAD c:/stm32/gcc-arm-none-eabi/bin/../lib/gcc/arm-none-eabi/7.3.1/../../../../arm-none-eabi/lib/thumb/v7e-m/fpv5/hard\libg_nano.a
LOAD c:/stm32/gcc-arm-none-eabi/bin/../lib/gcc/arm-none-eabi/7.3.1/../../../../arm-none-eabi/lib/thumb/v7e-m/fpv5/hard\libc_nano.a
END GROUP
START GROUP
LOAD c:/stm32/gcc-arm-none-eabi/bin/../lib/gcc/arm-none-eabi/7.3.1/thumb/v7e-m/fpv5/hard\libgcc.a
LOAD c:/stm32/gcc-arm-none-eabi/bin/../lib/gcc/arm-none-eabi/7.3.1/../../../../arm-none-eabi/lib/thumb/v7e-m/fpv5/hard\libc_nano.a
LOAD c:/stm32/gcc-arm-none-eabi/bin/../lib/gcc/arm-none-eabi/7.3.1/../../../../arm-none-eabi/lib/thumb/v7e-m/fpv5/hard\libnosys.a
END GROUP
START GROUP
LOAD c:/stm32/gcc-arm-none-eabi/bin/../lib/gcc/arm-none-eabi/7.3.1/thumb/v7e-m/fpv5/hard\libgcc.a
LOAD c:/stm32/gcc-arm-none-eabi/bin/../lib/gcc/arm-none-eabi/7.3.1/../../../../arm-none-eabi/lib/thumb/v7e-m/fpv5/hard\libc_nano.a
LOAD c:/stm32/gcc-arm-none-eabi/bin/../lib/gcc/arm-none-eabi/7.3.1/../../../../arm-none-eabi/lib/thumb/v7e-m/fpv5/hard\libnosys.a
END GROUP
LOAD c:/stm32/gcc-arm-none-eabi/bin/../lib/gcc/arm-none-eabi/7.3.1/thumb/v7e-m/fpv5/hard/crtend.o
LOAD c:/stm32/gcc-arm-none-eabi/bin/../lib/gcc/arm-none-eabi/7.3.1/thumb/v7e-m/fpv5/hard/crtn.o
                0x20080000                _estack = 0x20080000
                0x00000200                _Min_Heap_Size = 0x200
                0x00000400                _Min_Stack_Size = 0x400

.isr_vector     0x08000000      0x1f8
                0x08000000                . = ALIGN (0x4)
 *(.isr_vector)
 .isr_vector    0x08000000      0x1f8 build/startup_stm32f769xx.o
                0x08000000                g_pfnVectors
                0x080001f8                . = ALIGN (0x4)

.text           0x080001f8     0x1b44
                0x080001f8                . = ALIGN (0x4)
 *(.text)
 .text          0x080001f8       0x40 c:/stm32/gcc-arm-none-eabi/bin/../lib/gcc/arm-none-eabi/7.3.1/thumb/v7e-m/fpv5/hard/crtbegin.o
 .text          0x08000238       0x10 fakeLib.o
                0x08000238                MyClass::printInfo()
 .text          0x08000248       0x1c main.o
                0x08000248                main
 .text          0x08000264       0xec system_stm32f7xx.o
                0x08000264                SystemInit
                0x080002b4                SystemCoreClockUpdate
 .text          0x08000350      0x9ec c:/stm32/gcc-arm-none-eabi/bin/../lib/gcc/arm-none-eabi/7.3.1/thumb/v7e-m/fpv5/hard\libgcc.a(unwind-arm.o)
                0x08000604                _Unwind_GetCFA
                0x08000608                __gnu_Unwind_RaiseException
                0x08000668                __gnu_Unwind_ForcedUnwind
                0x0800067c                __gnu_Unwind_Resume
                0x080006c0                __gnu_Unwind_Resume_or_Rethrow
                0x080006d0                _Unwind_Complete
                0x080006d4                _Unwind_DeleteException
                0x080006e0                _Unwind_VRS_Get
                0x08000724                _Unwind_VRS_Set
                0x0800076c                __gnu_Unwind_Backtrace
                0x08000ab0                __aeabi_unwind_cpp_pr0
                0x08000ab4                __aeabi_unwind_cpp_pr1
                0x08000ab8                __aeabi_unwind_cpp_pr2
                0x08000abc                _Unwind_VRS_Pop
 .text          0x08000d3c      0x1ac c:/stm32/gcc-arm-none-eabi/bin/../lib/gcc/arm-none-eabi/7.3.1/thumb/v7e-m/fpv5/hard\libgcc.a(libunwind.o)
                0x08000d3c                __restore_core_regs
                0x08000d3c                restore_core_regs
                0x08000d54                __gnu_Unwind_Restore_VFP
                0x08000d5c                __gnu_Unwind_Save_VFP
                0x08000d64                __gnu_Unwind_Restore_VFP_D
                0x08000d6c                __gnu_Unwind_Save_VFP_D
                0x08000d74                __gnu_Unwind_Restore_VFP_D_16_to_31
                0x08000d7c                __gnu_Unwind_Save_VFP_D_16_to_31
                0x08000d84                __gnu_Unwind_Restore_WMMXD
                0x08000dc8                __gnu_Unwind_Save_WMMXD
                0x08000e0c                __gnu_Unwind_Restore_WMMXC
                0x08000e20                __gnu_Unwind_Save_WMMXC
                0x08000e34                ___Unwind_RaiseException
                0x08000e34                _Unwind_RaiseException
                0x08000e58                _Unwind_Resume
                0x08000e58                ___Unwind_Resume
                0x08000e7c                _Unwind_Resume_or_Rethrow
                0x08000e7c                ___Unwind_Resume_or_Rethrow
                0x08000ea0                _Unwind_ForcedUnwind
                0x08000ea0                ___Unwind_ForcedUnwind
                0x08000ec4                ___Unwind_Backtrace
                0x08000ec4                _Unwind_Backtrace
 .text          0x08000ee8      0x374 c:/stm32/gcc-arm-none-eabi/bin/../lib/gcc/arm-none-eabi/7.3.1/thumb/v7e-m/fpv5/hard\libgcc.a(pr-support.o)
                0x08000f40                __gnu_unwind_execute
                0x08001204                __gnu_unwind_frame
                0x0800122c                _Unwind_GetRegionStart
                0x08001238                _Unwind_GetLanguageSpecificData
                0x0800124c                _Unwind_GetDataRelBase
                0x08001254                _Unwind_GetTextRelBase
 *(.text*)
 .text.__libc_init_array
                0x0800125c       0x48 c:/stm32/gcc-arm-none-eabi/bin/../lib/gcc/arm-none-eabi/7.3.1/../../../../arm-none-eabi/lib/thumb/v7e-m/fpv5/hard\libc_nano.a(lib_a-init.o)
                0x0800125c                __libc_init_array
 .text.memset   0x080012a4       0x10 c:/stm32/gcc-arm-none-eabi/bin/../lib/gcc/arm-none-eabi/7.3.1/../../../../arm-none-eabi/lib/thumb/v7e-m/fpv5/hard\libc_nano.a(lib_a-memset.o)
                0x080012a4                memset
 .text._exit    0x080012b4        0x4 c:/stm32/gcc-arm-none-eabi/bin/../lib/gcc/arm-none-eabi/7.3.1/../../../../arm-none-eabi/lib/thumb/v7e-m/fpv5/hard\libnosys.a(_exit.o)
                0x080012b4                _exit
 .text.Reset_Handler
                0x080012b8       0x50 build/startup_stm32f769xx.o
                0x080012b8                Reset_Handler
 .text.Default_Handler
                0x08001308        0x2 build/startup_stm32f769xx.o
                0x08001308                RTC_Alarm_IRQHandler
                0x08001308                EXTI2_IRQHandler
                0x08001308                TIM8_CC_IRQHandler
                0x08001308                DebugMon_Handler
                0x08001308                UART8_IRQHandler
                0x08001308                SPI4_IRQHandler
                0x08001308                TIM1_CC_IRQHandler
                0x08001308                DMA2_Stream5_IRQHandler
                0x08001308                HardFault_Handler
                0x08001308                JPEG_IRQHandler
                0x08001308                DMA1_Stream5_IRQHandler
                0x08001308                SysTick_Handler
                0x08001308                CAN3_RX1_IRQHandler
                0x08001308                PVD_IRQHandler
                0x08001308                TAMP_STAMP_IRQHandler
                0x08001308                PendSV_Handler
                0x08001308                NMI_Handler
                0x08001308                CAN2_RX1_IRQHandler
                0x08001308                EXTI3_IRQHandler
                0x08001308                TIM8_TRG_COM_TIM14_IRQHandler
                0x08001308                DFSDM1_FLT1_IRQHandler
                0x08001308                TIM1_UP_TIM10_IRQHandler
                0x08001308                TIM8_UP_TIM13_IRQHandler
                0x08001308                I2C3_ER_IRQHandler
                0x08001308                DFSDM1_FLT2_IRQHandler
                0x08001308                EXTI0_IRQHandler
                0x08001308                I2C2_EV_IRQHandler
                0x08001308                DMA1_Stream2_IRQHandler
                0x08001308                CAN1_RX0_IRQHandler
                0x08001308                FPU_IRQHandler
                0x08001308                OTG_HS_WKUP_IRQHandler
                0x08001308                CAN3_SCE_IRQHandler
                0x08001308                UsageFault_Handler
                0x08001308                LTDC_ER_IRQHandler
                0x08001308                CAN2_SCE_IRQHandler
                0x08001308                DMA2_Stream2_IRQHandler
                0x08001308                SPI1_IRQHandler
                0x08001308                TIM6_DAC_IRQHandler
                0x08001308                TIM1_BRK_TIM9_IRQHandler
                0x08001308                DCMI_IRQHandler
                0x08001308                CAN2_RX0_IRQHandler
                0x08001308                DMA2_Stream3_IRQHandler
                0x08001308                SAI2_IRQHandler
                0x08001308                DFSDM1_FLT3_IRQHandler
                0x08001308                USART6_IRQHandler
                0x08001308                CAN3_RX0_IRQHandler
                0x08001308                USART3_IRQHandler
                0x08001308                CAN1_RX1_IRQHandler
                0x08001308                UART5_IRQHandler
                0x08001308                DMA2_Stream0_IRQHandler
                0x08001308                TIM4_IRQHandler
                0x08001308                QUADSPI_IRQHandler
                0x08001308                I2C1_EV_IRQHandler
                0x08001308                DMA1_Stream6_IRQHandler
                0x08001308                DMA1_Stream1_IRQHandler
                0x08001308                UART4_IRQHandler
                0x08001308                TIM3_IRQHandler
                0x08001308                RCC_IRQHandler
                0x08001308                TIM8_BRK_TIM12_IRQHandler
                0x08001308                Default_Handler
                0x08001308                CEC_IRQHandler
                0x08001308                EXTI15_10_IRQHandler
                0x08001308                ADC_IRQHandler
                0x08001308                DMA1_Stream7_IRQHandler
                0x08001308                SPI5_IRQHandler
                0x08001308                TIM7_IRQHandler
                0x08001308                SDMMC1_IRQHandler
                0x08001308                CAN2_TX_IRQHandler
                0x08001308                TIM5_IRQHandler
                0x08001308                DMA2_Stream7_IRQHandler
                0x08001308                I2C3_EV_IRQHandler
                0x08001308                EXTI9_5_IRQHandler
                0x08001308                RTC_WKUP_IRQHandler
                0x08001308                LTDC_IRQHandler
                0x08001308                ETH_WKUP_IRQHandler
                0x08001308                SPDIF_RX_IRQHandler
                0x08001308                SPI2_IRQHandler
                0x08001308                OTG_HS_EP1_IN_IRQHandler
                0x08001308                MemManage_Handler
                0x08001308                DMA1_Stream0_IRQHandler
                0x08001308                CAN1_TX_IRQHandler
                0x08001308                SVC_Handler
                0x08001308                EXTI4_IRQHandler
                0x08001308                RNG_IRQHandler
                0x08001308                DSI_IRQHandler
                0x08001308                ETH_IRQHandler
                0x08001308                OTG_HS_EP1_OUT_IRQHandler
                0x08001308                WWDG_IRQHandler
                0x08001308                SPI6_IRQHandler
                0x08001308                MDIOS_IRQHandler
                0x08001308                I2C4_EV_IRQHandler
                0x08001308                CAN3_TX_IRQHandler
                0x08001308                TIM2_IRQHandler
                0x08001308                OTG_FS_WKUP_IRQHandler
                0x08001308                TIM1_TRG_COM_TIM11_IRQHandler
                0x08001308                OTG_HS_IRQHandler
                0x08001308                DMA2D_IRQHandler
                0x08001308                EXTI1_IRQHandler
                0x08001308                SDMMC2_IRQHandler
                0x08001308                UART7_IRQHandler
                0x08001308                USART2_IRQHandler
                0x08001308                DFSDM1_FLT0_IRQHandler
                0x08001308                I2C2_ER_IRQHandler
                0x08001308                DMA2_Stream1_IRQHandler
                0x08001308                CAN1_SCE_IRQHandler
                0x08001308                FLASH_IRQHandler
                0x08001308                DMA2_Stream4_IRQHandler
                0x08001308                BusFault_Handler
                0x08001308                USART1_IRQHandler
                0x08001308                OTG_FS_IRQHandler
                0x08001308                SPI3_IRQHandler
                0x08001308                DMA1_Stream4_IRQHandler
                0x08001308                I2C1_ER_IRQHandler
                0x08001308                FMC_IRQHandler
                0x08001308                LPTIM1_IRQHandler
                0x08001308                I2C4_ER_IRQHandler
                0x08001308                DMA2_Stream6_IRQHandler
                0x08001308                SAI1_IRQHandler
                0x08001308                DMA1_Stream3_IRQHandler
 .text.abort    0x0800130a        0xe c:/stm32/gcc-arm-none-eabi/bin/../lib/gcc/arm-none-eabi/7.3.1/../../../../arm-none-eabi/lib/thumb/v7e-m/fpv5/hard\libg_nano.a(lib_a-abort.o)
                0x0800130a                abort
 .text.memcpy   0x08001318       0x16 c:/stm32/gcc-arm-none-eabi/bin/../lib/gcc/arm-none-eabi/7.3.1/../../../../arm-none-eabi/lib/thumb/v7e-m/fpv5/hard\libg_nano.a(lib_a-memcpy-stub.o)
                0x08001318                memcpy
 *fill*         0x0800132e        0x2 
 .text._puts_r  0x08001330       0xb8 c:/stm32/gcc-arm-none-eabi/bin/../lib/gcc/arm-none-eabi/7.3.1/../../../../arm-none-eabi/lib/thumb/v7e-m/fpv5/hard\libg_nano.a(lib_a-puts.o)
                0x08001330                _puts_r
 .text.puts     0x080013e8       0x10 c:/stm32/gcc-arm-none-eabi/bin/../lib/gcc/arm-none-eabi/7.3.1/../../../../arm-none-eabi/lib/thumb/v7e-m/fpv5/hard\libg_nano.a(lib_a-puts.o)
                0x080013e8                puts
 .text._raise_r
                0x080013f8       0x50 c:/stm32/gcc-arm-none-eabi/bin/../lib/gcc/arm-none-eabi/7.3.1/../../../../arm-none-eabi/lib/thumb/v7e-m/fpv5/hard\libg_nano.a(lib_a-signal.o)
                0x080013f8                _raise_r
 .text.raise    0x08001448       0x10 c:/stm32/gcc-arm-none-eabi/bin/../lib/gcc/arm-none-eabi/7.3.1/../../../../arm-none-eabi/lib/thumb/v7e-m/fpv5/hard\libg_nano.a(lib_a-signal.o)
                0x08001448                raise
 .text._kill_r  0x08001458       0x24 c:/stm32/gcc-arm-none-eabi/bin/../lib/gcc/arm-none-eabi/7.3.1/../../../../arm-none-eabi/lib/thumb/v7e-m/fpv5/hard\libg_nano.a(lib_a-signalr.o)
                0x08001458                _kill_r
 .text._getpid_r
                0x0800147c        0x4 c:/stm32/gcc-arm-none-eabi/bin/../lib/gcc/arm-none-eabi/7.3.1/../../../../arm-none-eabi/lib/thumb/v7e-m/fpv5/hard\libg_nano.a(lib_a-signalr.o)
                0x0800147c                _getpid_r
 .text.__swbuf_r
                0x08001480       0xa4 c:/stm32/gcc-arm-none-eabi/bin/../lib/gcc/arm-none-eabi/7.3.1/../../../../arm-none-eabi/lib/thumb/v7e-m/fpv5/hard\libg_nano.a(lib_a-wbuf.o)
                0x08001480                __swbuf_r
 .text.__swsetup_r
                0x08001524       0xdc c:/stm32/gcc-arm-none-eabi/bin/../lib/gcc/arm-none-eabi/7.3.1/../../../../arm-none-eabi/lib/thumb/v7e-m/fpv5/hard\libg_nano.a(lib_a-wsetup.o)
                0x08001524                __swsetup_r
 .text.__sflush_r
                0x08001600      0x10c c:/stm32/gcc-arm-none-eabi/bin/../lib/gcc/arm-none-eabi/7.3.1/../../../../arm-none-eabi/lib/thumb/v7e-m/fpv5/hard\libg_nano.a(lib_a-fflush.o)
                0x08001600                __sflush_r
 .text._fflush_r
                0x0800170c       0x54 c:/stm32/gcc-arm-none-eabi/bin/../lib/gcc/arm-none-eabi/7.3.1/../../../../arm-none-eabi/lib/thumb/v7e-m/fpv5/hard\libg_nano.a(lib_a-fflush.o)
                0x0800170c                _fflush_r
 .text.std      0x08001760       0x48 c:/stm32/gcc-arm-none-eabi/bin/../lib/gcc/arm-none-eabi/7.3.1/../../../../arm-none-eabi/lib/thumb/v7e-m/fpv5/hard\libg_nano.a(lib_a-findfp.o)
 .text._cleanup_r
                0x080017a8        0xc c:/stm32/gcc-arm-none-eabi/bin/../lib/gcc/arm-none-eabi/7.3.1/../../../../arm-none-eabi/lib/thumb/v7e-m/fpv5/hard\libg_nano.a(lib_a-findfp.o)
                0x080017a8                _cleanup_r
 .text.__sfmoreglue
                0x080017b4       0x2c c:/stm32/gcc-arm-none-eabi/bin/../lib/gcc/arm-none-eabi/7.3.1/../../../../arm-none-eabi/lib/thumb/v7e-m/fpv5/hard\libg_nano.a(lib_a-findfp.o)
                0x080017b4                __sfmoreglue
 .text.__sinit  0x080017e0       0x60 c:/stm32/gcc-arm-none-eabi/bin/../lib/gcc/arm-none-eabi/7.3.1/../../../../arm-none-eabi/lib/thumb/v7e-m/fpv5/hard\libg_nano.a(lib_a-findfp.o)
                0x080017e0                __sinit
 .text.__sfp    0x08001840       0x78 c:/stm32/gcc-arm-none-eabi/bin/../lib/gcc/arm-none-eabi/7.3.1/../../../../arm-none-eabi/lib/thumb/v7e-m/fpv5/hard\libg_nano.a(lib_a-findfp.o)
                0x08001840                __sfp
 .text._fwalk_reent
                0x080018b8       0x3c c:/stm32/gcc-arm-none-eabi/bin/../lib/gcc/arm-none-eabi/7.3.1/../../../../arm-none-eabi/lib/thumb/v7e-m/fpv5/hard\libg_nano.a(lib_a-fwalk.o)
                0x080018b8                _fwalk_reent
 .text.__swhatbuf_r
                0x080018f4       0x48 c:/stm32/gcc-arm-none-eabi/bin/../lib/gcc/arm-none-eabi/7.3.1/../../../../arm-none-eabi/lib/thumb/v7e-m/fpv5/hard\libg_nano.a(lib_a-makebuf.o)
                0x080018f4                __swhatbuf_r
 .text.__smakebuf_r
                0x0800193c       0x80 c:/stm32/gcc-arm-none-eabi/bin/../lib/gcc/arm-none-eabi/7.3.1/../../../../arm-none-eabi/lib/thumb/v7e-m/fpv5/hard\libg_nano.a(lib_a-makebuf.o)
                0x0800193c                __smakebuf_r
 .text._free_r  0x080019bc       0x9c c:/stm32/gcc-arm-none-eabi/bin/../lib/gcc/arm-none-eabi/7.3.1/../../../../arm-none-eabi/lib/thumb/v7e-m/fpv5/hard\libg_nano.a(lib_a-nano-freer.o)
                0x080019bc                _free_r
 .text._malloc_r
                0x08001a58       0xb4 c:/stm32/gcc-arm-none-eabi/bin/../lib/gcc/arm-none-eabi/7.3.1/../../../../arm-none-eabi/lib/thumb/v7e-m/fpv5/hard\libg_nano.a(lib_a-nano-mallocr.o)
                0x08001a58                _malloc_r
 .text._sbrk_r  0x08001b0c       0x20 c:/stm32/gcc-arm-none-eabi/bin/../lib/gcc/arm-none-eabi/7.3.1/../../../../arm-none-eabi/lib/thumb/v7e-m/fpv5/hard\libg_nano.a(lib_a-sbrkr.o)
                0x08001b0c                _sbrk_r
 .text.__sread  0x08001b2c       0x22 c:/stm32/gcc-arm-none-eabi/bin/../lib/gcc/arm-none-eabi/7.3.1/../../../../arm-none-eabi/lib/thumb/v7e-m/fpv5/hard\libg_nano.a(lib_a-stdio.o)
                0x08001b2c                __sread
 .text.__swrite
                0x08001b4e       0x38 c:/stm32/gcc-arm-none-eabi/bin/../lib/gcc/arm-none-eabi/7.3.1/../../../../arm-none-eabi/lib/thumb/v7e-m/fpv5/hard\libg_nano.a(lib_a-stdio.o)
                0x08001b4e                __swrite
 .text.__sseek  0x08001b86       0x24 c:/stm32/gcc-arm-none-eabi/bin/../lib/gcc/arm-none-eabi/7.3.1/../../../../arm-none-eabi/lib/thumb/v7e-m/fpv5/hard\libg_nano.a(lib_a-stdio.o)
                0x08001b86                __sseek
 .text.__sclose
                0x08001baa        0x8 c:/stm32/gcc-arm-none-eabi/bin/../lib/gcc/arm-none-eabi/7.3.1/../../../../arm-none-eabi/lib/thumb/v7e-m/fpv5/hard\libg_nano.a(lib_a-stdio.o)
                0x08001baa                __sclose
 *fill*         0x08001bb2        0x2 
 .text._write_r
                0x08001bb4       0x24 c:/stm32/gcc-arm-none-eabi/bin/../lib/gcc/arm-none-eabi/7.3.1/../../../../arm-none-eabi/lib/thumb/v7e-m/fpv5/hard\libg_nano.a(lib_a-writer.o)
                0x08001bb4                _write_r
 .text._close_r
                0x08001bd8       0x20 c:/stm32/gcc-arm-none-eabi/bin/../lib/gcc/arm-none-eabi/7.3.1/../../../../arm-none-eabi/lib/thumb/v7e-m/fpv5/hard\libg_nano.a(lib_a-closer.o)
                0x08001bd8                _close_r
 .text._fstat_r
                0x08001bf8       0x24 c:/stm32/gcc-arm-none-eabi/bin/../lib/gcc/arm-none-eabi/7.3.1/../../../../arm-none-eabi/lib/thumb/v7e-m/fpv5/hard\libg_nano.a(lib_a-fstatr.o)
                0x08001bf8                _fstat_r
 .text._isatty_r
                0x08001c1c       0x20 c:/stm32/gcc-arm-none-eabi/bin/../lib/gcc/arm-none-eabi/7.3.1/../../../../arm-none-eabi/lib/thumb/v7e-m/fpv5/hard\libg_nano.a(lib_a-isattyr.o)
                0x08001c1c                _isatty_r
 .text._lseek_r
                0x08001c3c       0x24 c:/stm32/gcc-arm-none-eabi/bin/../lib/gcc/arm-none-eabi/7.3.1/../../../../arm-none-eabi/lib/thumb/v7e-m/fpv5/hard\libg_nano.a(lib_a-lseekr.o)
                0x08001c3c                _lseek_r
 .text.__malloc_lock
                0x08001c60        0x2 c:/stm32/gcc-arm-none-eabi/bin/../lib/gcc/arm-none-eabi/7.3.1/../../../../arm-none-eabi/lib/thumb/v7e-m/fpv5/hard\libg_nano.a(lib_a-mlock.o)
                0x08001c60                __malloc_lock
 .text.__malloc_unlock
                0x08001c62        0x2 c:/stm32/gcc-arm-none-eabi/bin/../lib/gcc/arm-none-eabi/7.3.1/../../../../arm-none-eabi/lib/thumb/v7e-m/fpv5/hard\libg_nano.a(lib_a-mlock.o)
                0x08001c62                __malloc_unlock
 .text._read_r  0x08001c64       0x24 c:/stm32/gcc-arm-none-eabi/bin/../lib/gcc/arm-none-eabi/7.3.1/../../../../arm-none-eabi/lib/thumb/v7e-m/fpv5/hard\libg_nano.a(lib_a-readr.o)
                0x08001c64                _read_r
 .text._close   0x08001c88       0x10 c:/stm32/gcc-arm-none-eabi/bin/../lib/gcc/arm-none-eabi/7.3.1/../../../../arm-none-eabi/lib/thumb/v7e-m/fpv5/hard\libnosys.a(close.o)
                0x08001c88                _close
 .text._fstat   0x08001c98       0x10 c:/stm32/gcc-arm-none-eabi/bin/../lib/gcc/arm-none-eabi/7.3.1/../../../../arm-none-eabi/lib/thumb/v7e-m/fpv5/hard\libnosys.a(fstat.o)
                0x08001c98                _fstat
 .text._getpid  0x08001ca8       0x10 c:/stm32/gcc-arm-none-eabi/bin/../lib/gcc/arm-none-eabi/7.3.1/../../../../arm-none-eabi/lib/thumb/v7e-m/fpv5/hard\libnosys.a(getpid.o)
                0x08001ca8                _getpid
 .text._isatty  0x08001cb8       0x10 c:/stm32/gcc-arm-none-eabi/bin/../lib/gcc/arm-none-eabi/7.3.1/../../../../arm-none-eabi/lib/thumb/v7e-m/fpv5/hard\libnosys.a(isatty.o)
                0x08001cb8                _isatty
 .text._kill    0x08001cc8       0x10 c:/stm32/gcc-arm-none-eabi/bin/../lib/gcc/arm-none-eabi/7.3.1/../../../../arm-none-eabi/lib/thumb/v7e-m/fpv5/hard\libnosys.a(kill.o)
                0x08001cc8                _kill
 .text._lseek   0x08001cd8       0x10 c:/stm32/gcc-arm-none-eabi/bin/../lib/gcc/arm-none-eabi/7.3.1/../../../../arm-none-eabi/lib/thumb/v7e-m/fpv5/hard\libnosys.a(lseek.o)
                0x08001cd8                _lseek
 .text._read    0x08001ce8       0x10 c:/stm32/gcc-arm-none-eabi/bin/../lib/gcc/arm-none-eabi/7.3.1/../../../../arm-none-eabi/lib/thumb/v7e-m/fpv5/hard\libnosys.a(read.o)
                0x08001ce8                _read
 .text._sbrk    0x08001cf8       0x1c c:/stm32/gcc-arm-none-eabi/bin/../lib/gcc/arm-none-eabi/7.3.1/../../../../arm-none-eabi/lib/thumb/v7e-m/fpv5/hard\libnosys.a(sbrk.o)
                0x08001cf8                _sbrk
 .text._write   0x08001d14       0x10 c:/stm32/gcc-arm-none-eabi/bin/../lib/gcc/arm-none-eabi/7.3.1/../../../../arm-none-eabi/lib/thumb/v7e-m/fpv5/hard\libnosys.a(write.o)
                0x08001d14                _write
 *(.glue_7)
 .glue_7        0x08001d24        0x0 linker stubs
 *(.glue_7t)
 .glue_7t       0x08001d24        0x0 linker stubs
 *(.eh_frame)
 .eh_frame      0x08001d24        0x0 c:/stm32/gcc-arm-none-eabi/bin/../lib/gcc/arm-none-eabi/7.3.1/thumb/v7e-m/fpv5/hard/crtbegin.o
 *(.init)
 .init          0x08001d24        0x4 c:/stm32/gcc-arm-none-eabi/bin/../lib/gcc/arm-none-eabi/7.3.1/thumb/v7e-m/fpv5/hard/crti.o
                0x08001d24                _init
 .init          0x08001d28        0x8 c:/stm32/gcc-arm-none-eabi/bin/../lib/gcc/arm-none-eabi/7.3.1/thumb/v7e-m/fpv5/hard/crtn.o
 *(.fini)
 .fini          0x08001d30        0x4 c:/stm32/gcc-arm-none-eabi/bin/../lib/gcc/arm-none-eabi/7.3.1/thumb/v7e-m/fpv5/hard/crti.o
                0x08001d30                _fini
 .fini          0x08001d34        0x8 c:/stm32/gcc-arm-none-eabi/bin/../lib/gcc/arm-none-eabi/7.3.1/thumb/v7e-m/fpv5/hard/crtn.o
                0x08001d3c                . = ALIGN (0x4)
                0x08001d3c                _etext = .

.vfp11_veneer   0x08001d3c        0x0
 .vfp11_veneer  0x08001d3c        0x0 linker stubs

.v4_bx          0x08001d3c        0x0
 .v4_bx         0x08001d3c        0x0 linker stubs

.iplt           0x08001d3c        0x0
 .iplt          0x08001d3c        0x0 c:/stm32/gcc-arm-none-eabi/bin/../lib/gcc/arm-none-eabi/7.3.1/thumb/v7e-m/fpv5/hard/crtbegin.o

.rodata         0x08001d3c       0xa0
                0x08001d3c                . = ALIGN (0x4)
 *(.rodata)
 .rodata        0x08001d3c       0x18 system_stm32f7xx.o
                0x08001d3c                AHBPrescTable
                0x08001d4c                APBPrescTable
 *(.rodata*)
 .rodata._global_impure_ptr
                0x08001d54        0x4 c:/stm32/gcc-arm-none-eabi/bin/../lib/gcc/arm-none-eabi/7.3.1/../../../../arm-none-eabi/lib/thumb/v7e-m/fpv5/hard\libc_nano.a(lib_a-impure.o)
                0x08001d54                _global_impure_ptr
 .rodata.str1.4
                0x08001d58       0x12 fakeLib.o
 *fill*         0x08001d6a        0x2 
 .rodata.str1.4
                0x08001d6c       0x10 main.o
                                  0xe (size before relaxing)
 .rodata.__sf_fake_stderr
                0x08001d7c       0x20 c:/stm32/gcc-arm-none-eabi/bin/../lib/gcc/arm-none-eabi/7.3.1/../../../../arm-none-eabi/lib/thumb/v7e-m/fpv5/hard\libg_nano.a(lib_a-findfp.o)
                0x08001d7c                __sf_fake_stderr
 .rodata.__sf_fake_stdin
                0x08001d9c       0x20 c:/stm32/gcc-arm-none-eabi/bin/../lib/gcc/arm-none-eabi/7.3.1/../../../../arm-none-eabi/lib/thumb/v7e-m/fpv5/hard\libg_nano.a(lib_a-findfp.o)
                0x08001d9c                __sf_fake_stdin
 .rodata.__sf_fake_stdout
                0x08001dbc       0x20 c:/stm32/gcc-arm-none-eabi/bin/../lib/gcc/arm-none-eabi/7.3.1/../../../../arm-none-eabi/lib/thumb/v7e-m/fpv5/hard\libg_nano.a(lib_a-findfp.o)
                0x08001dbc                __sf_fake_stdout
                0x08001ddc                . = ALIGN (0x4)

.ARM.extab      0x08001ddc       0x24
 *(.ARM.extab* .gnu.linkonce.armextab.*)
 .ARM.extab     0x08001ddc        0xc fakeLib.o
 .ARM.extab     0x08001de8       0x18 c:/stm32/gcc-arm-none-eabi/bin/../lib/gcc/arm-none-eabi/7.3.1/thumb/v7e-m/fpv5/hard\libgcc.a(pr-support.o)

.ARM            0x08001e00       0xc8
                0x08001e00                __exidx_start = .
 *(.ARM.exidx*)
 .ARM.exidx     0x08001e00        0x8 fakeLib.o
 .ARM.exidx     0x08001e08        0x8 main.o
 .ARM.exidx     0x08001e10        0x8 system_stm32f7xx.o
                                 0x10 (size before relaxing)
 .ARM.exidx     0x08001e18       0x78 c:/stm32/gcc-arm-none-eabi/bin/../lib/gcc/arm-none-eabi/7.3.1/thumb/v7e-m/fpv5/hard\libgcc.a(unwind-arm.o)
                                 0xd8 (size before relaxing)
 .ARM.exidx     0x08001e90       0x38 c:/stm32/gcc-arm-none-eabi/bin/../lib/gcc/arm-none-eabi/7.3.1/thumb/v7e-m/fpv5/hard\libgcc.a(pr-support.o)
                                 0x48 (size before relaxing)
                0x08001ec8                __exidx_end = .

.rel.dyn        0x08001ec8        0x0
 .rel.iplt      0x08001ec8        0x0 c:/stm32/gcc-arm-none-eabi/bin/../lib/gcc/arm-none-eabi/7.3.1/thumb/v7e-m/fpv5/hard/crtbegin.o

.preinit_array  0x08001ec8        0x0
                0x08001ec8                PROVIDE (__preinit_array_start = .)
 *(.preinit_array*)
                0x08001ec8                PROVIDE (__preinit_array_end = .)

.init_array     0x08001ec8        0x4
                0x08001ec8                PROVIDE (__init_array_start = .)
 *(SORT_BY_NAME(.init_array.*))
 *(.init_array*)
 .init_array    0x08001ec8        0x4 c:/stm32/gcc-arm-none-eabi/bin/../lib/gcc/arm-none-eabi/7.3.1/thumb/v7e-m/fpv5/hard/crtbegin.o
                0x08001ecc                PROVIDE (__init_array_end = .)

.fini_array     0x08001ecc        0x4
                [!provide]                PROVIDE (__fini_array_start = .)
 *(SORT_BY_NAME(.fini_array.*))
 *(.fini_array*)
 .fini_array    0x08001ecc        0x4 c:/stm32/gcc-arm-none-eabi/bin/../lib/gcc/arm-none-eabi/7.3.1/thumb/v7e-m/fpv5/hard/crtbegin.o
                [!provide]                PROVIDE (__fini_array_end = .)
                0x08001ed0                _sidata = LOADADDR (.data)

.data           0x20000000       0x68 load address 0x08001ed0
                0x20000000                . = ALIGN (0x4)
                0x20000000                _sdata = .
 *(.data)
 .data          0x20000000        0x4 system_stm32f7xx.o
                0x20000000                SystemCoreClock
 *(.data*)
 .data._impure_ptr
                0x20000004        0x4 c:/stm32/gcc-arm-none-eabi/bin/../lib/gcc/arm-none-eabi/7.3.1/../../../../arm-none-eabi/lib/thumb/v7e-m/fpv5/hard\libc_nano.a(lib_a-impure.o)
                0x20000004                _impure_ptr
 .data.impure_data
                0x20000008       0x60 c:/stm32/gcc-arm-none-eabi/bin/../lib/gcc/arm-none-eabi/7.3.1/../../../../arm-none-eabi/lib/thumb/v7e-m/fpv5/hard\libc_nano.a(lib_a-impure.o)
                0x20000068                . = ALIGN (0x4)
                0x20000068                _edata = .

.igot.plt       0x20000068        0x0 load address 0x08001f38
 .igot.plt      0x20000068        0x0 c:/stm32/gcc-arm-none-eabi/bin/../lib/gcc/arm-none-eabi/7.3.1/thumb/v7e-m/fpv5/hard/crtbegin.o
                0x20000068                . = ALIGN (0x4)

.bss            0x20000068       0x2c load address 0x08001f38
                0x20000068                _sbss = .
                0x20000068                __bss_start__ = _sbss
 *(.bss)
 .bss           0x20000068       0x1c c:/stm32/gcc-arm-none-eabi/bin/../lib/gcc/arm-none-eabi/7.3.1/thumb/v7e-m/fpv5/hard/crtbegin.o
 *(.bss*)
 .bss.__malloc_free_list
                0x20000084        0x4 c:/stm32/gcc-arm-none-eabi/bin/../lib/gcc/arm-none-eabi/7.3.1/../../../../arm-none-eabi/lib/thumb/v7e-m/fpv5/hard\libg_nano.a(lib_a-nano-mallocr.o)
                0x20000084                __malloc_free_list
 .bss.__malloc_sbrk_start
                0x20000088        0x4 c:/stm32/gcc-arm-none-eabi/bin/../lib/gcc/arm-none-eabi/7.3.1/../../../../arm-none-eabi/lib/thumb/v7e-m/fpv5/hard\libg_nano.a(lib_a-nano-mallocr.o)
                0x20000088                __malloc_sbrk_start
 .bss.heap_end.5377
                0x2000008c        0x4 c:/stm32/gcc-arm-none-eabi/bin/../lib/gcc/arm-none-eabi/7.3.1/../../../../arm-none-eabi/lib/thumb/v7e-m/fpv5/hard\libnosys.a(sbrk.o)
 *(COMMON)
 COMMON         0x20000090        0x4 c:/stm32/gcc-arm-none-eabi/bin/../lib/gcc/arm-none-eabi/7.3.1/../../../../arm-none-eabi/lib/thumb/v7e-m/fpv5/hard\libg_nano.a(lib_a-reent.o)
                0x20000090                errno
                0x20000094                . = ALIGN (0x4)
                0x20000094                _ebss = .
                0x20000094                __bss_end__ = _ebss

._user_heap_stack
                0x20000094      0x604 load address 0x08001f38
                0x20000098                . = ALIGN (0x8)
 *fill*         0x20000094        0x4 
                0x20000098                PROVIDE (end = .)
                [!provide]                PROVIDE (_end = .)
                0x20000298                . = (. + _Min_Heap_Size)
 *fill*         0x20000098      0x200 
                0x20000698                . = (. + _Min_Stack_Size)
 *fill*         0x20000298      0x400 
                0x20000698                . = ALIGN (0x8)

/DISCARD/
 libc.a(*)
 libm.a(*)
 libgcc.a(*)

.ARM.attributes
                0x00000000       0x2e
 *(.ARM.attributes)
 .ARM.attributes
                0x00000000       0x20 c:/stm32/gcc-arm-none-eabi/bin/../lib/gcc/arm-none-eabi/7.3.1/thumb/v7e-m/fpv5/hard/crti.o
 .ARM.attributes
                0x00000020       0x32 c:/stm32/gcc-arm-none-eabi/bin/../lib/gcc/arm-none-eabi/7.3.1/thumb/v7e-m/fpv5/hard/crtbegin.o
 .ARM.attributes
                0x00000052       0x32 c:/stm32/gcc-arm-none-eabi/bin/../lib/gcc/arm-none-eabi/7.3.1/../../../../arm-none-eabi/lib/thumb/v7e-m/fpv5/hard\libc_nano.a(lib_a-impure.o)
 .ARM.attributes
                0x00000084       0x32 c:/stm32/gcc-arm-none-eabi/bin/../lib/gcc/arm-none-eabi/7.3.1/../../../../arm-none-eabi/lib/thumb/v7e-m/fpv5/hard\libc_nano.a(lib_a-init.o)
 .ARM.attributes
                0x000000b6       0x32 c:/stm32/gcc-arm-none-eabi/bin/../lib/gcc/arm-none-eabi/7.3.1/../../../../arm-none-eabi/lib/thumb/v7e-m/fpv5/hard\libc_nano.a(lib_a-memset.o)
 .ARM.attributes
                0x000000e8       0x37 fakeLib.o
 .ARM.attributes
                0x0000011f       0x37 main.o
 .ARM.attributes
                0x00000156       0x37 system_stm32f7xx.o
 .ARM.attributes
                0x0000018d       0x21 build/startup_stm32f769xx.o
 .ARM.attributes
                0x000001ae       0x32 c:/stm32/gcc-arm-none-eabi/bin/../lib/gcc/arm-none-eabi/7.3.1/../../../../arm-none-eabi/lib/thumb/v7e-m/fpv5/hard\libg_nano.a(lib_a-puts.o)
 .ARM.attributes
                0x000001e0       0x32 c:/stm32/gcc-arm-none-eabi/bin/../lib/gcc/arm-none-eabi/7.3.1/../../../../arm-none-eabi/lib/thumb/v7e-m/fpv5/hard\libg_nano.a(lib_a-wbuf.o)
 .ARM.attributes
                0x00000212       0x32 c:/stm32/gcc-arm-none-eabi/bin/../lib/gcc/arm-none-eabi/7.3.1/../../../../arm-none-eabi/lib/thumb/v7e-m/fpv5/hard\libg_nano.a(lib_a-wsetup.o)
 .ARM.attributes
                0x00000244       0x32 c:/stm32/gcc-arm-none-eabi/bin/../lib/gcc/arm-none-eabi/7.3.1/../../../../arm-none-eabi/lib/thumb/v7e-m/fpv5/hard\libg_nano.a(lib_a-fflush.o)
 .ARM.attributes
                0x00000276       0x32 c:/stm32/gcc-arm-none-eabi/bin/../lib/gcc/arm-none-eabi/7.3.1/../../../../arm-none-eabi/lib/thumb/v7e-m/fpv5/hard\libg_nano.a(lib_a-findfp.o)
 .ARM.attributes
                0x000002a8       0x32 c:/stm32/gcc-arm-none-eabi/bin/../lib/gcc/arm-none-eabi/7.3.1/../../../../arm-none-eabi/lib/thumb/v7e-m/fpv5/hard\libg_nano.a(lib_a-fwalk.o)
 .ARM.attributes
                0x000002da       0x32 c:/stm32/gcc-arm-none-eabi/bin/../lib/gcc/arm-none-eabi/7.3.1/../../../../arm-none-eabi/lib/thumb/v7e-m/fpv5/hard\libg_nano.a(lib_a-makebuf.o)
 .ARM.attributes
                0x0000030c       0x32 c:/stm32/gcc-arm-none-eabi/bin/../lib/gcc/arm-none-eabi/7.3.1/../../../../arm-none-eabi/lib/thumb/v7e-m/fpv5/hard\libg_nano.a(lib_a-nano-freer.o)
 .ARM.attributes
                0x0000033e       0x32 c:/stm32/gcc-arm-none-eabi/bin/../lib/gcc/arm-none-eabi/7.3.1/../../../../arm-none-eabi/lib/thumb/v7e-m/fpv5/hard\libg_nano.a(lib_a-nano-mallocr.o)
 .ARM.attributes
                0x00000370       0x32 c:/stm32/gcc-arm-none-eabi/bin/../lib/gcc/arm-none-eabi/7.3.1/../../../../arm-none-eabi/lib/thumb/v7e-m/fpv5/hard\libg_nano.a(lib_a-reent.o)
 .ARM.attributes
                0x000003a2       0x32 c:/stm32/gcc-arm-none-eabi/bin/../lib/gcc/arm-none-eabi/7.3.1/../../../../arm-none-eabi/lib/thumb/v7e-m/fpv5/hard\libg_nano.a(lib_a-sbrkr.o)
 .ARM.attributes
                0x000003d4       0x32 c:/stm32/gcc-arm-none-eabi/bin/../lib/gcc/arm-none-eabi/7.3.1/../../../../arm-none-eabi/lib/thumb/v7e-m/fpv5/hard\libg_nano.a(lib_a-stdio.o)
 .ARM.attributes
                0x00000406       0x32 c:/stm32/gcc-arm-none-eabi/bin/../lib/gcc/arm-none-eabi/7.3.1/../../../../arm-none-eabi/lib/thumb/v7e-m/fpv5/hard\libg_nano.a(lib_a-writer.o)
 .ARM.attributes
                0x00000438       0x32 c:/stm32/gcc-arm-none-eabi/bin/../lib/gcc/arm-none-eabi/7.3.1/../../../../arm-none-eabi/lib/thumb/v7e-m/fpv5/hard\libg_nano.a(lib_a-closer.o)
 .ARM.attributes
                0x0000046a       0x32 c:/stm32/gcc-arm-none-eabi/bin/../lib/gcc/arm-none-eabi/7.3.1/../../../../arm-none-eabi/lib/thumb/v7e-m/fpv5/hard\libg_nano.a(lib_a-fstatr.o)
 .ARM.attributes
                0x0000049c       0x32 c:/stm32/gcc-arm-none-eabi/bin/../lib/gcc/arm-none-eabi/7.3.1/../../../../arm-none-eabi/lib/thumb/v7e-m/fpv5/hard\libg_nano.a(lib_a-isattyr.o)
 .ARM.attributes
                0x000004ce       0x32 c:/stm32/gcc-arm-none-eabi/bin/../lib/gcc/arm-none-eabi/7.3.1/../../../../arm-none-eabi/lib/thumb/v7e-m/fpv5/hard\libg_nano.a(lib_a-lseekr.o)
 .ARM.attributes
                0x00000500       0x32 c:/stm32/gcc-arm-none-eabi/bin/../lib/gcc/arm-none-eabi/7.3.1/../../../../arm-none-eabi/lib/thumb/v7e-m/fpv5/hard\libg_nano.a(lib_a-mlock.o)
 .ARM.attributes
                0x00000532       0x32 c:/stm32/gcc-arm-none-eabi/bin/../lib/gcc/arm-none-eabi/7.3.1/../../../../arm-none-eabi/lib/thumb/v7e-m/fpv5/hard\libg_nano.a(lib_a-readr.o)
 .ARM.attributes
                0x00000564       0x32 c:/stm32/gcc-arm-none-eabi/bin/../lib/gcc/arm-none-eabi/7.3.1/../../../../arm-none-eabi/lib/thumb/v7e-m/fpv5/hard\libnosys.a(close.o)
 .ARM.attributes
                0x00000596       0x32 c:/stm32/gcc-arm-none-eabi/bin/../lib/gcc/arm-none-eabi/7.3.1/../../../../arm-none-eabi/lib/thumb/v7e-m/fpv5/hard\libnosys.a(fstat.o)
 .ARM.attributes
                0x000005c8       0x32 c:/stm32/gcc-arm-none-eabi/bin/../lib/gcc/arm-none-eabi/7.3.1/../../../../arm-none-eabi/lib/thumb/v7e-m/fpv5/hard\libnosys.a(isatty.o)
 .ARM.attributes
                0x000005fa       0x32 c:/stm32/gcc-arm-none-eabi/bin/../lib/gcc/arm-none-eabi/7.3.1/../../../../arm-none-eabi/lib/thumb/v7e-m/fpv5/hard\libnosys.a(lseek.o)
 .ARM.attributes
                0x0000062c       0x32 c:/stm32/gcc-arm-none-eabi/bin/../lib/gcc/arm-none-eabi/7.3.1/../../../../arm-none-eabi/lib/thumb/v7e-m/fpv5/hard\libnosys.a(read.o)
 .ARM.attributes
                0x0000065e       0x32 c:/stm32/gcc-arm-none-eabi/bin/../lib/gcc/arm-none-eabi/7.3.1/../../../../arm-none-eabi/lib/thumb/v7e-m/fpv5/hard\libnosys.a(sbrk.o)
 .ARM.attributes
                0x00000690       0x32 c:/stm32/gcc-arm-none-eabi/bin/../lib/gcc/arm-none-eabi/7.3.1/../../../../arm-none-eabi/lib/thumb/v7e-m/fpv5/hard\libnosys.a(write.o)
 .ARM.attributes
                0x000006c2       0x20 c:/stm32/gcc-arm-none-eabi/bin/../lib/gcc/arm-none-eabi/7.3.1/thumb/v7e-m/fpv5/hard/crtn.o
OUTPUT(build/output.elf elf32-littlearm)

.debug_frame    0x00000000      0x740
 .debug_frame   0x00000000       0x2c c:/stm32/gcc-arm-none-eabi/bin/../lib/gcc/arm-none-eabi/7.3.1/../../../../arm-none-eabi/lib/thumb/v7e-m/fpv5/hard\libc_nano.a(lib_a-init.o)
 .debug_frame   0x0000002c       0x20 c:/stm32/gcc-arm-none-eabi/bin/../lib/gcc/arm-none-eabi/7.3.1/../../../../arm-none-eabi/lib/thumb/v7e-m/fpv5/hard\libc_nano.a(lib_a-memset.o)
 .debug_frame   0x0000004c       0x28 fakeLib.o
 .debug_frame   0x00000074       0x2c main.o
 .debug_frame   0x000000a0       0x3c system_stm32f7xx.o
 .debug_frame   0x000000dc       0x3c c:/stm32/gcc-arm-none-eabi/bin/../lib/gcc/arm-none-eabi/7.3.1/../../../../arm-none-eabi/lib/thumb/v7e-m/fpv5/hard\libg_nano.a(lib_a-puts.o)
 .debug_frame   0x00000118       0x40 c:/stm32/gcc-arm-none-eabi/bin/../lib/gcc/arm-none-eabi/7.3.1/../../../../arm-none-eabi/lib/thumb/v7e-m/fpv5/hard\libg_nano.a(lib_a-wbuf.o)
 .debug_frame   0x00000158       0x2c c:/stm32/gcc-arm-none-eabi/bin/../lib/gcc/arm-none-eabi/7.3.1/../../../../arm-none-eabi/lib/thumb/v7e-m/fpv5/hard\libg_nano.a(lib_a-wsetup.o)
 .debug_frame   0x00000184       0x68 c:/stm32/gcc-arm-none-eabi/bin/../lib/gcc/arm-none-eabi/7.3.1/../../../../arm-none-eabi/lib/thumb/v7e-m/fpv5/hard\libg_nano.a(lib_a-fflush.o)
 .debug_frame   0x000001ec      0x11c c:/stm32/gcc-arm-none-eabi/bin/../lib/gcc/arm-none-eabi/7.3.1/../../../../arm-none-eabi/lib/thumb/v7e-m/fpv5/hard\libg_nano.a(lib_a-findfp.o)
 .debug_frame   0x00000308       0x54 c:/stm32/gcc-arm-none-eabi/bin/../lib/gcc/arm-none-eabi/7.3.1/../../../../arm-none-eabi/lib/thumb/v7e-m/fpv5/hard\libg_nano.a(lib_a-fwalk.o)
 .debug_frame   0x0000035c       0x58 c:/stm32/gcc-arm-none-eabi/bin/../lib/gcc/arm-none-eabi/7.3.1/../../../../arm-none-eabi/lib/thumb/v7e-m/fpv5/hard\libg_nano.a(lib_a-makebuf.o)
 .debug_frame   0x000003b4       0x38 c:/stm32/gcc-arm-none-eabi/bin/../lib/gcc/arm-none-eabi/7.3.1/../../../../arm-none-eabi/lib/thumb/v7e-m/fpv5/hard\libg_nano.a(lib_a-nano-freer.o)
 .debug_frame   0x000003ec       0x2c c:/stm32/gcc-arm-none-eabi/bin/../lib/gcc/arm-none-eabi/7.3.1/../../../../arm-none-eabi/lib/thumb/v7e-m/fpv5/hard\libg_nano.a(lib_a-nano-mallocr.o)
 .debug_frame   0x00000418       0x5c c:/stm32/gcc-arm-none-eabi/bin/../lib/gcc/arm-none-eabi/7.3.1/../../../../arm-none-eabi/lib/thumb/v7e-m/fpv5/hard\libg_nano.a(lib_a-reent.o)
 .debug_frame   0x00000474       0x2c c:/stm32/gcc-arm-none-eabi/bin/../lib/gcc/arm-none-eabi/7.3.1/../../../../arm-none-eabi/lib/thumb/v7e-m/fpv5/hard\libg_nano.a(lib_a-sbrkr.o)
 .debug_frame   0x000004a0       0x88 c:/stm32/gcc-arm-none-eabi/bin/../lib/gcc/arm-none-eabi/7.3.1/../../../../arm-none-eabi/lib/thumb/v7e-m/fpv5/hard\libg_nano.a(lib_a-stdio.o)
 .debug_frame   0x00000528       0x2c c:/stm32/gcc-arm-none-eabi/bin/../lib/gcc/arm-none-eabi/7.3.1/../../../../arm-none-eabi/lib/thumb/v7e-m/fpv5/hard\libg_nano.a(lib_a-writer.o)
 .debug_frame   0x00000554       0x2c c:/stm32/gcc-arm-none-eabi/bin/../lib/gcc/arm-none-eabi/7.3.1/../../../../arm-none-eabi/lib/thumb/v7e-m/fpv5/hard\libg_nano.a(lib_a-closer.o)
 .debug_frame   0x00000580       0x2c c:/stm32/gcc-arm-none-eabi/bin/../lib/gcc/arm-none-eabi/7.3.1/../../../../arm-none-eabi/lib/thumb/v7e-m/fpv5/hard\libg_nano.a(lib_a-fstatr.o)
 .debug_frame   0x000005ac       0x2c c:/stm32/gcc-arm-none-eabi/bin/../lib/gcc/arm-none-eabi/7.3.1/../../../../arm-none-eabi/lib/thumb/v7e-m/fpv5/hard\libg_nano.a(lib_a-isattyr.o)
 .debug_frame   0x000005d8       0x2c c:/stm32/gcc-arm-none-eabi/bin/../lib/gcc/arm-none-eabi/7.3.1/../../../../arm-none-eabi/lib/thumb/v7e-m/fpv5/hard\libg_nano.a(lib_a-lseekr.o)
 .debug_frame   0x00000604       0x30 c:/stm32/gcc-arm-none-eabi/bin/../lib/gcc/arm-none-eabi/7.3.1/../../../../arm-none-eabi/lib/thumb/v7e-m/fpv5/hard\libg_nano.a(lib_a-mlock.o)
 .debug_frame   0x00000634       0x2c c:/stm32/gcc-arm-none-eabi/bin/../lib/gcc/arm-none-eabi/7.3.1/../../../../arm-none-eabi/lib/thumb/v7e-m/fpv5/hard\libg_nano.a(lib_a-readr.o)
 .debug_frame   0x00000660       0x20 c:/stm32/gcc-arm-none-eabi/bin/../lib/gcc/arm-none-eabi/7.3.1/../../../../arm-none-eabi/lib/thumb/v7e-m/fpv5/hard\libnosys.a(close.o)
 .debug_frame   0x00000680       0x20 c:/stm32/gcc-arm-none-eabi/bin/../lib/gcc/arm-none-eabi/7.3.1/../../../../arm-none-eabi/lib/thumb/v7e-m/fpv5/hard\libnosys.a(fstat.o)
 .debug_frame   0x000006a0       0x20 c:/stm32/gcc-arm-none-eabi/bin/../lib/gcc/arm-none-eabi/7.3.1/../../../../arm-none-eabi/lib/thumb/v7e-m/fpv5/hard\libnosys.a(isatty.o)
 .debug_frame   0x000006c0       0x20 c:/stm32/gcc-arm-none-eabi/bin/../lib/gcc/arm-none-eabi/7.3.1/../../../../arm-none-eabi/lib/thumb/v7e-m/fpv5/hard\libnosys.a(lseek.o)
 .debug_frame   0x000006e0       0x20 c:/stm32/gcc-arm-none-eabi/bin/../lib/gcc/arm-none-eabi/7.3.1/../../../../arm-none-eabi/lib/thumb/v7e-m/fpv5/hard\libnosys.a(read.o)
 .debug_frame   0x00000700       0x20 c:/stm32/gcc-arm-none-eabi/bin/../lib/gcc/arm-none-eabi/7.3.1/../../../../arm-none-eabi/lib/thumb/v7e-m/fpv5/hard\libnosys.a(sbrk.o)
 .debug_frame   0x00000720       0x20 c:/stm32/gcc-arm-none-eabi/bin/../lib/gcc/arm-none-eabi/7.3.1/../../../../arm-none-eabi/lib/thumb/v7e-m/fpv5/hard\libnosys.a(write.o)

.debug_info     0x00000000     0x1cb9
 .debug_info    0x00000000      0xa18 fakeLib.o
 .debug_info    0x00000a18      0xa59 main.o
 .debug_info    0x00001471      0x826 system_stm32f7xx.o
 .debug_info    0x00001c97       0x22 build/startup_stm32f769xx.o

.debug_abbrev   0x00000000      0x57f
 .debug_abbrev  0x00000000      0x1f7 fakeLib.o
 .debug_abbrev  0x000001f7      0x233 main.o
 .debug_abbrev  0x0000042a      0x143 system_stm32f7xx.o
 .debug_abbrev  0x0000056d       0x12 build/startup_stm32f769xx.o

.debug_loc      0x00000000      0x20b
 .debug_loc     0x00000000       0x41 fakeLib.o
 .debug_loc     0x00000041       0x38 main.o
 .debug_loc     0x00000079      0x192 system_stm32f7xx.o

.debug_aranges  0x00000000       0x88
 .debug_aranges
                0x00000000       0x20 fakeLib.o
 .debug_aranges
                0x00000020       0x20 main.o
 .debug_aranges
                0x00000040       0x20 system_stm32f7xx.o
 .debug_aranges
                0x00000060       0x28 build/startup_stm32f769xx.o

.debug_line     0x00000000      0x3f8
 .debug_line    0x00000000       0xf5 fakeLib.o
 .debug_line    0x000000f5       0xf3 main.o
 .debug_line    0x000001e8      0x198 system_stm32f7xx.o
 .debug_line    0x00000380       0x78 build/startup_stm32f769xx.o

.debug_str      0x00000000      0x8fb
 .debug_str     0x00000000      0x571 fakeLib.o
                                0x5d9 (size before relaxing)
 .debug_str     0x00000571       0x29 main.o
                                0x5f2 (size before relaxing)
 .debug_str     0x0000059a      0x339 system_stm32f7xx.o
                                0x4fd (size before relaxing)
 .debug_str     0x000008d3       0x28 build/startup_stm32f769xx.o
                                 0x53 (size before relaxing)

.comment        0x00000000       0x7f
 .comment       0x00000000       0x7f fakeLib.o
                                 0x80 (size before relaxing)
 .comment       0x0000007f       0x80 main.o
 .comment       0x0000007f       0x80 system_stm32f7xx.o

.debug_ranges   0x00000000       0x20
 .debug_ranges  0x00000000       0x20 build/startup_stm32f769xx.o

.stab           0x00000000       0x9c
 .stab          0x00000000       0x24 c:/stm32/gcc-arm-none-eabi/bin/../lib/gcc/arm-none-eabi/7.3.1/../../../../arm-none-eabi/lib/thumb/v7e-m/fpv5/hard\libnosys.a(close.o)
 .stab          0x00000024       0x18 c:/stm32/gcc-arm-none-eabi/bin/../lib/gcc/arm-none-eabi/7.3.1/../../../../arm-none-eabi/lib/thumb/v7e-m/fpv5/hard\libnosys.a(fstat.o)
                                 0x24 (size before relaxing)
 .stab          0x0000003c       0x18 c:/stm32/gcc-arm-none-eabi/bin/../lib/gcc/arm-none-eabi/7.3.1/../../../../arm-none-eabi/lib/thumb/v7e-m/fpv5/hard\libnosys.a(isatty.o)
                                 0x24 (size before relaxing)
 .stab          0x00000054       0x18 c:/stm32/gcc-arm-none-eabi/bin/../lib/gcc/arm-none-eabi/7.3.1/../../../../arm-none-eabi/lib/thumb/v7e-m/fpv5/hard\libnosys.a(lseek.o)
                                 0x24 (size before relaxing)
 .stab          0x0000006c       0x18 c:/stm32/gcc-arm-none-eabi/bin/../lib/gcc/arm-none-eabi/7.3.1/../../../../arm-none-eabi/lib/thumb/v7e-m/fpv5/hard\libnosys.a(read.o)
                                 0x24 (size before relaxing)
 .stab          0x00000084       0x18 c:/stm32/gcc-arm-none-eabi/bin/../lib/gcc/arm-none-eabi/7.3.1/../../../../arm-none-eabi/lib/thumb/v7e-m/fpv5/hard\libnosys.a(write.o)
                                 0x24 (size before relaxing)

.stabstr        0x00000000      0x1b9
 .stabstr       0x00000000      0x1b9 c:/stm32/gcc-arm-none-eabi/bin/../lib/gcc/arm-none-eabi/7.3.1/../../../../arm-none-eabi/lib/thumb/v7e-m/fpv5/hard\libnosys.a(close.o)

Cross Reference Table

Symbol                                            File
ADC_IRQHandler                                    build/startup_stm32f769xx.o
AHBPrescTable                                     system_stm32f7xx.o
APBPrescTable                                     system_stm32f7xx.o
BusFault_Handler                                  build/startup_stm32f769xx.o
CAN1_RX0_IRQHandler                               build/startup_stm32f769xx.o
CAN1_RX1_IRQHandler                               build/startup_stm32f769xx.o
CAN1_SCE_IRQHandler                               build/startup_stm32f769xx.o
CAN1_TX_IRQHandler                                build/startup_stm32f769xx.o
CAN2_RX0_IRQHandler                               build/startup_stm32f769xx.o
CAN2_RX1_IRQHandler                               build/startup_stm32f769xx.o
CAN2_SCE_IRQHandler                               build/startup_stm32f769xx.o
CAN2_TX_IRQHandler                                build/startup_stm32f769xx.o
CAN3_RX0_IRQHandler                               build/startup_stm32f769xx.o
CAN3_RX1_IRQHandler                               build/startup_stm32f769xx.o
CAN3_SCE_IRQHandler                               build/startup_stm32f769xx.o
CAN3_TX_IRQHandler                                build/startup_stm32f769xx.o
CEC_IRQHandler                                    build/startup_stm32f769xx.o
DCMI_IRQHandler                                   build/startup_stm32f769xx.o
DFSDM1_FLT0_IRQHandler                            build/startup_stm32f769xx.o
DFSDM1_FLT1_IRQHandler                            build/startup_stm32f769xx.o
DFSDM1_FLT2_IRQHandler                            build/startup_stm32f769xx.o
DFSDM1_FLT3_IRQHandler                            build/startup_stm32f769xx.o
DMA1_Stream0_IRQHandler                           build/startup_stm32f769xx.o
DMA1_Stream1_IRQHandler                           build/startup_stm32f769xx.o
DMA1_Stream2_IRQHandler                           build/startup_stm32f769xx.o
DMA1_Stream3_IRQHandler                           build/startup_stm32f769xx.o
DMA1_Stream4_IRQHandler                           build/startup_stm32f769xx.o
DMA1_Stream5_IRQHandler                           build/startup_stm32f769xx.o
DMA1_Stream6_IRQHandler                           build/startup_stm32f769xx.o
DMA1_Stream7_IRQHandler                           build/startup_stm32f769xx.o
DMA2D_IRQHandler                                  build/startup_stm32f769xx.o
DMA2_Stream0_IRQHandler                           build/startup_stm32f769xx.o
DMA2_Stream1_IRQHandler                           build/startup_stm32f769xx.o
DMA2_Stream2_IRQHandler                           build/startup_stm32f769xx.o
DMA2_Stream3_IRQHandler                           build/startup_stm32f769xx.o
DMA2_Stream4_IRQHandler                           build/startup_stm32f769xx.o
DMA2_Stream5_IRQHandler                           build/startup_stm32f769xx.o
DMA2_Stream6_IRQHandler                           build/startup_stm32f769xx.o
DMA2_Stream7_IRQHandler                           build/startup_stm32f769xx.o
DSI_IRQHandler                                    build/startup_stm32f769xx.o
DebugMon_Handler                                  build/startup_stm32f769xx.o
Default_Handler                                   build/startup_stm32f769xx.o
ETH_IRQHandler                                    build/startup_stm32f769xx.o
ETH_WKUP_IRQHandler                               build/startup_stm32f769xx.o
EXTI0_IRQHandler                                  build/startup_stm32f769xx.o
EXTI15_10_IRQHandler                              build/startup_stm32f769xx.o
EXTI1_IRQHandler                                  build/startup_stm32f769xx.o
EXTI2_IRQHandler                                  build/startup_stm32f769xx.o
EXTI3_IRQHandler                                  build/startup_stm32f769xx.o
EXTI4_IRQHandler                                  build/startup_stm32f769xx.o
EXTI9_5_IRQHandler                                build/startup_stm32f769xx.o
FLASH_IRQHandler                                  build/startup_stm32f769xx.o
FMC_IRQHandler                                    build/startup_stm32f769xx.o
FPU_IRQHandler                                    build/startup_stm32f769xx.o
HardFault_Handler                                 build/startup_stm32f769xx.o
I2C1_ER_IRQHandler                                build/startup_stm32f769xx.o
I2C1_EV_IRQHandler                                build/startup_stm32f769xx.o
I2C2_ER_IRQHandler                                build/startup_stm32f769xx.o
I2C2_EV_IRQHandler                                build/startup_stm32f769xx.o
I2C3_ER_IRQHandler                                build/startup_stm32f769xx.o
I2C3_EV_IRQHandler                                build/startup_stm32f769xx.o
I2C4_ER_IRQHandler                                build/startup_stm32f769xx.o
I2C4_EV_IRQHandler                                build/startup_stm32f769xx.o
JPEG_IRQHandler                                   build/startup_stm32f769xx.o
LPTIM1_IRQHandler                                 build/startup_stm32f769xx.o
LTDC_ER_IRQHandler                                build/startup_stm32f769xx.o
LTDC_IRQHandler                                   build/startup_stm32f769xx.o
MDIOS_IRQHandler                                  build/startup_stm32f769xx.o
MemManage_Handler                                 build/startup_stm32f769xx.o
MyClass::printInfo()                              fakeLib.o
                                                  main.o
NMI_Handler                                       build/startup_stm32f769xx.o
OTG_FS_IRQHandler                                 build/startup_stm32f769xx.o
OTG_FS_WKUP_IRQHandler                            build/startup_stm32f769xx.o
OTG_HS_EP1_IN_IRQHandler                          build/startup_stm32f769xx.o
OTG_HS_EP1_OUT_IRQHandler                         build/startup_stm32f769xx.o
OTG_HS_IRQHandler                                 build/startup_stm32f769xx.o
OTG_HS_WKUP_IRQHandler                            build/startup_stm32f769xx.o
PVD_IRQHandler                                    build/startup_stm32f769xx.o
PendSV_Handler                                    build/startup_stm32f769xx.o
QUADSPI_IRQHandler                                build/startup_stm32f769xx.o
RCC_IRQHandler                                    build/startup_stm32f769xx.o
RNG_IRQHandler                                    build/startup_stm32f769xx.o
RTC_Alarm_IRQHandler                              build/startup_stm32f769xx.o
RTC_WKUP_IRQHandler                               build/startup_stm32f769xx.o
Reset_Handler                                     build/startup_stm32f769xx.o
SAI1_IRQHandler                                   build/startup_stm32f769xx.o
SAI2_IRQHandler                                   build/startup_stm32f769xx.o
SDMMC1_IRQHandler                                 build/startup_stm32f769xx.o
SDMMC2_IRQHandler                                 build/startup_stm32f769xx.o
SPDIF_RX_IRQHandler                               build/startup_stm32f769xx.o
SPI1_IRQHandler                                   build/startup_stm32f769xx.o
SPI2_IRQHandler                                   build/startup_stm32f769xx.o
SPI3_IRQHandler                                   build/startup_stm32f769xx.o
SPI4_IRQHandler                                   build/startup_stm32f769xx.o
SPI5_IRQHandler                                   build/startup_stm32f769xx.o
SPI6_IRQHandler                                   build/startup_stm32f769xx.o
SVC_Handler                                       build/startup_stm32f769xx.o
SysTick_Handler                                   build/startup_stm32f769xx.o
SystemCoreClock                                   system_stm32f7xx.o
SystemCoreClockUpdate                             system_stm32f7xx.o
SystemInit                                        system_stm32f7xx.o
                                                  build/startup_stm32f769xx.o
TAMP_STAMP_IRQHandler                             build/startup_stm32f769xx.o
TIM1_BRK_TIM9_IRQHandler                          build/startup_stm32f769xx.o
TIM1_CC_IRQHandler                                build/startup_stm32f769xx.o
TIM1_TRG_COM_TIM11_IRQHandler                     build/startup_stm32f769xx.o
TIM1_UP_TIM10_IRQHandler                          build/startup_stm32f769xx.o
TIM2_IRQHandler                                   build/startup_stm32f769xx.o
TIM3_IRQHandler                                   build/startup_stm32f769xx.o
TIM4_IRQHandler                                   build/startup_stm32f769xx.o
TIM5_IRQHandler                                   build/startup_stm32f769xx.o
TIM6_DAC_IRQHandler                               build/startup_stm32f769xx.o
TIM7_IRQHandler                                   build/startup_stm32f769xx.o
TIM8_BRK_TIM12_IRQHandler                         build/startup_stm32f769xx.o
TIM8_CC_IRQHandler                                build/startup_stm32f769xx.o
TIM8_TRG_COM_TIM14_IRQHandler                     build/startup_stm32f769xx.o
TIM8_UP_TIM13_IRQHandler                          build/startup_stm32f769xx.o
UART4_IRQHandler                                  build/startup_stm32f769xx.o
UART5_IRQHandler                                  build/startup_stm32f769xx.o
UART7_IRQHandler                                  build/startup_stm32f769xx.o
UART8_IRQHandler                                  build/startup_stm32f769xx.o
USART1_IRQHandler                                 build/startup_stm32f769xx.o
USART2_IRQHandler                                 build/startup_stm32f769xx.o
USART3_IRQHandler                                 build/startup_stm32f769xx.o
USART6_IRQHandler                                 build/startup_stm32f769xx.o
UsageFault_Handler                                build/startup_stm32f769xx.o
WWDG_IRQHandler                                   build/startup_stm32f769xx.o
_Unwind_Backtrace                                 c:/stm32/gcc-arm-none-eabi/bin/../lib/gcc/arm-none-eabi/7.3.1/thumb/v7e-m/fpv5/hard\libgcc.a(libunwind.o)
_Unwind_Complete                                  c:/stm32/gcc-arm-none-eabi/bin/../lib/gcc/arm-none-eabi/7.3.1/thumb/v7e-m/fpv5/hard\libgcc.a(unwind-arm.o)
_Unwind_DeleteException                           c:/stm32/gcc-arm-none-eabi/bin/../lib/gcc/arm-none-eabi/7.3.1/thumb/v7e-m/fpv5/hard\libgcc.a(unwind-arm.o)
_Unwind_ForcedUnwind                              c:/stm32/gcc-arm-none-eabi/bin/../lib/gcc/arm-none-eabi/7.3.1/thumb/v7e-m/fpv5/hard\libgcc.a(libunwind.o)
_Unwind_GetCFA                                    c:/stm32/gcc-arm-none-eabi/bin/../lib/gcc/arm-none-eabi/7.3.1/thumb/v7e-m/fpv5/hard\libgcc.a(unwind-arm.o)
_Unwind_GetDataRelBase                            c:/stm32/gcc-arm-none-eabi/bin/../lib/gcc/arm-none-eabi/7.3.1/thumb/v7e-m/fpv5/hard\libgcc.a(pr-support.o)
_Unwind_GetLanguageSpecificData                   c:/stm32/gcc-arm-none-eabi/bin/../lib/gcc/arm-none-eabi/7.3.1/thumb/v7e-m/fpv5/hard\libgcc.a(pr-support.o)
_Unwind_GetRegionStart                            c:/stm32/gcc-arm-none-eabi/bin/../lib/gcc/arm-none-eabi/7.3.1/thumb/v7e-m/fpv5/hard\libgcc.a(pr-support.o)
_Unwind_GetTextRelBase                            c:/stm32/gcc-arm-none-eabi/bin/../lib/gcc/arm-none-eabi/7.3.1/thumb/v7e-m/fpv5/hard\libgcc.a(pr-support.o)
_Unwind_RaiseException                            c:/stm32/gcc-arm-none-eabi/bin/../lib/gcc/arm-none-eabi/7.3.1/thumb/v7e-m/fpv5/hard\libgcc.a(libunwind.o)
_Unwind_Resume                                    c:/stm32/gcc-arm-none-eabi/bin/../lib/gcc/arm-none-eabi/7.3.1/thumb/v7e-m/fpv5/hard\libgcc.a(libunwind.o)
_Unwind_Resume_or_Rethrow                         c:/stm32/gcc-arm-none-eabi/bin/../lib/gcc/arm-none-eabi/7.3.1/thumb/v7e-m/fpv5/hard\libgcc.a(libunwind.o)
_Unwind_VRS_Get                                   c:/stm32/gcc-arm-none-eabi/bin/../lib/gcc/arm-none-eabi/7.3.1/thumb/v7e-m/fpv5/hard\libgcc.a(unwind-arm.o)
                                                  c:/stm32/gcc-arm-none-eabi/bin/../lib/gcc/arm-none-eabi/7.3.1/thumb/v7e-m/fpv5/hard\libgcc.a(pr-support.o)
_Unwind_VRS_Pop                                   c:/stm32/gcc-arm-none-eabi/bin/../lib/gcc/arm-none-eabi/7.3.1/thumb/v7e-m/fpv5/hard\libgcc.a(unwind-arm.o)
                                                  c:/stm32/gcc-arm-none-eabi/bin/../lib/gcc/arm-none-eabi/7.3.1/thumb/v7e-m/fpv5/hard\libgcc.a(pr-support.o)
_Unwind_VRS_Set                                   c:/stm32/gcc-arm-none-eabi/bin/../lib/gcc/arm-none-eabi/7.3.1/thumb/v7e-m/fpv5/hard\libgcc.a(unwind-arm.o)
                                                  c:/stm32/gcc-arm-none-eabi/bin/../lib/gcc/arm-none-eabi/7.3.1/thumb/v7e-m/fpv5/hard\libgcc.a(pr-support.o)
___Unwind_Backtrace                               c:/stm32/gcc-arm-none-eabi/bin/../lib/gcc/arm-none-eabi/7.3.1/thumb/v7e-m/fpv5/hard\libgcc.a(libunwind.o)
___Unwind_ForcedUnwind                            c:/stm32/gcc-arm-none-eabi/bin/../lib/gcc/arm-none-eabi/7.3.1/thumb/v7e-m/fpv5/hard\libgcc.a(libunwind.o)
___Unwind_RaiseException                          c:/stm32/gcc-arm-none-eabi/bin/../lib/gcc/arm-none-eabi/7.3.1/thumb/v7e-m/fpv5/hard\libgcc.a(libunwind.o)
___Unwind_Resume                                  c:/stm32/gcc-arm-none-eabi/bin/../lib/gcc/arm-none-eabi/7.3.1/thumb/v7e-m/fpv5/hard\libgcc.a(libunwind.o)
___Unwind_Resume_or_Rethrow                       c:/stm32/gcc-arm-none-eabi/bin/../lib/gcc/arm-none-eabi/7.3.1/thumb/v7e-m/fpv5/hard\libgcc.a(libunwind.o)
__aeabi_unwind_cpp_pr0                            c:/stm32/gcc-arm-none-eabi/bin/../lib/gcc/arm-none-eabi/7.3.1/thumb/v7e-m/fpv5/hard\libgcc.a(unwind-arm.o)
                                                  c:/stm32/gcc-arm-none-eabi/bin/../lib/gcc/arm-none-eabi/7.3.1/thumb/v7e-m/fpv5/hard\libgcc.a(pr-support.o)
                                                  main.o
__aeabi_unwind_cpp_pr1                            c:/stm32/gcc-arm-none-eabi/bin/../lib/gcc/arm-none-eabi/7.3.1/thumb/v7e-m/fpv5/hard\libgcc.a(unwind-arm.o)
                                                  c:/stm32/gcc-arm-none-eabi/bin/../lib/gcc/arm-none-eabi/7.3.1/thumb/v7e-m/fpv5/hard\libgcc.a(pr-support.o)
                                                  fakeLib.o
__aeabi_unwind_cpp_pr2                            c:/stm32/gcc-arm-none-eabi/bin/../lib/gcc/arm-none-eabi/7.3.1/thumb/v7e-m/fpv5/hard\libgcc.a(unwind-arm.o)
__bss_end__                                       c:/stm32/gcc-arm-none-eabi/bin/../lib/gcc/arm-none-eabi/7.3.1/../../../../arm-none-eabi/lib/thumb/v7e-m/fpv5/hard/crt0.o
__bss_start__                                     c:/stm32/gcc-arm-none-eabi/bin/../lib/gcc/arm-none-eabi/7.3.1/../../../../arm-none-eabi/lib/thumb/v7e-m/fpv5/hard/crt0.o
__call_exitprocs                                  c:/stm32/gcc-arm-none-eabi/bin/../lib/gcc/arm-none-eabi/7.3.1/../../../../arm-none-eabi/lib/thumb/v7e-m/fpv5/hard\libc_nano.a(lib_a-exit.o)
__cxa_begin_cleanup                               c:/stm32/gcc-arm-none-eabi/bin/../lib/gcc/arm-none-eabi/7.3.1/thumb/v7e-m/fpv5/hard\libgcc.a(unwind-arm.o)
__cxa_call_unexpected                             c:/stm32/gcc-arm-none-eabi/bin/../lib/gcc/arm-none-eabi/7.3.1/thumb/v7e-m/fpv5/hard\libgcc.a(unwind-arm.o)
__cxa_type_match                                  c:/stm32/gcc-arm-none-eabi/bin/../lib/gcc/arm-none-eabi/7.3.1/thumb/v7e-m/fpv5/hard\libgcc.a(unwind-arm.o)
__deregister_frame_info                           c:/stm32/gcc-arm-none-eabi/bin/../lib/gcc/arm-none-eabi/7.3.1/thumb/v7e-m/fpv5/hard/crtbegin.o
__dso_handle                                      c:/stm32/gcc-arm-none-eabi/bin/../lib/gcc/arm-none-eabi/7.3.1/thumb/v7e-m/fpv5/hard/crtbegin.o
__exidx_end                                       c:/stm32/gcc-arm-none-eabi/bin/../lib/gcc/arm-none-eabi/7.3.1/thumb/v7e-m/fpv5/hard\libgcc.a(unwind-arm.o)
__exidx_start                                     c:/stm32/gcc-arm-none-eabi/bin/../lib/gcc/arm-none-eabi/7.3.1/thumb/v7e-m/fpv5/hard\libgcc.a(unwind-arm.o)
__fp_lock_all                                     c:/stm32/gcc-arm-none-eabi/bin/../lib/gcc/arm-none-eabi/7.3.1/../../../../arm-none-eabi/lib/thumb/v7e-m/fpv5/hard\libg_nano.a(lib_a-findfp.o)
__fp_unlock_all                                   c:/stm32/gcc-arm-none-eabi/bin/../lib/gcc/arm-none-eabi/7.3.1/../../../../arm-none-eabi/lib/thumb/v7e-m/fpv5/hard\libg_nano.a(lib_a-findfp.o)
__gnu_Unwind_Backtrace                            c:/stm32/gcc-arm-none-eabi/bin/../lib/gcc/arm-none-eabi/7.3.1/thumb/v7e-m/fpv5/hard\libgcc.a(unwind-arm.o)
                                                  c:/stm32/gcc-arm-none-eabi/bin/../lib/gcc/arm-none-eabi/7.3.1/thumb/v7e-m/fpv5/hard\libgcc.a(libunwind.o)
__gnu_Unwind_Find_exidx                           c:/stm32/gcc-arm-none-eabi/bin/../lib/gcc/arm-none-eabi/7.3.1/thumb/v7e-m/fpv5/hard\libgcc.a(unwind-arm.o)
__gnu_Unwind_ForcedUnwind                         c:/stm32/gcc-arm-none-eabi/bin/../lib/gcc/arm-none-eabi/7.3.1/thumb/v7e-m/fpv5/hard\libgcc.a(unwind-arm.o)
                                                  c:/stm32/gcc-arm-none-eabi/bin/../lib/gcc/arm-none-eabi/7.3.1/thumb/v7e-m/fpv5/hard\libgcc.a(libunwind.o)
__gnu_Unwind_RaiseException                       c:/stm32/gcc-arm-none-eabi/bin/../lib/gcc/arm-none-eabi/7.3.1/thumb/v7e-m/fpv5/hard\libgcc.a(unwind-arm.o)
                                                  c:/stm32/gcc-arm-none-eabi/bin/../lib/gcc/arm-none-eabi/7.3.1/thumb/v7e-m/fpv5/hard\libgcc.a(libunwind.o)
__gnu_Unwind_Restore_VFP                          c:/stm32/gcc-arm-none-eabi/bin/../lib/gcc/arm-none-eabi/7.3.1/thumb/v7e-m/fpv5/hard\libgcc.a(libunwind.o)
                                                  c:/stm32/gcc-arm-none-eabi/bin/../lib/gcc/arm-none-eabi/7.3.1/thumb/v7e-m/fpv5/hard\libgcc.a(unwind-arm.o)
__gnu_Unwind_Restore_VFP_D                        c:/stm32/gcc-arm-none-eabi/bin/../lib/gcc/arm-none-eabi/7.3.1/thumb/v7e-m/fpv5/hard\libgcc.a(libunwind.o)
                                                  c:/stm32/gcc-arm-none-eabi/bin/../lib/gcc/arm-none-eabi/7.3.1/thumb/v7e-m/fpv5/hard\libgcc.a(unwind-arm.o)
__gnu_Unwind_Restore_VFP_D_16_to_31               c:/stm32/gcc-arm-none-eabi/bin/../lib/gcc/arm-none-eabi/7.3.1/thumb/v7e-m/fpv5/hard\libgcc.a(libunwind.o)
                                                  c:/stm32/gcc-arm-none-eabi/bin/../lib/gcc/arm-none-eabi/7.3.1/thumb/v7e-m/fpv5/hard\libgcc.a(unwind-arm.o)
__gnu_Unwind_Restore_WMMXC                        c:/stm32/gcc-arm-none-eabi/bin/../lib/gcc/arm-none-eabi/7.3.1/thumb/v7e-m/fpv5/hard\libgcc.a(libunwind.o)
                                                  c:/stm32/gcc-arm-none-eabi/bin/../lib/gcc/arm-none-eabi/7.3.1/thumb/v7e-m/fpv5/hard\libgcc.a(unwind-arm.o)
__gnu_Unwind_Restore_WMMXD                        c:/stm32/gcc-arm-none-eabi/bin/../lib/gcc/arm-none-eabi/7.3.1/thumb/v7e-m/fpv5/hard\libgcc.a(libunwind.o)
                                                  c:/stm32/gcc-arm-none-eabi/bin/../lib/gcc/arm-none-eabi/7.3.1/thumb/v7e-m/fpv5/hard\libgcc.a(unwind-arm.o)
__gnu_Unwind_Resume                               c:/stm32/gcc-arm-none-eabi/bin/../lib/gcc/arm-none-eabi/7.3.1/thumb/v7e-m/fpv5/hard\libgcc.a(unwind-arm.o)
                                                  c:/stm32/gcc-arm-none-eabi/bin/../lib/gcc/arm-none-eabi/7.3.1/thumb/v7e-m/fpv5/hard\libgcc.a(libunwind.o)
__gnu_Unwind_Resume_or_Rethrow                    c:/stm32/gcc-arm-none-eabi/bin/../lib/gcc/arm-none-eabi/7.3.1/thumb/v7e-m/fpv5/hard\libgcc.a(unwind-arm.o)
                                                  c:/stm32/gcc-arm-none-eabi/bin/../lib/gcc/arm-none-eabi/7.3.1/thumb/v7e-m/fpv5/hard\libgcc.a(libunwind.o)
__gnu_Unwind_Save_VFP                             c:/stm32/gcc-arm-none-eabi/bin/../lib/gcc/arm-none-eabi/7.3.1/thumb/v7e-m/fpv5/hard\libgcc.a(libunwind.o)
                                                  c:/stm32/gcc-arm-none-eabi/bin/../lib/gcc/arm-none-eabi/7.3.1/thumb/v7e-m/fpv5/hard\libgcc.a(unwind-arm.o)
__gnu_Unwind_Save_VFP_D                           c:/stm32/gcc-arm-none-eabi/bin/../lib/gcc/arm-none-eabi/7.3.1/thumb/v7e-m/fpv5/hard\libgcc.a(libunwind.o)
                                                  c:/stm32/gcc-arm-none-eabi/bin/../lib/gcc/arm-none-eabi/7.3.1/thumb/v7e-m/fpv5/hard\libgcc.a(unwind-arm.o)
__gnu_Unwind_Save_VFP_D_16_to_31                  c:/stm32/gcc-arm-none-eabi/bin/../lib/gcc/arm-none-eabi/7.3.1/thumb/v7e-m/fpv5/hard\libgcc.a(libunwind.o)
                                                  c:/stm32/gcc-arm-none-eabi/bin/../lib/gcc/arm-none-eabi/7.3.1/thumb/v7e-m/fpv5/hard\libgcc.a(unwind-arm.o)
__gnu_Unwind_Save_WMMXC                           c:/stm32/gcc-arm-none-eabi/bin/../lib/gcc/arm-none-eabi/7.3.1/thumb/v7e-m/fpv5/hard\libgcc.a(libunwind.o)
                                                  c:/stm32/gcc-arm-none-eabi/bin/../lib/gcc/arm-none-eabi/7.3.1/thumb/v7e-m/fpv5/hard\libgcc.a(unwind-arm.o)
__gnu_Unwind_Save_WMMXD                           c:/stm32/gcc-arm-none-eabi/bin/../lib/gcc/arm-none-eabi/7.3.1/thumb/v7e-m/fpv5/hard\libgcc.a(libunwind.o)
                                                  c:/stm32/gcc-arm-none-eabi/bin/../lib/gcc/arm-none-eabi/7.3.1/thumb/v7e-m/fpv5/hard\libgcc.a(unwind-arm.o)
__gnu_unwind_execute                              c:/stm32/gcc-arm-none-eabi/bin/../lib/gcc/arm-none-eabi/7.3.1/thumb/v7e-m/fpv5/hard\libgcc.a(pr-support.o)
                                                  c:/stm32/gcc-arm-none-eabi/bin/../lib/gcc/arm-none-eabi/7.3.1/thumb/v7e-m/fpv5/hard\libgcc.a(unwind-arm.o)
__gnu_unwind_frame                                c:/stm32/gcc-arm-none-eabi/bin/../lib/gcc/arm-none-eabi/7.3.1/thumb/v7e-m/fpv5/hard\libgcc.a(pr-support.o)
__init_array_end                                  c:/stm32/gcc-arm-none-eabi/bin/../lib/gcc/arm-none-eabi/7.3.1/../../../../arm-none-eabi/lib/thumb/v7e-m/fpv5/hard\libc_nano.a(lib_a-init.o)
__init_array_start                                c:/stm32/gcc-arm-none-eabi/bin/../lib/gcc/arm-none-eabi/7.3.1/../../../../arm-none-eabi/lib/thumb/v7e-m/fpv5/hard\libc_nano.a(lib_a-init.o)
__libc_fini_array                                 c:/stm32/gcc-arm-none-eabi/bin/../lib/gcc/arm-none-eabi/7.3.1/../../../../arm-none-eabi/lib/thumb/v7e-m/fpv5/hard/crt0.o
__libc_init_array                                 c:/stm32/gcc-arm-none-eabi/bin/../lib/gcc/arm-none-eabi/7.3.1/../../../../arm-none-eabi/lib/thumb/v7e-m/fpv5/hard\libc_nano.a(lib_a-init.o)
                                                  build/startup_stm32f769xx.o
                                                  c:/stm32/gcc-arm-none-eabi/bin/../lib/gcc/arm-none-eabi/7.3.1/../../../../arm-none-eabi/lib/thumb/v7e-m/fpv5/hard/crt0.o
__malloc_free_list                                c:/stm32/gcc-arm-none-eabi/bin/../lib/gcc/arm-none-eabi/7.3.1/../../../../arm-none-eabi/lib/thumb/v7e-m/fpv5/hard\libg_nano.a(lib_a-nano-mallocr.o)
                                                  c:/stm32/gcc-arm-none-eabi/bin/../lib/gcc/arm-none-eabi/7.3.1/../../../../arm-none-eabi/lib/thumb/v7e-m/fpv5/hard\libg_nano.a(lib_a-nano-freer.o)
__malloc_lock                                     c:/stm32/gcc-arm-none-eabi/bin/../lib/gcc/arm-none-eabi/7.3.1/../../../../arm-none-eabi/lib/thumb/v7e-m/fpv5/hard\libg_nano.a(lib_a-mlock.o)
                                                  c:/stm32/gcc-arm-none-eabi/bin/../lib/gcc/arm-none-eabi/7.3.1/../../../../arm-none-eabi/lib/thumb/v7e-m/fpv5/hard\libg_nano.a(lib_a-nano-mallocr.o)
                                                  c:/stm32/gcc-arm-none-eabi/bin/../lib/gcc/arm-none-eabi/7.3.1/../../../../arm-none-eabi/lib/thumb/v7e-m/fpv5/hard\libg_nano.a(lib_a-nano-freer.o)
__malloc_sbrk_start                               c:/stm32/gcc-arm-none-eabi/bin/../lib/gcc/arm-none-eabi/7.3.1/../../../../arm-none-eabi/lib/thumb/v7e-m/fpv5/hard\libg_nano.a(lib_a-nano-mallocr.o)
__malloc_unlock                                   c:/stm32/gcc-arm-none-eabi/bin/../lib/gcc/arm-none-eabi/7.3.1/../../../../arm-none-eabi/lib/thumb/v7e-m/fpv5/hard\libg_nano.a(lib_a-mlock.o)
                                                  c:/stm32/gcc-arm-none-eabi/bin/../lib/gcc/arm-none-eabi/7.3.1/../../../../arm-none-eabi/lib/thumb/v7e-m/fpv5/hard\libg_nano.a(lib_a-nano-mallocr.o)
                                                  c:/stm32/gcc-arm-none-eabi/bin/../lib/gcc/arm-none-eabi/7.3.1/../../../../arm-none-eabi/lib/thumb/v7e-m/fpv5/hard\libg_nano.a(lib_a-nano-freer.o)
__preinit_array_end                               c:/stm32/gcc-arm-none-eabi/bin/../lib/gcc/arm-none-eabi/7.3.1/../../../../arm-none-eabi/lib/thumb/v7e-m/fpv5/hard\libc_nano.a(lib_a-init.o)
__preinit_array_start                             c:/stm32/gcc-arm-none-eabi/bin/../lib/gcc/arm-none-eabi/7.3.1/../../../../arm-none-eabi/lib/thumb/v7e-m/fpv5/hard\libc_nano.a(lib_a-init.o)
__register_frame_info                             c:/stm32/gcc-arm-none-eabi/bin/../lib/gcc/arm-none-eabi/7.3.1/thumb/v7e-m/fpv5/hard/crtbegin.o
__restore_core_regs                               c:/stm32/gcc-arm-none-eabi/bin/../lib/gcc/arm-none-eabi/7.3.1/thumb/v7e-m/fpv5/hard\libgcc.a(libunwind.o)
__sclose                                          c:/stm32/gcc-arm-none-eabi/bin/../lib/gcc/arm-none-eabi/7.3.1/../../../../arm-none-eabi/lib/thumb/v7e-m/fpv5/hard\libg_nano.a(lib_a-stdio.o)
                                                  c:/stm32/gcc-arm-none-eabi/bin/../lib/gcc/arm-none-eabi/7.3.1/../../../../arm-none-eabi/lib/thumb/v7e-m/fpv5/hard\libg_nano.a(lib_a-findfp.o)
__seofread                                        c:/stm32/gcc-arm-none-eabi/bin/../lib/gcc/arm-none-eabi/7.3.1/../../../../arm-none-eabi/lib/thumb/v7e-m/fpv5/hard\libg_nano.a(lib_a-stdio.o)
__sf_fake_stderr                                  c:/stm32/gcc-arm-none-eabi/bin/../lib/gcc/arm-none-eabi/7.3.1/../../../../arm-none-eabi/lib/thumb/v7e-m/fpv5/hard\libg_nano.a(lib_a-findfp.o)
                                                  c:/stm32/gcc-arm-none-eabi/bin/../lib/gcc/arm-none-eabi/7.3.1/../../../../arm-none-eabi/lib/thumb/v7e-m/fpv5/hard\libg_nano.a(lib_a-fflush.o)
                                                  c:/stm32/gcc-arm-none-eabi/bin/../lib/gcc/arm-none-eabi/7.3.1/../../../../arm-none-eabi/lib/thumb/v7e-m/fpv5/hard\libg_nano.a(lib_a-wsetup.o)
                                                  c:/stm32/gcc-arm-none-eabi/bin/../lib/gcc/arm-none-eabi/7.3.1/../../../../arm-none-eabi/lib/thumb/v7e-m/fpv5/hard\libg_nano.a(lib_a-wbuf.o)
                                                  c:/stm32/gcc-arm-none-eabi/bin/../lib/gcc/arm-none-eabi/7.3.1/../../../../arm-none-eabi/lib/thumb/v7e-m/fpv5/hard\libg_nano.a(lib_a-puts.o)
                                                  c:/stm32/gcc-arm-none-eabi/bin/../lib/gcc/arm-none-eabi/7.3.1/../../../../arm-none-eabi/lib/thumb/v7e-m/fpv5/hard\libc_nano.a(lib_a-impure.o)
__sf_fake_stdin                                   c:/stm32/gcc-arm-none-eabi/bin/../lib/gcc/arm-none-eabi/7.3.1/../../../../arm-none-eabi/lib/thumb/v7e-m/fpv5/hard\libg_nano.a(lib_a-findfp.o)
                                                  c:/stm32/gcc-arm-none-eabi/bin/../lib/gcc/arm-none-eabi/7.3.1/../../../../arm-none-eabi/lib/thumb/v7e-m/fpv5/hard\libg_nano.a(lib_a-fflush.o)
                                                  c:/stm32/gcc-arm-none-eabi/bin/../lib/gcc/arm-none-eabi/7.3.1/../../../../arm-none-eabi/lib/thumb/v7e-m/fpv5/hard\libg_nano.a(lib_a-wsetup.o)
                                                  c:/stm32/gcc-arm-none-eabi/bin/../lib/gcc/arm-none-eabi/7.3.1/../../../../arm-none-eabi/lib/thumb/v7e-m/fpv5/hard\libg_nano.a(lib_a-wbuf.o)
                                                  c:/stm32/gcc-arm-none-eabi/bin/../lib/gcc/arm-none-eabi/7.3.1/../../../../arm-none-eabi/lib/thumb/v7e-m/fpv5/hard\libg_nano.a(lib_a-puts.o)
                                                  c:/stm32/gcc-arm-none-eabi/bin/../lib/gcc/arm-none-eabi/7.3.1/../../../../arm-none-eabi/lib/thumb/v7e-m/fpv5/hard\libc_nano.a(lib_a-impure.o)
__sf_fake_stdout                                  c:/stm32/gcc-arm-none-eabi/bin/../lib/gcc/arm-none-eabi/7.3.1/../../../../arm-none-eabi/lib/thumb/v7e-m/fpv5/hard\libg_nano.a(lib_a-findfp.o)
                                                  c:/stm32/gcc-arm-none-eabi/bin/../lib/gcc/arm-none-eabi/7.3.1/../../../../arm-none-eabi/lib/thumb/v7e-m/fpv5/hard\libg_nano.a(lib_a-fflush.o)
                                                  c:/stm32/gcc-arm-none-eabi/bin/../lib/gcc/arm-none-eabi/7.3.1/../../../../arm-none-eabi/lib/thumb/v7e-m/fpv5/hard\libg_nano.a(lib_a-wsetup.o)
                                                  c:/stm32/gcc-arm-none-eabi/bin/../lib/gcc/arm-none-eabi/7.3.1/../../../../arm-none-eabi/lib/thumb/v7e-m/fpv5/hard\libg_nano.a(lib_a-wbuf.o)
                                                  c:/stm32/gcc-arm-none-eabi/bin/../lib/gcc/arm-none-eabi/7.3.1/../../../../arm-none-eabi/lib/thumb/v7e-m/fpv5/hard\libg_nano.a(lib_a-puts.o)
                                                  c:/stm32/gcc-arm-none-eabi/bin/../lib/gcc/arm-none-eabi/7.3.1/../../../../arm-none-eabi/lib/thumb/v7e-m/fpv5/hard\libc_nano.a(lib_a-impure.o)
__sflush_r                                        c:/stm32/gcc-arm-none-eabi/bin/../lib/gcc/arm-none-eabi/7.3.1/../../../../arm-none-eabi/lib/thumb/v7e-m/fpv5/hard\libg_nano.a(lib_a-fflush.o)
__sfmoreglue                                      c:/stm32/gcc-arm-none-eabi/bin/../lib/gcc/arm-none-eabi/7.3.1/../../../../arm-none-eabi/lib/thumb/v7e-m/fpv5/hard\libg_nano.a(lib_a-findfp.o)
__sfp                                             c:/stm32/gcc-arm-none-eabi/bin/../lib/gcc/arm-none-eabi/7.3.1/../../../../arm-none-eabi/lib/thumb/v7e-m/fpv5/hard\libg_nano.a(lib_a-findfp.o)
__sfp_lock_acquire                                c:/stm32/gcc-arm-none-eabi/bin/../lib/gcc/arm-none-eabi/7.3.1/../../../../arm-none-eabi/lib/thumb/v7e-m/fpv5/hard\libg_nano.a(lib_a-findfp.o)
__sfp_lock_release                                c:/stm32/gcc-arm-none-eabi/bin/../lib/gcc/arm-none-eabi/7.3.1/../../../../arm-none-eabi/lib/thumb/v7e-m/fpv5/hard\libg_nano.a(lib_a-findfp.o)
__sigtramp                                        c:/stm32/gcc-arm-none-eabi/bin/../lib/gcc/arm-none-eabi/7.3.1/../../../../arm-none-eabi/lib/thumb/v7e-m/fpv5/hard\libg_nano.a(lib_a-signal.o)
__sigtramp_r                                      c:/stm32/gcc-arm-none-eabi/bin/../lib/gcc/arm-none-eabi/7.3.1/../../../../arm-none-eabi/lib/thumb/v7e-m/fpv5/hard\libg_nano.a(lib_a-signal.o)
__sinit                                           c:/stm32/gcc-arm-none-eabi/bin/../lib/gcc/arm-none-eabi/7.3.1/../../../../arm-none-eabi/lib/thumb/v7e-m/fpv5/hard\libg_nano.a(lib_a-findfp.o)
                                                  c:/stm32/gcc-arm-none-eabi/bin/../lib/gcc/arm-none-eabi/7.3.1/../../../../arm-none-eabi/lib/thumb/v7e-m/fpv5/hard\libg_nano.a(lib_a-fflush.o)
                                                  c:/stm32/gcc-arm-none-eabi/bin/../lib/gcc/arm-none-eabi/7.3.1/../../../../arm-none-eabi/lib/thumb/v7e-m/fpv5/hard\libg_nano.a(lib_a-wsetup.o)
                                                  c:/stm32/gcc-arm-none-eabi/bin/../lib/gcc/arm-none-eabi/7.3.1/../../../../arm-none-eabi/lib/thumb/v7e-m/fpv5/hard\libg_nano.a(lib_a-wbuf.o)
                                                  c:/stm32/gcc-arm-none-eabi/bin/../lib/gcc/arm-none-eabi/7.3.1/../../../../arm-none-eabi/lib/thumb/v7e-m/fpv5/hard\libg_nano.a(lib_a-puts.o)
__sinit_lock_acquire                              c:/stm32/gcc-arm-none-eabi/bin/../lib/gcc/arm-none-eabi/7.3.1/../../../../arm-none-eabi/lib/thumb/v7e-m/fpv5/hard\libg_nano.a(lib_a-findfp.o)
__sinit_lock_release                              c:/stm32/gcc-arm-none-eabi/bin/../lib/gcc/arm-none-eabi/7.3.1/../../../../arm-none-eabi/lib/thumb/v7e-m/fpv5/hard\libg_nano.a(lib_a-findfp.o)
__smakebuf_r                                      c:/stm32/gcc-arm-none-eabi/bin/../lib/gcc/arm-none-eabi/7.3.1/../../../../arm-none-eabi/lib/thumb/v7e-m/fpv5/hard\libg_nano.a(lib_a-makebuf.o)
                                                  c:/stm32/gcc-arm-none-eabi/bin/../lib/gcc/arm-none-eabi/7.3.1/../../../../arm-none-eabi/lib/thumb/v7e-m/fpv5/hard\libg_nano.a(lib_a-wsetup.o)
__sread                                           c:/stm32/gcc-arm-none-eabi/bin/../lib/gcc/arm-none-eabi/7.3.1/../../../../arm-none-eabi/lib/thumb/v7e-m/fpv5/hard\libg_nano.a(lib_a-stdio.o)
                                                  c:/stm32/gcc-arm-none-eabi/bin/../lib/gcc/arm-none-eabi/7.3.1/../../../../arm-none-eabi/lib/thumb/v7e-m/fpv5/hard\libg_nano.a(lib_a-findfp.o)
__sseek                                           c:/stm32/gcc-arm-none-eabi/bin/../lib/gcc/arm-none-eabi/7.3.1/../../../../arm-none-eabi/lib/thumb/v7e-m/fpv5/hard\libg_nano.a(lib_a-stdio.o)
                                                  c:/stm32/gcc-arm-none-eabi/bin/../lib/gcc/arm-none-eabi/7.3.1/../../../../arm-none-eabi/lib/thumb/v7e-m/fpv5/hard\libg_nano.a(lib_a-findfp.o)
__stack                                           c:/stm32/gcc-arm-none-eabi/bin/../lib/gcc/arm-none-eabi/7.3.1/../../../../arm-none-eabi/lib/thumb/v7e-m/fpv5/hard/crt0.o
__swbuf                                           c:/stm32/gcc-arm-none-eabi/bin/../lib/gcc/arm-none-eabi/7.3.1/../../../../arm-none-eabi/lib/thumb/v7e-m/fpv5/hard\libg_nano.a(lib_a-wbuf.o)
__swbuf_r                                         c:/stm32/gcc-arm-none-eabi/bin/../lib/gcc/arm-none-eabi/7.3.1/../../../../arm-none-eabi/lib/thumb/v7e-m/fpv5/hard\libg_nano.a(lib_a-wbuf.o)
                                                  c:/stm32/gcc-arm-none-eabi/bin/../lib/gcc/arm-none-eabi/7.3.1/../../../../arm-none-eabi/lib/thumb/v7e-m/fpv5/hard\libg_nano.a(lib_a-puts.o)
__swhatbuf_r                                      c:/stm32/gcc-arm-none-eabi/bin/../lib/gcc/arm-none-eabi/7.3.1/../../../../arm-none-eabi/lib/thumb/v7e-m/fpv5/hard\libg_nano.a(lib_a-makebuf.o)
__swrite                                          c:/stm32/gcc-arm-none-eabi/bin/../lib/gcc/arm-none-eabi/7.3.1/../../../../arm-none-eabi/lib/thumb/v7e-m/fpv5/hard\libg_nano.a(lib_a-stdio.o)
                                                  c:/stm32/gcc-arm-none-eabi/bin/../lib/gcc/arm-none-eabi/7.3.1/../../../../arm-none-eabi/lib/thumb/v7e-m/fpv5/hard\libg_nano.a(lib_a-findfp.o)
__swsetup_r                                       c:/stm32/gcc-arm-none-eabi/bin/../lib/gcc/arm-none-eabi/7.3.1/../../../../arm-none-eabi/lib/thumb/v7e-m/fpv5/hard\libg_nano.a(lib_a-wsetup.o)
                                                  c:/stm32/gcc-arm-none-eabi/bin/../lib/gcc/arm-none-eabi/7.3.1/../../../../arm-none-eabi/lib/thumb/v7e-m/fpv5/hard\libg_nano.a(lib_a-wbuf.o)
                                                  c:/stm32/gcc-arm-none-eabi/bin/../lib/gcc/arm-none-eabi/7.3.1/../../../../arm-none-eabi/lib/thumb/v7e-m/fpv5/hard\libg_nano.a(lib_a-puts.o)
_cleanup                                          c:/stm32/gcc-arm-none-eabi/bin/../lib/gcc/arm-none-eabi/7.3.1/../../../../arm-none-eabi/lib/thumb/v7e-m/fpv5/hard\libg_nano.a(lib_a-findfp.o)
_cleanup_r                                        c:/stm32/gcc-arm-none-eabi/bin/../lib/gcc/arm-none-eabi/7.3.1/../../../../arm-none-eabi/lib/thumb/v7e-m/fpv5/hard\libg_nano.a(lib_a-findfp.o)
                                                  c:/stm32/gcc-arm-none-eabi/bin/../lib/gcc/arm-none-eabi/7.3.1/../../../../arm-none-eabi/lib/thumb/v7e-m/fpv5/hard\libg_nano.a(lib_a-makebuf.o)
_close                                            c:/stm32/gcc-arm-none-eabi/bin/../lib/gcc/arm-none-eabi/7.3.1/../../../../arm-none-eabi/lib/thumb/v7e-m/fpv5/hard\libnosys.a(close.o)
                                                  c:/stm32/gcc-arm-none-eabi/bin/../lib/gcc/arm-none-eabi/7.3.1/../../../../arm-none-eabi/lib/thumb/v7e-m/fpv5/hard\libg_nano.a(lib_a-closer.o)
_close_r                                          c:/stm32/gcc-arm-none-eabi/bin/../lib/gcc/arm-none-eabi/7.3.1/../../../../arm-none-eabi/lib/thumb/v7e-m/fpv5/hard\libg_nano.a(lib_a-closer.o)
                                                  c:/stm32/gcc-arm-none-eabi/bin/../lib/gcc/arm-none-eabi/7.3.1/../../../../arm-none-eabi/lib/thumb/v7e-m/fpv5/hard\libg_nano.a(lib_a-stdio.o)
_ebss                                             build/startup_stm32f769xx.o
_edata                                            build/startup_stm32f769xx.o
_estack                                           build/startup_stm32f769xx.o
_exit                                             c:/stm32/gcc-arm-none-eabi/bin/../lib/gcc/arm-none-eabi/7.3.1/../../../../arm-none-eabi/lib/thumb/v7e-m/fpv5/hard\libnosys.a(_exit.o)
                                                  c:/stm32/gcc-arm-none-eabi/bin/../lib/gcc/arm-none-eabi/7.3.1/../../../../arm-none-eabi/lib/thumb/v7e-m/fpv5/hard\libg_nano.a(lib_a-abort.o)
                                                  c:/stm32/gcc-arm-none-eabi/bin/../lib/gcc/arm-none-eabi/7.3.1/../../../../arm-none-eabi/lib/thumb/v7e-m/fpv5/hard\libc_nano.a(lib_a-exit.o)
_fflush_r                                         c:/stm32/gcc-arm-none-eabi/bin/../lib/gcc/arm-none-eabi/7.3.1/../../../../arm-none-eabi/lib/thumb/v7e-m/fpv5/hard\libg_nano.a(lib_a-fflush.o)
                                                  c:/stm32/gcc-arm-none-eabi/bin/../lib/gcc/arm-none-eabi/7.3.1/../../../../arm-none-eabi/lib/thumb/v7e-m/fpv5/hard\libg_nano.a(lib_a-findfp.o)
                                                  c:/stm32/gcc-arm-none-eabi/bin/../lib/gcc/arm-none-eabi/7.3.1/../../../../arm-none-eabi/lib/thumb/v7e-m/fpv5/hard\libg_nano.a(lib_a-wbuf.o)
_fini                                             c:/stm32/gcc-arm-none-eabi/bin/../lib/gcc/arm-none-eabi/7.3.1/thumb/v7e-m/fpv5/hard/crti.o
_free_r                                           c:/stm32/gcc-arm-none-eabi/bin/../lib/gcc/arm-none-eabi/7.3.1/../../../../arm-none-eabi/lib/thumb/v7e-m/fpv5/hard\libg_nano.a(lib_a-nano-freer.o)
                                                  c:/stm32/gcc-arm-none-eabi/bin/../lib/gcc/arm-none-eabi/7.3.1/../../../../arm-none-eabi/lib/thumb/v7e-m/fpv5/hard\libg_nano.a(lib_a-reent.o)
                                                  c:/stm32/gcc-arm-none-eabi/bin/../lib/gcc/arm-none-eabi/7.3.1/../../../../arm-none-eabi/lib/thumb/v7e-m/fpv5/hard\libg_nano.a(lib_a-fflush.o)
                                                  c:/stm32/gcc-arm-none-eabi/bin/../lib/gcc/arm-none-eabi/7.3.1/../../../../arm-none-eabi/lib/thumb/v7e-m/fpv5/hard\libg_nano.a(lib_a-wsetup.o)
_fstat                                            c:/stm32/gcc-arm-none-eabi/bin/../lib/gcc/arm-none-eabi/7.3.1/../../../../arm-none-eabi/lib/thumb/v7e-m/fpv5/hard\libnosys.a(fstat.o)
                                                  c:/stm32/gcc-arm-none-eabi/bin/../lib/gcc/arm-none-eabi/7.3.1/../../../../arm-none-eabi/lib/thumb/v7e-m/fpv5/hard\libg_nano.a(lib_a-fstatr.o)
_fstat_r                                          c:/stm32/gcc-arm-none-eabi/bin/../lib/gcc/arm-none-eabi/7.3.1/../../../../arm-none-eabi/lib/thumb/v7e-m/fpv5/hard\libg_nano.a(lib_a-fstatr.o)
                                                  c:/stm32/gcc-arm-none-eabi/bin/../lib/gcc/arm-none-eabi/7.3.1/../../../../arm-none-eabi/lib/thumb/v7e-m/fpv5/hard\libg_nano.a(lib_a-makebuf.o)
_fwalk                                            c:/stm32/gcc-arm-none-eabi/bin/../lib/gcc/arm-none-eabi/7.3.1/../../../../arm-none-eabi/lib/thumb/v7e-m/fpv5/hard\libg_nano.a(lib_a-fwalk.o)
                                                  c:/stm32/gcc-arm-none-eabi/bin/../lib/gcc/arm-none-eabi/7.3.1/../../../../arm-none-eabi/lib/thumb/v7e-m/fpv5/hard\libg_nano.a(lib_a-findfp.o)
_fwalk_reent                                      c:/stm32/gcc-arm-none-eabi/bin/../lib/gcc/arm-none-eabi/7.3.1/../../../../arm-none-eabi/lib/thumb/v7e-m/fpv5/hard\libg_nano.a(lib_a-fwalk.o)
                                                  c:/stm32/gcc-arm-none-eabi/bin/../lib/gcc/arm-none-eabi/7.3.1/../../../../arm-none-eabi/lib/thumb/v7e-m/fpv5/hard\libg_nano.a(lib_a-findfp.o)
                                                  c:/stm32/gcc-arm-none-eabi/bin/../lib/gcc/arm-none-eabi/7.3.1/../../../../arm-none-eabi/lib/thumb/v7e-m/fpv5/hard\libg_nano.a(lib_a-fflush.o)
_getpid                                           c:/stm32/gcc-arm-none-eabi/bin/../lib/gcc/arm-none-eabi/7.3.1/../../../../arm-none-eabi/lib/thumb/v7e-m/fpv5/hard\libnosys.a(getpid.o)
                                                  c:/stm32/gcc-arm-none-eabi/bin/../lib/gcc/arm-none-eabi/7.3.1/../../../../arm-none-eabi/lib/thumb/v7e-m/fpv5/hard\libg_nano.a(lib_a-signalr.o)
_getpid_r                                         c:/stm32/gcc-arm-none-eabi/bin/../lib/gcc/arm-none-eabi/7.3.1/../../../../arm-none-eabi/lib/thumb/v7e-m/fpv5/hard\libg_nano.a(lib_a-signalr.o)
                                                  c:/stm32/gcc-arm-none-eabi/bin/../lib/gcc/arm-none-eabi/7.3.1/../../../../arm-none-eabi/lib/thumb/v7e-m/fpv5/hard\libg_nano.a(lib_a-signal.o)
_global_impure_ptr                                c:/stm32/gcc-arm-none-eabi/bin/../lib/gcc/arm-none-eabi/7.3.1/../../../../arm-none-eabi/lib/thumb/v7e-m/fpv5/hard\libc_nano.a(lib_a-impure.o)
                                                  c:/stm32/gcc-arm-none-eabi/bin/../lib/gcc/arm-none-eabi/7.3.1/../../../../arm-none-eabi/lib/thumb/v7e-m/fpv5/hard\libg_nano.a(lib_a-findfp.o)
                                                  c:/stm32/gcc-arm-none-eabi/bin/../lib/gcc/arm-none-eabi/7.3.1/../../../../arm-none-eabi/lib/thumb/v7e-m/fpv5/hard\libg_nano.a(lib_a-fflush.o)
                                                  c:/stm32/gcc-arm-none-eabi/bin/../lib/gcc/arm-none-eabi/7.3.1/../../../../arm-none-eabi/lib/thumb/v7e-m/fpv5/hard\libc_nano.a(lib_a-exit.o)
_impure_ptr                                       c:/stm32/gcc-arm-none-eabi/bin/../lib/gcc/arm-none-eabi/7.3.1/../../../../arm-none-eabi/lib/thumb/v7e-m/fpv5/hard\libc_nano.a(lib_a-impure.o)
                                                  c:/stm32/gcc-arm-none-eabi/bin/../lib/gcc/arm-none-eabi/7.3.1/../../../../arm-none-eabi/lib/thumb/v7e-m/fpv5/hard\libg_nano.a(lib_a-reent.o)
                                                  c:/stm32/gcc-arm-none-eabi/bin/../lib/gcc/arm-none-eabi/7.3.1/../../../../arm-none-eabi/lib/thumb/v7e-m/fpv5/hard\libg_nano.a(lib_a-findfp.o)
                                                  c:/stm32/gcc-arm-none-eabi/bin/../lib/gcc/arm-none-eabi/7.3.1/../../../../arm-none-eabi/lib/thumb/v7e-m/fpv5/hard\libg_nano.a(lib_a-fflush.o)
                                                  c:/stm32/gcc-arm-none-eabi/bin/../lib/gcc/arm-none-eabi/7.3.1/../../../../arm-none-eabi/lib/thumb/v7e-m/fpv5/hard\libg_nano.a(lib_a-wsetup.o)
                                                  c:/stm32/gcc-arm-none-eabi/bin/../lib/gcc/arm-none-eabi/7.3.1/../../../../arm-none-eabi/lib/thumb/v7e-m/fpv5/hard\libg_nano.a(lib_a-wbuf.o)
                                                  c:/stm32/gcc-arm-none-eabi/bin/../lib/gcc/arm-none-eabi/7.3.1/../../../../arm-none-eabi/lib/thumb/v7e-m/fpv5/hard\libg_nano.a(lib_a-signal.o)
                                                  c:/stm32/gcc-arm-none-eabi/bin/../lib/gcc/arm-none-eabi/7.3.1/../../../../arm-none-eabi/lib/thumb/v7e-m/fpv5/hard\libg_nano.a(lib_a-puts.o)
_init                                             c:/stm32/gcc-arm-none-eabi/bin/../lib/gcc/arm-none-eabi/7.3.1/thumb/v7e-m/fpv5/hard/crti.o
                                                  c:/stm32/gcc-arm-none-eabi/bin/../lib/gcc/arm-none-eabi/7.3.1/../../../../arm-none-eabi/lib/thumb/v7e-m/fpv5/hard\libc_nano.a(lib_a-init.o)
_init_signal                                      c:/stm32/gcc-arm-none-eabi/bin/../lib/gcc/arm-none-eabi/7.3.1/../../../../arm-none-eabi/lib/thumb/v7e-m/fpv5/hard\libg_nano.a(lib_a-signal.o)
_init_signal_r                                    c:/stm32/gcc-arm-none-eabi/bin/../lib/gcc/arm-none-eabi/7.3.1/../../../../arm-none-eabi/lib/thumb/v7e-m/fpv5/hard\libg_nano.a(lib_a-signal.o)
_isatty                                           c:/stm32/gcc-arm-none-eabi/bin/../lib/gcc/arm-none-eabi/7.3.1/../../../../arm-none-eabi/lib/thumb/v7e-m/fpv5/hard\libnosys.a(isatty.o)
                                                  c:/stm32/gcc-arm-none-eabi/bin/../lib/gcc/arm-none-eabi/7.3.1/../../../../arm-none-eabi/lib/thumb/v7e-m/fpv5/hard\libg_nano.a(lib_a-isattyr.o)
_isatty_r                                         c:/stm32/gcc-arm-none-eabi/bin/../lib/gcc/arm-none-eabi/7.3.1/../../../../arm-none-eabi/lib/thumb/v7e-m/fpv5/hard\libg_nano.a(lib_a-isattyr.o)
                                                  c:/stm32/gcc-arm-none-eabi/bin/../lib/gcc/arm-none-eabi/7.3.1/../../../../arm-none-eabi/lib/thumb/v7e-m/fpv5/hard\libg_nano.a(lib_a-makebuf.o)
_kill                                             c:/stm32/gcc-arm-none-eabi/bin/../lib/gcc/arm-none-eabi/7.3.1/../../../../arm-none-eabi/lib/thumb/v7e-m/fpv5/hard\libnosys.a(kill.o)
                                                  c:/stm32/gcc-arm-none-eabi/bin/../lib/gcc/arm-none-eabi/7.3.1/../../../../arm-none-eabi/lib/thumb/v7e-m/fpv5/hard\libg_nano.a(lib_a-signalr.o)
_kill_r                                           c:/stm32/gcc-arm-none-eabi/bin/../lib/gcc/arm-none-eabi/7.3.1/../../../../arm-none-eabi/lib/thumb/v7e-m/fpv5/hard\libg_nano.a(lib_a-signalr.o)
                                                  c:/stm32/gcc-arm-none-eabi/bin/../lib/gcc/arm-none-eabi/7.3.1/../../../../arm-none-eabi/lib/thumb/v7e-m/fpv5/hard\libg_nano.a(lib_a-signal.o)